Archive member included to satisfy reference by file (symbol)

c:/program files (x86)/atmel/studio/7.0/toolchain/arm/arm-gnu-toolchain/bin/../lib/gcc/arm-none-eabi/6.3.1/thumb/v7-m\libgcc.a(_arm_addsubdf3.o)
                              src/pulse.o (__aeabi_dsub)
c:/program files (x86)/atmel/studio/7.0/toolchain/arm/arm-gnu-toolchain/bin/../lib/gcc/arm-none-eabi/6.3.1/thumb/v7-m\libgcc.a(_arm_muldivdf3.o)
                              src/pulse.o (__aeabi_dmul)
c:/program files (x86)/atmel/studio/7.0/toolchain/arm/arm-gnu-toolchain/bin/../lib/gcc/arm-none-eabi/6.3.1/thumb/v7-m\libgcc.a(_arm_fixunsdfsi.o)
                              src/pulse.o (__aeabi_d2uiz)
c:/program files (x86)/atmel/studio/7.0/toolchain/arm/arm-gnu-toolchain/bin/../lib/gcc/arm-none-eabi/6.3.1/../../../../arm-none-eabi/lib/thumb/v7-m\libc.a(lib_a-exit.o)
                              c:/program files (x86)/atmel/studio/7.0/toolchain/arm/arm-gnu-toolchain/bin/../lib/gcc/arm-none-eabi/6.3.1/../../../../arm-none-eabi/lib/thumb/v7-m/crt0.o (exit)
c:/program files (x86)/atmel/studio/7.0/toolchain/arm/arm-gnu-toolchain/bin/../lib/gcc/arm-none-eabi/6.3.1/../../../../arm-none-eabi/lib/thumb/v7-m\libc.a(lib_a-impure.o)
                              c:/program files (x86)/atmel/studio/7.0/toolchain/arm/arm-gnu-toolchain/bin/../lib/gcc/arm-none-eabi/6.3.1/../../../../arm-none-eabi/lib/thumb/v7-m\libc.a(lib_a-exit.o) (_global_impure_ptr)
c:/program files (x86)/atmel/studio/7.0/toolchain/arm/arm-gnu-toolchain/bin/../lib/gcc/arm-none-eabi/6.3.1/../../../../arm-none-eabi/lib/thumb/v7-m\libc.a(lib_a-init.o)
                              c:/program files (x86)/atmel/studio/7.0/toolchain/arm/arm-gnu-toolchain/bin/../lib/gcc/arm-none-eabi/6.3.1/../../../../arm-none-eabi/lib/thumb/v7-m/crt0.o (__libc_init_array)
c:/program files (x86)/atmel/studio/7.0/toolchain/arm/arm-gnu-toolchain/bin/../lib/gcc/arm-none-eabi/6.3.1/../../../../arm-none-eabi/lib/thumb/v7-m\libc.a(lib_a-iprintf.o)
                              src/main.o (iprintf)
c:/program files (x86)/atmel/studio/7.0/toolchain/arm/arm-gnu-toolchain/bin/../lib/gcc/arm-none-eabi/6.3.1/../../../../arm-none-eabi/lib/thumb/v7-m\libc.a(lib_a-memset.o)
                              c:/program files (x86)/atmel/studio/7.0/toolchain/arm/arm-gnu-toolchain/bin/../lib/gcc/arm-none-eabi/6.3.1/../../../../arm-none-eabi/lib/thumb/v7-m/crt0.o (memset)
c:/program files (x86)/atmel/studio/7.0/toolchain/arm/arm-gnu-toolchain/bin/../lib/gcc/arm-none-eabi/6.3.1/../../../../arm-none-eabi/lib/thumb/v7-m\libc.a(lib_a-setbuf.o)
                              src/ASF/thirdparty/wireless/addons/sio2host/uart/sio2host.o (setbuf)
c:/program files (x86)/atmel/studio/7.0/toolchain/arm/arm-gnu-toolchain/bin/../lib/gcc/arm-none-eabi/6.3.1/../../../../arm-none-eabi/lib/thumb/v7-m\libc.a(lib_a-setvbuf.o)
                              c:/program files (x86)/atmel/studio/7.0/toolchain/arm/arm-gnu-toolchain/bin/../lib/gcc/arm-none-eabi/6.3.1/../../../../arm-none-eabi/lib/thumb/v7-m\libc.a(lib_a-setbuf.o) (setvbuf)
c:/program files (x86)/atmel/studio/7.0/toolchain/arm/arm-gnu-toolchain/bin/../lib/gcc/arm-none-eabi/6.3.1/../../../../arm-none-eabi/lib/thumb/v7-m\libc.a(lib_a-vfiprintf.o)
                              c:/program files (x86)/atmel/studio/7.0/toolchain/arm/arm-gnu-toolchain/bin/../lib/gcc/arm-none-eabi/6.3.1/../../../../arm-none-eabi/lib/thumb/v7-m\libc.a(lib_a-iprintf.o) (_vfiprintf_r)
c:/program files (x86)/atmel/studio/7.0/toolchain/arm/arm-gnu-toolchain/bin/../lib/gcc/arm-none-eabi/6.3.1/../../../../arm-none-eabi/lib/thumb/v7-m\libc.a(lib_a-wsetup.o)
                              c:/program files (x86)/atmel/studio/7.0/toolchain/arm/arm-gnu-toolchain/bin/../lib/gcc/arm-none-eabi/6.3.1/../../../../arm-none-eabi/lib/thumb/v7-m\libc.a(lib_a-vfiprintf.o) (__swsetup_r)
c:/program files (x86)/atmel/studio/7.0/toolchain/arm/arm-gnu-toolchain/bin/../lib/gcc/arm-none-eabi/6.3.1/../../../../arm-none-eabi/lib/thumb/v7-m\libc.a(lib_a-__call_atexit.o)
                              c:/program files (x86)/atmel/studio/7.0/toolchain/arm/arm-gnu-toolchain/bin/../lib/gcc/arm-none-eabi/6.3.1/../../../../arm-none-eabi/lib/thumb/v7-m\libc.a(lib_a-exit.o) (__call_exitprocs)
c:/program files (x86)/atmel/studio/7.0/toolchain/arm/arm-gnu-toolchain/bin/../lib/gcc/arm-none-eabi/6.3.1/../../../../arm-none-eabi/lib/thumb/v7-m\libc.a(lib_a-atexit.o)
                              c:/program files (x86)/atmel/studio/7.0/toolchain/arm/arm-gnu-toolchain/bin/../lib/gcc/arm-none-eabi/6.3.1/../../../../arm-none-eabi/lib/thumb/v7-m\libc.a(lib_a-__call_atexit.o) (atexit)
c:/program files (x86)/atmel/studio/7.0/toolchain/arm/arm-gnu-toolchain/bin/../lib/gcc/arm-none-eabi/6.3.1/../../../../arm-none-eabi/lib/thumb/v7-m\libc.a(lib_a-fflush.o)
                              c:/program files (x86)/atmel/studio/7.0/toolchain/arm/arm-gnu-toolchain/bin/../lib/gcc/arm-none-eabi/6.3.1/../../../../arm-none-eabi/lib/thumb/v7-m\libc.a(lib_a-setvbuf.o) (_fflush_r)
[...]
Memory Configuration

Name             Origin             Length             Attributes
rom              0x00080000         0x00080000         xr
sram0            0x20000000         0x00010000         xrw
sram1            0x20080000         0x00008000         xrw
ram              0x20070000         0x00018000         xrw
*default*        0x00000000         0xffffffff

Linker script and memory map

LOAD c:/program files (x86)/atmel/studio/7.0/toolchain/arm/arm-gnu-toolchain/bin/../lib/gcc/arm-none-eabi/6.3.1/thumb/v7-m/crti.o
LOAD c:/program files (x86)/atmel/studio/7.0/toolchain/arm/arm-gnu-toolchain/bin/../lib/gcc/arm-none-eabi/6.3.1/thumb/v7-m/crtbegin.o
LOAD c:/program files (x86)/atmel/studio/7.0/toolchain/arm/arm-gnu-toolchain/bin/../lib/gcc/arm-none-eabi/6.3.1/../../../../arm-none-eabi/lib/thumb/v7-m/crt0.o
LOAD src/ASF/common/services/delay/sam/cycle_counter.o
LOAD src/ASF/sam/drivers/tc/tc.o
LOAD src/driving.o
LOAD src/pulse.o
LOAD src/ASF/common/services/serial/usart_serial.o
LOAD src/ASF/common/utils/stdio/read.o
LOAD src/ASF/common/utils/stdio/write.o
LOAD src/ASF/sam/drivers/pwm/pwm.o
LOAD src/ASF/sam/drivers/uart/uart.o
LOAD src/ASF/sam/drivers/usart/usart.o
LOAD src/ASF/thirdparty/wireless/addons/sio2host/uart/sio2host.o
LOAD src/ASF/common/services/clock/sam3x/sysclk.o
LOAD src/ASF/common/utils/interrupt/interrupt_sam_nvic.o
LOAD src/ASF/sam/boards/arduino_due_x/init.o
LOAD src/ASF/sam/drivers/pio/pio.o
LOAD src/ASF/sam/drivers/pio/pio_handler.o
LOAD src/ASF/sam/drivers/pmc/pmc.o
LOAD src/ASF/sam/drivers/pmc/sleep.o
LOAD src/ASF/sam/utils/cmsis/sam3x/source/templates/exceptions.o
LOAD src/ASF/sam/utils/cmsis/sam3x/source/templates/gcc/startup_sam3x.o
LOAD src/ASF/sam/utils/cmsis/sam3x/source/templates/system_sam3x.o
LOAD src/ASF/sam/utils/syscalls/gcc/syscalls.o
LOAD src/main.o
START GROUP
LOAD ../src/ASF/thirdparty/CMSIS/Lib/GCC\libarm_cortexM3l_math.a
LOAD c:/program files (x86)/atmel/studio/7.0/toolchain/arm/arm-gnu-toolchain/bin/../lib/gcc/arm-none-eabi/6.3.1/../../../../arm-none-eabi/lib/thumb/v7-m\libm.a
END GROUP
START GROUP
LOAD c:/program files (x86)/atmel/studio/7.0/toolchain/arm/arm-gnu-toolchain/bin/../lib/gcc/arm-none-eabi/6.3.1/thumb/v7-m\libgcc.a
LOAD c:/program files (x86)/atmel/studio/7.0/toolchain/arm/arm-gnu-toolchain/bin/../lib/gcc/arm-none-eabi/6.3.1/../../../../arm-none-eabi/lib/thumb/v7-m\libc.a
END GROUP
LOAD c:/program files (x86)/atmel/studio/7.0/toolchain/arm/arm-gnu-toolchain/bin/../lib/gcc/arm-none-eabi/6.3.1/thumb/v7-m/crtend.o
LOAD c:/program files (x86)/atmel/studio/7.0/toolchain/arm/arm-gnu-toolchain/bin/../lib/gcc/arm-none-eabi/6.3.1/thumb/v7-m/crtn.o
                0x00002000                __stack_size__ = DEFINED (__stack_size__)?__stack_size__:0x2000
                0x20087ffc                __ram_end__ = ((ORIGIN (ram) + LENGTH (ram)) - 0x4)

.text           0x00080000     0x4694
                0x00080000                . = ALIGN (0x4)
                0x00080000                _sfixed = .
 *(.vectors .vectors.*)
 .vectors       0x00080000       0xf4 src/ASF/sam/utils/cmsis/sam3x/source/templates/gcc/startup_sam3x.o
                0x00080000                exception_table
 *(.text .text.* .gnu.linkonce.t.*)
 .text          0x000800f4       0x6c c:/program files (x86)/atmel/studio/7.0/toolchain/arm/arm-gnu-toolchain/bin/../lib/gcc/arm-none-eabi/6.3.1/thumb/v7-m/crtbegin.o
 .text.tc_init  0x00080160       0x18 src/ASF/sam/drivers/tc/tc.o
                0x00080160                tc_init
 .text.tc_start
                0x00080178        0x8 src/ASF/sam/drivers/tc/tc.o
                0x00080178                tc_start
 .text.tc_read_ra
                0x00080180        0x8 src/ASF/sam/drivers/tc/tc.o
                0x00080180                tc_read_ra
 .text.tc_read_rc
                0x00080188        0x8 src/ASF/sam/drivers/tc/tc.o
                0x00080188                tc_read_rc
 .text.tc_write_ra
                0x00080190        0x8 src/ASF/sam/drivers/tc/tc.o
                0x00080190                tc_write_ra
 .text.tc_write_rc
                0x00080198        0x8 src/ASF/sam/drivers/tc/tc.o
                0x00080198                tc_write_rc
 .text.pulse_set_duty_cycle
                0x000801a0       0xa0 src/pulse.o
                0x000801a0                pulse_set_duty_cycle
 .text.pulse_start
                0x00080240       0xcc src/pulse.o
                0x00080240                pulse_start
 .text.usart_serial_read_packet
                0x0008030c       0xc8 src/ASF/common/services/serial/usart_serial.o
                0x0008030c                usart_serial_read_packet
 .text._read    0x000803d4       0x3c src/ASF/common/utils/stdio/read.o
                0x000803d4                _read
 .text._write   0x00080410       0x50 src/ASF/common/utils/stdio/write.o
                0x00080410                _write
 .text.uart_init
                0x00080460       0x36 src/ASF/sam/drivers/uart/uart.o
                0x00080460                uart_init
 .text.uart_write
                0x00080496       0x10 src/ASF/sam/drivers/uart/uart.o
                0x00080496                uart_write
 .text.uart_read
                0x000804a6       0x12 src/ASF/sam/drivers/uart/uart.o
                0x000804a6                uart_read
 .text.usart_write
                0x000804b8       0x14 src/ASF/sam/drivers/usart/usart.o
                0x000804b8                usart_write
 .text.usart_read
                0x000804cc       0x18 src/ASF/sam/drivers/usart/usart.o
                0x000804cc                usart_read
 .text.USART0_Handler
                0x000804e4       0x60 src/ASF/thirdparty/wireless/addons/sio2host/uart/sio2host.o
                0x000804e4                USART0_Handler
 .text.sysclk_init
                0x00080544       0x64 src/ASF/common/services/clock/sam3x/sysclk.o
                0x00080544                sysclk_init
 .text.board_init
                0x000805a8       0x80 src/ASF/sam/boards/arduino_due_x/init.o
                0x000805a8                board_init
 .text.pio_set_peripheral
                0x00080628       0x3e src/ASF/sam/drivers/pio/pio.o
                0x00080628                pio_set_peripheral
 .text.pio_set_input
                0x00080666       0x32 src/ASF/sam/drivers/pio/pio.o
                0x00080666                pio_set_input
 .text.pio_set_output
                0x00080698       0x26 src/ASF/sam/drivers/pio/pio.o
                0x00080698                pio_set_output
 .text.pio_get_interrupt_status
                0x000806be        0x4 src/ASF/sam/drivers/pio/pio.o
                0x000806be                pio_get_interrupt_status
 .text.pio_get_interrupt_mask
                0x000806c2        0x4 src/ASF/sam/drivers/pio/pio.o
                0x000806c2                pio_get_interrupt_mask
 *fill*         0x000806c6        0x2 
 .text.pio_configure_pin
                0x000806c8       0xd0 src/ASF/sam/drivers/pio/pio.o
                0x000806c8                pio_configure_pin
 .text.pio_configure_pin_group
                0x00080798       0x9c src/ASF/sam/drivers/pio/pio.o
                0x00080798                pio_configure_pin_group
 .text.pio_handler_process
                0x00080834       0x50 src/ASF/sam/drivers/pio/pio_handler.o
                0x00080834                pio_handler_process
 .text.PIOA_Handler
                0x00080884       0x14 src/ASF/sam/drivers/pio/pio_handler.o
                0x00080884                PIOA_Handler
 .text.PIOB_Handler
                0x00080898       0x14 src/ASF/sam/drivers/pio/pio_handler.o
                0x00080898                PIOB_Handler
 .text.PIOC_Handler
                0x000808ac       0x14 src/ASF/sam/drivers/pio/pio_handler.o
                0x000808ac                PIOC_Handler
 .text.PIOD_Handler
                0x000808c0       0x14 src/ASF/sam/drivers/pio/pio_handler.o
                0x000808c0                PIOD_Handler
 .text.pmc_switch_mck_to_pllack
                0x000808d4       0x64 src/ASF/sam/drivers/pmc/pmc.o
                0x000808d4                pmc_switch_mck_to_pllack
 .text.pmc_switch_mainck_to_xtal
                0x00080938       0x54 src/ASF/sam/drivers/pmc/pmc.o
                0x00080938                pmc_switch_mainck_to_xtal
 .text.pmc_osc_is_ready_mainck
                0x0008098c       0x10 src/ASF/sam/drivers/pmc/pmc.o
                0x0008098c                pmc_osc_is_ready_mainck
 .text.pmc_disable_pllack
                0x0008099c       0x10 src/ASF/sam/drivers/pmc/pmc.o
                0x0008099c                pmc_disable_pllack
 .text.pmc_is_locked_pllack
                0x000809ac       0x10 src/ASF/sam/drivers/pmc/pmc.o
                0x000809ac                pmc_is_locked_pllack
 .text.pmc_enable_periph_clk
                0x000809bc       0x54 src/ASF/sam/drivers/pmc/pmc.o
                0x000809bc                pmc_enable_periph_clk
 .text.pmc_set_writeprotect
                0x00080a10       0x24 src/ASF/sam/drivers/pmc/pmc.o
                0x00080a10                pmc_set_writeprotect
 .text.Dummy_Handler
                0x00080a34        0x2 src/ASF/sam/utils/cmsis/sam3x/source/templates/exceptions.o
                0x00080a34                DACC_Handler
                0x00080a34                DebugMon_Handler
                0x00080a34                DMAC_Handler
                0x00080a34                TRNG_Handler
                0x00080a34                HardFault_Handler
                0x00080a34                TC2_Handler
                0x00080a34                SysTick_Handler
                0x00080a34                USART3_Handler
                0x00080a34                TWI1_Handler
                0x00080a34                PendSV_Handler
                0x00080a34                NMI_Handler
                0x00080a34                TC7_Handler
                0x00080a34                ADC_Handler
                0x00080a34                SMC_Handler
                0x00080a34                RTT_Handler
                0x00080a34                EFC1_Handler
                0x00080a34                RTC_Handler
                0x00080a34                UsageFault_Handler
                0x00080a34                TC6_Handler
                0x00080a34                WDT_Handler
                0x00080a34                CAN0_Handler
                0x00080a34                TC4_Handler
                0x00080a34                TC1_Handler
                0x00080a34                HSMCI_Handler
                0x00080a34                TC3_Handler
                0x00080a34                Dummy_Handler
                0x00080a34                TWI0_Handler
                0x00080a34                USART1_Handler
                0x00080a34                SSC_Handler
                0x00080a34                EFC0_Handler
                0x00080a34                PMC_Handler
                0x00080a34                PWM_Handler
                0x00080a34                CAN1_Handler
                0x00080a34                MemManage_Handler
                0x00080a34                SUPC_Handler
                0x00080a34                SVC_Handler
                0x00080a34                TC8_Handler
                0x00080a34                USART2_Handler
                0x00080a34                EMAC_Handler
                0x00080a34                UART_Handler
                0x00080a34                BusFault_Handler
                0x00080a34                RSTC_Handler
                0x00080a34                TC0_Handler
                0x00080a34                TC5_Handler
                0x00080a34                UOTGHS_Handler
                0x00080a34                SPI0_Handler
 *fill*         0x00080a36        0x2 
 .text.Reset_Handler
                0x00080a38       0x98 src/ASF/sam/utils/cmsis/sam3x/source/templates/gcc/startup_sam3x.o
                0x00080a38                Reset_Handler
 .text.SystemCoreClockUpdate
                0x00080ad0      0x118 src/ASF/sam/utils/cmsis/sam3x/source/templates/system_sam3x.o
                0x00080ad0                SystemCoreClockUpdate
 .text._sbrk    0x00080be8       0x38 src/ASF/sam/utils/syscalls/gcc/syscalls.o
                0x00080be8                _sbrk
 .text._close   0x00080c20        0x6 src/ASF/sam/utils/syscalls/gcc/syscalls.o
                0x00080c20                _close
 .text._fstat   0x00080c26        0xa src/ASF/sam/utils/syscalls/gcc/syscalls.o
                0x00080c26                _fstat
 .text._isatty  0x00080c30        0x4 src/ASF/sam/utils/syscalls/gcc/syscalls.o
                0x00080c30                _isatty
 .text._lseek   0x00080c34        0x4 src/ASF/sam/utils/syscalls/gcc/syscalls.o
                0x00080c34                _lseek
 .text.usart_serial_getchar
                0x00080c38       0xac src/main.o
 .text.usart_serial_putchar
                0x00080ce4       0x9c src/main.o
 .text.main     0x00080d80       0xf0 src/main.o
                0x00080d80                main
 .text          0x00080e70      0x370 c:/program files (x86)/atmel/studio/7.0/toolchain/arm/arm-gnu-toolchain/bin/../lib/gcc/arm-none-eabi/6.3.1/thumb/v7-m\libgcc.a(_arm_addsubdf3.o)
                0x00080e70                __aeabi_drsub
                0x00080e78                __aeabi_dsub
                0x00080e78                __subdf3
                0x00080e7c                __aeabi_dadd
                0x00080e7c                __adddf3
                0x000810f4                __floatunsidf
                0x000810f4                __aeabi_ui2d
                0x00081114                __floatsidf
                0x00081114                __aeabi_i2d
                0x00081138                __aeabi_f2d
                0x00081138                __extendsfdf2
                0x00081174                __floatundidf
                0x00081174                __aeabi_ul2d
                0x00081184                __floatdidf
                0x00081184                __aeabi_l2d
 .text          0x000811e0      0x424 c:/program files (x86)/atmel/studio/7.0/toolchain/arm/arm-gnu-toolchain/bin/../lib/gcc/arm-none-eabi/6.3.1/thumb/v7-m\libgcc.a(_arm_muldivdf3.o)
                0x000811e0                __aeabi_dmul
                0x000811e0                __muldf3
                0x00081434                __divdf3
                0x00081434                __aeabi_ddiv
 .text          0x00081604       0x40 c:/program files (x86)/atmel/studio/7.0/toolchain/arm/arm-gnu-toolchain/bin/../lib/gcc/arm-none-eabi/6.3.1/thumb/v7-m\libgcc.a(_arm_fixunsdfsi.o)
                0x00081604                __aeabi_d2uiz
                0x00081604                __fixunsdfsi
 .text.__libc_init_array
                0x00081644       0x50 c:/program files (x86)/atmel/studio/7.0/toolchain/arm/arm-gnu-toolchain/bin/../lib/gcc/arm-none-eabi/6.3.1/../../../../arm-none-eabi/lib/thumb/v7-m\libc.a(lib_a-init.o)
                0x00081644                __libc_init_array
 .text.iprintf  0x00081694       0x28 c:/program files (x86)/atmel/studio/7.0/toolchain/arm/arm-gnu-toolchain/bin/../lib/gcc/arm-none-eabi/6.3.1/../../../../arm-none-eabi/lib/thumb/v7-m\libc.a(lib_a-iprintf.o)
                0x00081694                iprintf
 .text.memset   0x000816bc       0x9c c:/program files (x86)/atmel/studio/7.0/toolchain/arm/arm-gnu-toolchain/bin/../lib/gcc/arm-none-eabi/6.3.1/../../../../arm-none-eabi/lib/thumb/v7-m\libc.a(lib_a-memset.o)
                0x000816bc                memset
 .text.setbuf   0x00081758       0x10 c:/program files (x86)/atmel/studio/7.0/toolchain/arm/arm-gnu-toolchain/bin/../lib/gcc/arm-none-eabi/6.3.1/../../../../arm-none-eabi/lib/thumb/v7-m\libc.a(lib_a-setbuf.o)
                0x00081758                setbuf
 .text.setvbuf  0x00081768      0x190 c:/program files (x86)/atmel/studio/7.0/toolchain/arm/arm-gnu-toolchain/bin/../lib/gcc/arm-none-eabi/6.3.1/../../../../arm-none-eabi/lib/thumb/v7-m\libc.a(lib_a-setvbuf.o)
                0x00081768                setvbuf
 .text.__sprint_r.part.0
                0x000818f8       0x80 c:/program files (x86)/atmel/studio/7.0/toolchain/arm/arm-gnu-toolchain/bin/../lib/gcc/arm-none-eabi/6.3.1/../../../../arm-none-eabi/lib/thumb/v7-m\libc.a(lib_a-vfiprintf.o)
 .text._vfiprintf_r
                0x00081978      0xc88 c:/program files (x86)/atmel/studio/7.0/toolchain/arm/arm-gnu-toolchain/bin/../lib/gcc/arm-none-eabi/6.3.1/../../../../arm-none-eabi/lib/thumb/v7-m\libc.a(lib_a-vfiprintf.o)
                0x00081978                _vfiprintf_r
 .text.__sbprintf
                0x00082600       0x88 c:/program files (x86)/atmel/studio/7.0/toolchain/arm/arm-gnu-toolchain/bin/../lib/gcc/arm-none-eabi/6.3.1/../../../../arm-none-eabi/lib/thumb/v7-m\libc.a(lib_a-vfiprintf.o)
 .text.__swsetup_r
                0x00082688       0xc8 c:/program files (x86)/atmel/studio/7.0/toolchain/arm/arm-gnu-toolchain/bin/../lib/gcc/arm-none-eabi/6.3.1/../../../../arm-none-eabi/lib/thumb/v7-m\libc.a(lib_a-wsetup.o)
                0x00082688                __swsetup_r
 .text.startup.register_fini
                0x00082750       0x14 c:/program files (x86)/atmel/studio/7.0/toolchain/arm/arm-gnu-toolchain/bin/../lib/gcc/arm-none-eabi/6.3.1/../../../../arm-none-eabi/lib/thumb/v7-m\libc.a(lib_a-__call_atexit.o)
 .text.atexit   0x00082764        0xc c:/program files (x86)/atmel/studio/7.0/toolchain/arm/arm-gnu-toolchain/bin/../lib/gcc/arm-none-eabi/6.3.1/../../../../arm-none-eabi/lib/thumb/v7-m\libc.a(lib_a-atexit.o)
                0x00082764                atexit
 .text.__sflush_r
                0x00082770      0x138 c:/program files (x86)/atmel/studio/7.0/toolchain/arm/arm-gnu-toolchain/bin/../lib/gcc/arm-none-eabi/6.3.1/../../../../arm-none-eabi/lib/thumb/v7-m\libc.a(lib_a-fflush.o)
                0x00082770                __sflush_r
 .text._fflush_r
                0x000828a8       0x54 c:/program files (x86)/atmel/studio/7.0/toolchain/arm/arm-gnu-toolchain/bin/../lib/gcc/arm-none-eabi/6.3.1/../../../../arm-none-eabi/lib/thumb/v7-m\libc.a(lib_a-fflush.o)
                0x000828a8                _fflush_r
 .text._cleanup_r
                0x000828fc        0xc c:/program files (x86)/atmel/studio/7.0/toolchain/arm/arm-gnu-toolchain/bin/../lib/gcc/arm-none-eabi/6.3.1/../../../../arm-none-eabi/lib/thumb/v7-m\libc.a(lib_a-findfp.o)
                0x000828fc                _cleanup_r
 .text.std.isra.0
                0x00082908       0x50 c:/program files (x86)/atmel/studio/7.0/toolchain/arm/arm-gnu-toolchain/bin/../lib/gcc/arm-none-eabi/6.3.1/../../../../arm-none-eabi/lib/thumb/v7-m\libc.a(lib_a-findfp.o)
 .text.__sinit  0x00082958       0x60 c:/program files (x86)/atmel/studio/7.0/toolchain/arm/arm-gnu-toolchain/bin/../lib/gcc/arm-none-eabi/6.3.1/../../../../arm-none-eabi/lib/thumb/v7-m\libc.a(lib_a-findfp.o)
                0x00082958                __sinit
 .text.__sfp_lock_acquire
                0x000829b8        0xc c:/program files (x86)/atmel/studio/7.0/toolchain/arm/arm-gnu-toolchain/bin/../lib/gcc/arm-none-eabi/6.3.1/../../../../arm-none-eabi/lib/thumb/v7-m\libc.a(lib_a-findfp.o)
                0x000829b8                __sfp_lock_acquire
 .text.__sfp_lock_release
                0x000829c4        0xc c:/program files (x86)/atmel/studio/7.0/toolchain/arm/arm-gnu-toolchain/bin/../lib/gcc/arm-none-eabi/6.3.1/../../../../arm-none-eabi/lib/thumb/v7-m\libc.a(lib_a-findfp.o)
                0x000829c4                __sfp_lock_release
 .text.__libc_fini_array
                0x000829d0       0x34 c:/program files (x86)/atmel/studio/7.0/toolchain/arm/arm-gnu-toolchain/bin/../lib/gcc/arm-none-eabi/6.3.1/../../../../arm-none-eabi/lib/thumb/v7-m\libc.a(lib_a-fini.o)
                0x000829d0                __libc_fini_array
 .text.__fputwc
                0x00082a04       0x98 c:/program files (x86)/atmel/studio/7.0/toolchain/arm/arm-gnu-toolchain/bin/../lib/gcc/arm-none-eabi/6.3.1/../../../../arm-none-eabi/lib/thumb/v7-m\libc.a(lib_a-fputwc.o)
                0x00082a04                __fputwc
 .text._fputwc_r
                0x00082a9c       0x68 c:/program files (x86)/atmel/studio/7.0/toolchain/arm/arm-gnu-toolchain/bin/../lib/gcc/arm-none-eabi/6.3.1/../../../../arm-none-eabi/lib/thumb/v7-m\libc.a(lib_a-fputwc.o)
                0x00082a9c                _fputwc_r
 .text._malloc_trim_r
                0x00082b04       0xa0 c:/program files (x86)/atmel/studio/7.0/toolchain/arm/arm-gnu-toolchain/bin/../lib/gcc/arm-none-eabi/6.3.1/../../../../arm-none-eabi/lib/thumb/v7-m\libc.a(lib_a-freer.o)
                0x00082b04                _malloc_trim_r
 .text._free_r  0x00082ba4      0x1cc c:/program files (x86)/atmel/studio/7.0/toolchain/arm/arm-gnu-toolchain/bin/../lib/gcc/arm-none-eabi/6.3.1/../../../../arm-none-eabi/lib/thumb/v7-m\libc.a(lib_a-freer.o)
                0x00082ba4                _free_r
 .text.__sfvwrite_r
                0x00082d70      0x2f4 c:/program files (x86)/atmel/studio/7.0/toolchain/arm/arm-gnu-toolchain/bin/../lib/gcc/arm-none-eabi/6.3.1/../../../../arm-none-eabi/lib/thumb/v7-m\libc.a(lib_a-fvwrite.o)
                0x00082d70                __sfvwrite_r
 .text._fwalk_reent
                0x00083064       0x50 c:/program files (x86)/atmel/studio/7.0/toolchain/arm/arm-gnu-toolchain/bin/../lib/gcc/arm-none-eabi/6.3.1/../../../../arm-none-eabi/lib/thumb/v7-m\libc.a(lib_a-fwalk.o)
                0x00083064                _fwalk_reent
 .text.__locale_mb_cur_max
                0x000830b4       0x1c c:/program files (x86)/atmel/studio/7.0/toolchain/arm/arm-gnu-toolchain/bin/../lib/gcc/arm-none-eabi/6.3.1/../../../../arm-none-eabi/lib/thumb/v7-m\libc.a(lib_a-locale.o)
                0x000830b4                __locale_mb_cur_max
 .text.__retarget_lock_init_recursive
                0x000830d0        0x4 c:/program files (x86)/atmel/studio/7.0/toolchain/arm/arm-gnu-toolchain/bin/../lib/gcc/arm-none-eabi/6.3.1/../../../../arm-none-eabi/lib/thumb/v7-m\libc.a(lib_a-lock.o)
                0x000830d0                __retarget_lock_init_recursive
 .text.__retarget_lock_close_recursive
                0x000830d4        0x4 c:/program files (x86)/atmel/studio/7.0/toolchain/arm/arm-gnu-toolchain/bin/../lib/gcc/arm-none-eabi/6.3.1/../../../../arm-none-eabi/lib/thumb/v7-m\libc.a(lib_a-lock.o)
                0x000830d4                __retarget_lock_close_recursive
 .text.__retarget_lock_acquire_recursive
                0x000830d8        0x4 c:/program files (x86)/atmel/studio/7.0/toolchain/arm/arm-gnu-toolchain/bin/../lib/gcc/arm-none-eabi/6.3.1/../../../../arm-none-eabi/lib/thumb/v7-m\libc.a(lib_a-lock.o)
                0x000830d8                __retarget_lock_acquire_recursive
 .text.__retarget_lock_release_recursive
                0x000830dc        0x4 c:/program files (x86)/atmel/studio/7.0/toolchain/arm/arm-gnu-toolchain/bin/../lib/gcc/arm-none-eabi/6.3.1/../../../../arm-none-eabi/lib/thumb/v7-m\libc.a(lib_a-lock.o)
                0x000830dc                __retarget_lock_release_recursive
 .text.__swhatbuf_r
                0x000830e0       0x5c c:/program files (x86)/atmel/studio/7.0/toolchain/arm/arm-gnu-toolchain/bin/../lib/gcc/arm-none-eabi/6.3.1/../../../../arm-none-eabi/lib/thumb/v7-m\libc.a(lib_a-makebuf.o)
                0x000830e0                __swhatbuf_r
 .text.__smakebuf_r
                0x0008313c       0x94 c:/program files (x86)/atmel/studio/7.0/toolchain/arm/arm-gnu-toolchain/bin/../lib/gcc/arm-none-eabi/6.3.1/../../../../arm-none-eabi/lib/thumb/v7-m\libc.a(lib_a-makebuf.o)
                0x0008313c                __smakebuf_r
 .text.malloc   0x000831d0       0x10 c:/program files (x86)/atmel/studio/7.0/toolchain/arm/arm-gnu-toolchain/bin/../lib/gcc/arm-none-eabi/6.3.1/../../../../arm-none-eabi/lib/thumb/v7-m\libc.a(lib_a-malloc.o)
                0x000831d0                malloc
 .text._malloc_r
                0x000831e0      0x544 c:/program files (x86)/atmel/studio/7.0/toolchain/arm/arm-gnu-toolchain/bin/../lib/gcc/arm-none-eabi/6.3.1/../../../../arm-none-eabi/lib/thumb/v7-m\libc.a(lib_a-mallocr.o)
                0x000831e0                _malloc_r
 .text.__ascii_mbtowc
                0x00083724       0x2c c:/program files (x86)/atmel/studio/7.0/toolchain/arm/arm-gnu-toolchain/bin/../lib/gcc/arm-none-eabi/6.3.1/../../../../arm-none-eabi/lib/thumb/v7-m\libc.a(lib_a-mbtowc_r.o)
                0x00083724                __ascii_mbtowc
 .text.memchr   0x00083750       0x8c c:/program files (x86)/atmel/studio/7.0/toolchain/arm/arm-gnu-toolchain/bin/../lib/gcc/arm-none-eabi/6.3.1/../../../../arm-none-eabi/lib/thumb/v7-m\libc.a(lib_a-memchr-stub.o)
                0x00083750                memchr
 .text          0x000837dc       0xec c:/program files (x86)/atmel/studio/7.0/toolchain/arm/arm-gnu-toolchain/bin/../lib/gcc/arm-none-eabi/6.3.1/../../../../arm-none-eabi/lib/thumb/v7-m\libc.a(lib_a-memcpy.o)
                0x000837dc                memcpy
 .text.memmove  0x000838c8       0xc8 c:/program files (x86)/atmel/studio/7.0/toolchain/arm/arm-gnu-toolchain/bin/../lib/gcc/arm-none-eabi/6.3.1/../../../../arm-none-eabi/lib/thumb/v7-m\libc.a(lib_a-memmove.o)
                0x000838c8                memmove
 .text.__malloc_lock
                0x00083990        0xc c:/program files (x86)/atmel/studio/7.0/toolchain/arm/arm-gnu-toolchain/bin/../lib/gcc/arm-none-eabi/6.3.1/../../../../arm-none-eabi/lib/thumb/v7-m\libc.a(lib_a-mlock.o)
                0x00083990                __malloc_lock
 .text.__malloc_unlock
                0x0008399c        0xc c:/program files (x86)/atmel/studio/7.0/toolchain/arm/arm-gnu-toolchain/bin/../lib/gcc/arm-none-eabi/6.3.1/../../../../arm-none-eabi/lib/thumb/v7-m\libc.a(lib_a-mlock.o)
                0x0008399c                __malloc_unlock
 .text._realloc_r
                0x000839a8      0x36c c:/program files (x86)/atmel/studio/7.0/toolchain/arm/arm-gnu-toolchain/bin/../lib/gcc/arm-none-eabi/6.3.1/../../../../arm-none-eabi/lib/thumb/v7-m\libc.a(lib_a-reallocr.o)
                0x000839a8                _realloc_r
 .text._sbrk_r  0x00083d14       0x24 c:/program files (x86)/atmel/studio/7.0/toolchain/arm/arm-gnu-toolchain/bin/../lib/gcc/arm-none-eabi/6.3.1/../../../../arm-none-eabi/lib/thumb/v7-m\libc.a(lib_a-sbrkr.o)
                0x00083d14                _sbrk_r
 .text.__sread  0x00083d38       0x24 c:/program files (x86)/atmel/studio/7.0/toolchain/arm/arm-gnu-toolchain/bin/../lib/gcc/arm-none-eabi/6.3.1/../../../../arm-none-eabi/lib/thumb/v7-m\libc.a(lib_a-stdio.o)
                0x00083d38                __sread
 .text.__swrite
                0x00083d5c       0x3c c:/program files (x86)/atmel/studio/7.0/toolchain/arm/arm-gnu-toolchain/bin/../lib/gcc/arm-none-eabi/6.3.1/../../../../arm-none-eabi/lib/thumb/v7-m\libc.a(lib_a-stdio.o)
                0x00083d5c                __swrite
 .text.__sseek  0x00083d98       0x20 c:/program files (x86)/atmel/studio/7.0/toolchain/arm/arm-gnu-toolchain/bin/../lib/gcc/arm-none-eabi/6.3.1/../../../../arm-none-eabi/lib/thumb/v7-m\libc.a(lib_a-stdio.o)
                0x00083d98                __sseek
 .text.__sclose
                0x00083db8        0x8 c:/program files (x86)/atmel/studio/7.0/toolchain/arm/arm-gnu-toolchain/bin/../lib/gcc/arm-none-eabi/6.3.1/../../../../arm-none-eabi/lib/thumb/v7-m\libc.a(lib_a-stdio.o)
                0x00083db8                __sclose
 .text.strlen   0x00083dc0       0x5c c:/program files (x86)/atmel/studio/7.0/toolchain/arm/arm-gnu-toolchain/bin/../lib/gcc/arm-none-eabi/6.3.1/../../../../arm-none-eabi/lib/thumb/v7-m\libc.a(lib_a-strlen-stub.o)
                0x00083dc0                strlen
 .text.__swbuf_r
                0x00083e1c       0xb0 c:/program files (x86)/atmel/studio/7.0/toolchain/arm/arm-gnu-toolchain/bin/../lib/gcc/arm-none-eabi/6.3.1/../../../../arm-none-eabi/lib/thumb/v7-m\libc.a(lib_a-wbuf.o)
                0x00083e1c                __swbuf_r
 .text._wcrtomb_r
                0x00083ecc       0x54 c:/program files (x86)/atmel/studio/7.0/toolchain/arm/arm-gnu-toolchain/bin/../lib/gcc/arm-none-eabi/6.3.1/../../../../arm-none-eabi/lib/thumb/v7-m\libc.a(lib_a-wcrtomb.o)
                0x00083ecc                _wcrtomb_r
 .text.__ascii_wctomb
                0x00083f20       0x18 c:/program files (x86)/atmel/studio/7.0/toolchain/arm/arm-gnu-toolchain/bin/../lib/gcc/arm-none-eabi/6.3.1/../../../../arm-none-eabi/lib/thumb/v7-m\libc.a(lib_a-wctomb_r.o)
                0x00083f20                __ascii_wctomb
 .text._write_r
                0x00083f38       0x2c c:/program files (x86)/atmel/studio/7.0/toolchain/arm/arm-gnu-toolchain/bin/../lib/gcc/arm-none-eabi/6.3.1/../../../../arm-none-eabi/lib/thumb/v7-m\libc.a(lib_a-writer.o)
                0x00083f38                _write_r
 .text.__register_exitproc
                0x00083f64       0xc4 c:/program files (x86)/atmel/studio/7.0/toolchain/arm/arm-gnu-toolchain/bin/../lib/gcc/arm-none-eabi/6.3.1/../../../../arm-none-eabi/lib/thumb/v7-m\libc.a(lib_a-__atexit.o)
                0x00083f64                __register_exitproc
 .text._close_r
                0x00084028       0x24 c:/program files (x86)/atmel/studio/7.0/toolchain/arm/arm-gnu-toolchain/bin/../lib/gcc/arm-none-eabi/6.3.1/../../../../arm-none-eabi/lib/thumb/v7-m\libc.a(lib_a-closer.o)
                0x00084028                _close_r
 .text._fclose_r
                0x0008404c       0xc4 c:/program files (x86)/atmel/studio/7.0/toolchain/arm/arm-gnu-toolchain/bin/../lib/gcc/arm-none-eabi/6.3.1/../../../../arm-none-eabi/lib/thumb/v7-m\libc.a(lib_a-fclose.o)
                0x0008404c                _fclose_r
 .text._fstat_r
                0x00084110       0x28 c:/program files (x86)/atmel/studio/7.0/toolchain/arm/arm-gnu-toolchain/bin/../lib/gcc/arm-none-eabi/6.3.1/../../../../arm-none-eabi/lib/thumb/v7-m\libc.a(lib_a-fstatr.o)
                0x00084110                _fstat_r
 .text._isatty_r
                0x00084138       0x24 c:/program files (x86)/atmel/studio/7.0/toolchain/arm/arm-gnu-toolchain/bin/../lib/gcc/arm-none-eabi/6.3.1/../../../../arm-none-eabi/lib/thumb/v7-m\libc.a(lib_a-isattyr.o)
                0x00084138                _isatty_r
 .text._lseek_r
                0x0008415c       0x2c c:/program files (x86)/atmel/studio/7.0/toolchain/arm/arm-gnu-toolchain/bin/../lib/gcc/arm-none-eabi/6.3.1/../../../../arm-none-eabi/lib/thumb/v7-m\libc.a(lib_a-lseekr.o)
                0x0008415c                _lseek_r
 .text._read_r  0x00084188       0x2c c:/program files (x86)/atmel/studio/7.0/toolchain/arm/arm-gnu-toolchain/bin/../lib/gcc/arm-none-eabi/6.3.1/../../../../arm-none-eabi/lib/thumb/v7-m\libc.a(lib_a-readr.o)
                0x00084188                _read_r
 .text          0x000841b4       0x30 c:/program files (x86)/atmel/studio/7.0/toolchain/arm/arm-gnu-toolchain/bin/../lib/gcc/arm-none-eabi/6.3.1/thumb/v7-m\libgcc.a(_aeabi_uldivmod.o)
                0x000841b4                __aeabi_uldivmod
 .text          0x000841e4      0x2dc c:/program files (x86)/atmel/studio/7.0/toolchain/arm/arm-gnu-toolchain/bin/../lib/gcc/arm-none-eabi/6.3.1/thumb/v7-m\libgcc.a(_udivmoddi4.o)
                0x000841e4                __udivmoddi4
 .text          0x000844c0        0x4 c:/program files (x86)/atmel/studio/7.0/toolchain/arm/arm-gnu-toolchain/bin/../lib/gcc/arm-none-eabi/6.3.1/thumb/v7-m\libgcc.a(_dvmd_tls.o)
                0x000844c0                __aeabi_idiv0
                0x000844c0                __aeabi_ldiv0
 *(.glue_7t)
 .glue_7t       0x000844c4        0x0 linker stubs
 *(.glue_7)
 .glue_7        0x000844c4        0x0 linker stubs
 *(.rodata .rodata* .gnu.linkonce.r.*)
 .rodata.main.str1.4
                0x000844c4       0x43 src/main.o
 *fill*         0x00084507        0x1 
 .rodata._global_impure_ptr
                0x00084508        0x4 c:/program files (x86)/atmel/studio/7.0/toolchain/arm/arm-gnu-toolchain/bin/../lib/gcc/arm-none-eabi/6.3.1/../../../../arm-none-eabi/lib/thumb/v7-m\libc.a(lib_a-impure.o)
                0x00084508                _global_impure_ptr
 .rodata._vfiprintf_r.str1.4
                0x0008450c       0x2f c:/program files (x86)/atmel/studio/7.0/toolchain/arm/arm-gnu-toolchain/bin/../lib/gcc/arm-none-eabi/6.3.1/../../../../arm-none-eabi/lib/thumb/v7-m\libc.a(lib_a-vfiprintf.o)
 *fill*         0x0008453b        0x1 
 .rodata.blanks.7217
                0x0008453c       0x10 c:/program files (x86)/atmel/studio/7.0/toolchain/arm/arm-gnu-toolchain/bin/../lib/gcc/arm-none-eabi/6.3.1/../../../../arm-none-eabi/lib/thumb/v7-m\libc.a(lib_a-vfiprintf.o)
 .rodata.zeroes.7218
                0x0008454c       0x10 c:/program files (x86)/atmel/studio/7.0/toolchain/arm/arm-gnu-toolchain/bin/../lib/gcc/arm-none-eabi/6.3.1/../../../../arm-none-eabi/lib/thumb/v7-m\libc.a(lib_a-vfiprintf.o)
 .rodata._setlocale_r.str1.4
                0x0008455c        0xa c:/program files (x86)/atmel/studio/7.0/toolchain/arm/arm-gnu-toolchain/bin/../lib/gcc/arm-none-eabi/6.3.1/../../../../arm-none-eabi/lib/thumb/v7-m\libc.a(lib_a-locale.o)
                                  0xd (size before relaxing)
 *fill*         0x00084566        0x2 
 .rodata.str1.4
                0x00084568        0x4 c:/program files (x86)/atmel/studio/7.0/toolchain/arm/arm-gnu-toolchain/bin/../lib/gcc/arm-none-eabi/6.3.1/../../../../arm-none-eabi/lib/thumb/v7-m\libc.a(lib_a-locale.o)
                                  0x2 (size before relaxing)
 .rodata._ctype_
                0x0008456c      0x101 c:/program files (x86)/atmel/studio/7.0/toolchain/arm/arm-gnu-toolchain/bin/../lib/gcc/arm-none-eabi/6.3.1/../../../../arm-none-eabi/lib/thumb/v7-m\libc.a(lib_a-ctype_.o)
                0x0008456c                _ctype_
 *(.ARM.extab* .gnu.linkonce.armextab.*)
                0x00084670                . = ALIGN (0x4)
 *fill*         0x0008466d        0x3 
 *(.init)
 .init          0x00084670        0x4 c:/program files (x86)/atmel/studio/7.0/toolchain/arm/arm-gnu-toolchain/bin/../lib/gcc/arm-none-eabi/6.3.1/thumb/v7-m/crti.o
                0x00084670                _init
 .init          0x00084674        0x8 c:/program files (x86)/atmel/studio/7.0/toolchain/arm/arm-gnu-toolchain/bin/../lib/gcc/arm-none-eabi/6.3.1/thumb/v7-m/crtn.o
                0x0008467c                . = ALIGN (0x4)
                0x0008467c                __preinit_array_start = .
 *(.preinit_array)
                0x0008467c                __preinit_array_end = .
                0x0008467c                . = ALIGN (0x4)
                0x0008467c                __init_array_start = .
 *(SORT(.init_array.*))
 .init_array.00000
                0x0008467c        0x4 c:/program files (x86)/atmel/studio/7.0/toolchain/arm/arm-gnu-toolchain/bin/../lib/gcc/arm-none-eabi/6.3.1/../../../../arm-none-eabi/lib/thumb/v7-m\libc.a(lib_a-__call_atexit.o)
 *(.init_array)
 .init_array    0x00084680        0x4 c:/program files (x86)/atmel/studio/7.0/toolchain/arm/arm-gnu-toolchain/bin/../lib/gcc/arm-none-eabi/6.3.1/thumb/v7-m/crtbegin.o
                0x00084684                __init_array_end = .
                0x00084684                . = ALIGN (0x4)
 *crtbegin.o(.ctors)
 *(EXCLUDE_FILE(*crtend.o) .ctors)
 *(SORT(.ctors.*))
 *crtend.o(.ctors)
                0x00084684                . = ALIGN (0x4)
 *(.fini)
 .fini          0x00084684        0x4 c:/program files (x86)/atmel/studio/7.0/toolchain/arm/arm-gnu-toolchain/bin/../lib/gcc/arm-none-eabi/6.3.1/thumb/v7-m/crti.o
                0x00084684                _fini
 .fini          0x00084688        0x8 c:/program files (x86)/atmel/studio/7.0/toolchain/arm/arm-gnu-toolchain/bin/../lib/gcc/arm-none-eabi/6.3.1/thumb/v7-m/crtn.o
                0x00084690                . = ALIGN (0x4)
                0x00084690                __fini_array_start = .
 *(.fini_array)
 .fini_array    0x00084690        0x4 c:/program files (x86)/atmel/studio/7.0/toolchain/arm/arm-gnu-toolchain/bin/../lib/gcc/arm-none-eabi/6.3.1/thumb/v7-m/crtbegin.o
 *(SORT(.fini_array.*))
                0x00084694                __fini_array_end = .
 *crtbegin.o(.dtors)
 *(EXCLUDE_FILE(*crtend.o) .dtors)
 *(SORT(.dtors.*))
 *crtend.o(.dtors)
                0x00084694                . = ALIGN (0x4)
                0x00084694                _efixed = .
                [!provide]                PROVIDE (__exidx_start, .)

.vfp11_veneer   0x00084694        0x0
 .vfp11_veneer  0x00084694        0x0 linker stubs

.v4_bx          0x00084694        0x0
 .v4_bx         0x00084694        0x0 linker stubs

.iplt           0x00084694        0x0
 .iplt          0x00084694        0x0 c:/program files (x86)/atmel/studio/7.0/toolchain/arm/arm-gnu-toolchain/bin/../lib/gcc/arm-none-eabi/6.3.1/thumb/v7-m/crtbegin.o

.ARM.exidx      0x00084694        0x8
 *(.ARM.exidx* .gnu.linkonce.armexidx.*)
 .ARM.exidx     0x00084694        0x8 c:/program files (x86)/atmel/studio/7.0/toolchain/arm/arm-gnu-toolchain/bin/../lib/gcc/arm-none-eabi/6.3.1/thumb/v7-m\libgcc.a(_udivmoddi4.o)
                [!provide]                PROVIDE (__exidx_end, .)

.eh_frame       0x0008469c        0x0
 .eh_frame      0x0008469c        0x0 c:/program files (x86)/atmel/studio/7.0/toolchain/arm/arm-gnu-toolchain/bin/../lib/gcc/arm-none-eabi/6.3.1/thumb/v7-m/crtbegin.o

.rel.dyn        0x0008469c        0x0
 .rel.iplt      0x0008469c        0x0 c:/program files (x86)/atmel/studio/7.0/toolchain/arm/arm-gnu-toolchain/bin/../lib/gcc/arm-none-eabi/6.3.1/thumb/v7-m/crtbegin.o

.jcr            0x0008469c        0x0
 .jcr           0x0008469c        0x0 c:/program files (x86)/atmel/studio/7.0/toolchain/arm/arm-gnu-toolchain/bin/../lib/gcc/arm-none-eabi/6.3.1/thumb/v7-m/crtbegin.o

.igot.plt       0x0008469c        0x0
 .igot.plt      0x0008469c        0x0 c:/program files (x86)/atmel/studio/7.0/toolchain/arm/arm-gnu-toolchain/bin/../lib/gcc/arm-none-eabi/6.3.1/thumb/v7-m/crtbegin.o
                0x0008469c                . = ALIGN (0x4)
                0x0008469c                _etext = .

.relocate       0x20070000      0xaf0 load address 0x0008469c
                0x20070000                . = ALIGN (0x4)
                0x20070000                _srelocate = .
 *(.ramfunc .ramfunc.*)
 .ramfunc       0x20070000        0xa src/ASF/common/services/delay/sam/cycle_counter.o
                0x20070000                portable_delay_cycles
 *fill*         0x2007000a        0x2 
 .ramfunc       0x2007000c      0x12c src/ASF/sam/utils/cmsis/sam3x/source/templates/system_sam3x.o
                0x2007000c                SystemInit
                0x200700b0                system_init_flash
 *(.data .data.*)
 .data.g_interrupt_enabled
                0x20070138        0x1 src/ASF/common/utils/interrupt/interrupt_sam_nvic.o
                0x20070138                g_interrupt_enabled
 *fill*         0x20070139        0x3 
 .data.SystemCoreClock
                0x2007013c        0x4 src/ASF/sam/utils/cmsis/sam3x/source/templates/system_sam3x.o
                0x2007013c                SystemCoreClock
 .data._impure_ptr
                0x20070140        0x4 c:/program files (x86)/atmel/studio/7.0/toolchain/arm/arm-gnu-toolchain/bin/../lib/gcc/arm-none-eabi/6.3.1/../../../../arm-none-eabi/lib/thumb/v7-m\libc.a(lib_a-impure.o)
                0x20070140                _impure_ptr
 *fill*         0x20070144        0x4 
 .data.impure_data
                0x20070148      0x428 c:/program files (x86)/atmel/studio/7.0/toolchain/arm/arm-gnu-toolchain/bin/../lib/gcc/arm-none-eabi/6.3.1/../../../../arm-none-eabi/lib/thumb/v7-m\libc.a(lib_a-impure.o)
 .data.__atexit_recursive_mutex
                0x20070570        0x4 c:/program files (x86)/atmel/studio/7.0/toolchain/arm/arm-gnu-toolchain/bin/../lib/gcc/arm-none-eabi/6.3.1/../../../../arm-none-eabi/lib/thumb/v7-m\libc.a(lib_a-__call_atexit.o)
                0x20070570                __atexit_recursive_mutex
 .data.__global_locale
                0x20070574      0x16c c:/program files (x86)/atmel/studio/7.0/toolchain/arm/arm-gnu-toolchain/bin/../lib/gcc/arm-none-eabi/6.3.1/../../../../arm-none-eabi/lib/thumb/v7-m\libc.a(lib_a-locale.o)
                0x20070574                __global_locale
 .data.__malloc_av_
                0x200706e0      0x408 c:/program files (x86)/atmel/studio/7.0/toolchain/arm/arm-gnu-toolchain/bin/../lib/gcc/arm-none-eabi/6.3.1/../../../../arm-none-eabi/lib/thumb/v7-m\libc.a(lib_a-mallocr.o)
                0x200706e0                __malloc_av_
 .data.__malloc_sbrk_base
                0x20070ae8        0x4 c:/program files (x86)/atmel/studio/7.0/toolchain/arm/arm-gnu-toolchain/bin/../lib/gcc/arm-none-eabi/6.3.1/../../../../arm-none-eabi/lib/thumb/v7-m\libc.a(lib_a-mallocr.o)
                0x20070ae8                __malloc_sbrk_base
 .data.__malloc_trim_threshold
                0x20070aec        0x4 c:/program files (x86)/atmel/studio/7.0/toolchain/arm/arm-gnu-toolchain/bin/../lib/gcc/arm-none-eabi/6.3.1/../../../../arm-none-eabi/lib/thumb/v7-m\libc.a(lib_a-mallocr.o)
                0x20070aec                __malloc_trim_threshold
                0x20070af0                . = ALIGN (0x4)
                0x20070af0                _erelocate = .

.bss            0x20070af0      0x198 load address 0x0008518c
                0x20070af0                . = ALIGN (0x4)
                0x20070af0                _sbss = .
                0x20070af0                _szero = .
 *(.bss .bss.*)
 .bss           0x20070af0       0x1c c:/program files (x86)/atmel/studio/7.0/toolchain/arm/arm-gnu-toolchain/bin/../lib/gcc/arm-none-eabi/6.3.1/thumb/v7-m/crtbegin.o
 .bss.serial_rx_buf
                0x20070b0c       0x9c src/ASF/thirdparty/wireless/addons/sio2host/uart/sio2host.o
 .bss.serial_rx_buf_tail
                0x20070ba8        0x1 src/ASF/thirdparty/wireless/addons/sio2host/uart/sio2host.o
 *fill*         0x20070ba9        0x3 
 .bss.gs_interrupt_sources
                0x20070bac       0x70 src/ASF/sam/drivers/pio/pio_handler.o
 .bss.heap.5297
                0x20070c1c        0x4 src/ASF/sam/utils/syscalls/gcc/syscalls.o
 .bss.__malloc_current_mallinfo
                0x20070c20       0x28 c:/program files (x86)/atmel/studio/7.0/toolchain/arm/arm-gnu-toolchain/bin/../lib/gcc/arm-none-eabi/6.3.1/../../../../arm-none-eabi/lib/thumb/v7-m\libc.a(lib_a-mallocr.o)
                0x20070c20                __malloc_current_mallinfo
 .bss.__malloc_max_sbrked_mem
                0x20070c48        0x4 c:/program files (x86)/atmel/studio/7.0/toolchain/arm/arm-gnu-toolchain/bin/../lib/gcc/arm-none-eabi/6.3.1/../../../../arm-none-eabi/lib/thumb/v7-m\libc.a(lib_a-mallocr.o)
                0x20070c48                __malloc_max_sbrked_mem
 .bss.__malloc_max_total_mem
                0x20070c4c        0x4 c:/program files (x86)/atmel/studio/7.0/toolchain/arm/arm-gnu-toolchain/bin/../lib/gcc/arm-none-eabi/6.3.1/../../../../arm-none-eabi/lib/thumb/v7-m\libc.a(lib_a-mallocr.o)
                0x20070c4c                __malloc_max_total_mem
 .bss.__malloc_top_pad
                0x20070c50        0x4 c:/program files (x86)/atmel/studio/7.0/toolchain/arm/arm-gnu-toolchain/bin/../lib/gcc/arm-none-eabi/6.3.1/../../../../arm-none-eabi/lib/thumb/v7-m\libc.a(lib_a-mallocr.o)
                0x20070c50                __malloc_top_pad
 *(COMMON)
 COMMON         0x20070c54        0x4 src/ASF/common/utils/stdio/read.o
                0x20070c54                ptr_get
 COMMON         0x20070c58        0x8 src/ASF/common/utils/stdio/write.o
                0x20070c58                ptr_put
                0x20070c5c                stdio_base
 COMMON         0x20070c60       0x21 c:/program files (x86)/atmel/studio/7.0/toolchain/arm/arm-gnu-toolchain/bin/../lib/gcc/arm-none-eabi/6.3.1/../../../../arm-none-eabi/lib/thumb/v7-m\libc.a(lib_a-lock.o)
                0x20070c60                __lock___atexit_recursive_mutex
                0x20070c64                __lock___arc4random_mutex
                0x20070c68                __lock___env_recursive_mutex
                0x20070c6c                __lock___sinit_recursive_mutex
                0x20070c70                __lock___malloc_recursive_mutex
                0x20070c74                __lock___at_quick_exit_mutex
                0x20070c78                __lock___dd_hash_mutex
                0x20070c7c                __lock___tz_mutex
                0x20070c80                __lock___sfp_recursive_mutex
 *fill*         0x20070c81        0x3 
 COMMON         0x20070c84        0x4 c:/program files (x86)/atmel/studio/7.0/toolchain/arm/arm-gnu-toolchain/bin/../lib/gcc/arm-none-eabi/6.3.1/../../../../arm-none-eabi/lib/thumb/v7-m\libc.a(lib_a-reent.o)
                0x20070c84                errno
                0x20070c88                . = ALIGN (0x4)
                0x20070c88                _ebss = .
                0x20070c88                _ezero = .

.stack          0x20070c88     0x2000 load address 0x00085324
                0x20070c88                . = ALIGN (0x8)
                0x20070c88                _sstack = .
                0x20072c88                . = (. + __stack_size__)
 *fill*         0x20070c88     0x2000 
                0x20072c88                . = ALIGN (0x8)
                0x20072c88                _estack = .
                0x20072c88                . = ALIGN (0x4)
                0x20072c88                _end = .
OUTPUT(ElectricAutomobile.elf elf32-littlearm)

.ARM.attributes
                0x00000000       0x29
 .ARM.attributes
                0x00000000       0x1d c:/program files (x86)/atmel/studio/7.0/toolchain/arm/arm-gnu-toolchain/bin/../lib/gcc/arm-none-eabi/6.3.1/thumb/v7-m/crti.o
 .ARM.attributes
                0x0000001d       0x2d c:/program files (x86)/atmel/studio/7.0/toolchain/arm/arm-gnu-toolchain/bin/../lib/gcc/arm-none-eabi/6.3.1/thumb/v7-m/crtbegin.o
 .ARM.attributes
                0x0000004a       0x33 src/ASF/common/services/delay/sam/cycle_counter.o
 .ARM.attributes
                0x0000007d       0x33 src/ASF/sam/drivers/tc/tc.o
 .ARM.attributes
                0x000000b0       0x33 src/pulse.o
 .ARM.attributes
                0x000000e3       0x33 src/ASF/common/services/serial/usart_serial.o
 .ARM.attributes
                0x00000116       0x33 src/ASF/common/utils/stdio/read.o
 .ARM.attributes
                0x00000149       0x33 src/ASF/common/utils/stdio/write.o
 .ARM.attributes
                0x0000017c       0x33 src/ASF/sam/drivers/uart/uart.o
 .ARM.attributes
                0x000001af       0x33 src/ASF/sam/drivers/usart/usart.o
 .ARM.attributes
                0x000001e2       0x33 src/ASF/thirdparty/wireless/addons/sio2host/uart/sio2host.o
 .ARM.attributes
                0x00000215       0x33 src/ASF/common/services/clock/sam3x/sysclk.o
 .ARM.attributes
                0x00000248       0x33 src/ASF/common/utils/interrupt/interrupt_sam_nvic.o
 .ARM.attributes
                0x0000027b       0x33 src/ASF/sam/boards/arduino_due_x/init.o
 .ARM.attributes
                0x000002ae       0x33 src/ASF/sam/drivers/pio/pio.o
 .ARM.attributes
                0x000002e1       0x33 src/ASF/sam/drivers/pio/pio_handler.o
 .ARM.attributes
                0x00000314       0x33 src/ASF/sam/drivers/pmc/pmc.o
 .ARM.attributes
                0x00000347       0x33 src/ASF/sam/utils/cmsis/sam3x/source/templates/exceptions.o
 .ARM.attributes
                0x0000037a       0x33 src/ASF/sam/utils/cmsis/sam3x/source/templates/gcc/startup_sam3x.o
 .ARM.attributes
                0x000003ad       0x33 src/ASF/sam/utils/cmsis/sam3x/source/templates/system_sam3x.o
 .ARM.attributes
                0x000003e0       0x33 src/ASF/sam/utils/syscalls/gcc/syscalls.o
 .ARM.attributes
                0x00000413       0x33 src/main.o
 .ARM.attributes
                0x00000446       0x1d c:/program files (x86)/atmel/studio/7.0/toolchain/arm/arm-gnu-toolchain/bin/../lib/gcc/arm-none-eabi/6.3.1/thumb/v7-m\libgcc.a(_arm_addsubdf3.o)
 .ARM.attributes
                0x00000463       0x1d c:/program files (x86)/atmel/studio/7.0/toolchain/arm/arm-gnu-toolchain/bin/../lib/gcc/arm-none-eabi/6.3.1/thumb/v7-m\libgcc.a(_arm_muldivdf3.o)
 .ARM.attributes
                0x00000480       0x1d c:/program files (x86)/atmel/studio/7.0/toolchain/arm/arm-gnu-toolchain/bin/../lib/gcc/arm-none-eabi/6.3.1/thumb/v7-m\libgcc.a(_arm_fixunsdfsi.o)
 .ARM.attributes
                0x0000049d       0x2d c:/program files (x86)/atmel/studio/7.0/toolchain/arm/arm-gnu-toolchain/bin/../lib/gcc/arm-none-eabi/6.3.1/../../../../arm-none-eabi/lib/thumb/v7-m\libc.a(lib_a-impure.o)
 .ARM.attributes
                0x000004ca       0x2d c:/program files (x86)/atmel/studio/7.0/toolchain/arm/arm-gnu-toolchain/bin/../lib/gcc/arm-none-eabi/6.3.1/../../../../arm-none-eabi/lib/thumb/v7-m\libc.a(lib_a-init.o)
 .ARM.attributes
                0x000004f7       0x2d c:/program files (x86)/atmel/studio/7.0/toolchain/arm/arm-gnu-toolchain/bin/../lib/gcc/arm-none-eabi/6.3.1/../../../../arm-none-eabi/lib/thumb/v7-m\libc.a(lib_a-iprintf.o)
 .ARM.attributes
                0x00000524       0x2d c:/program files (x86)/atmel/studio/7.0/toolchain/arm/arm-gnu-toolchain/bin/../lib/gcc/arm-none-eabi/6.3.1/../../../../arm-none-eabi/lib/thumb/v7-m\libc.a(lib_a-memset.o)
 .ARM.attributes
                0x00000551       0x2d c:/program files (x86)/atmel/studio/7.0/toolchain/arm/arm-gnu-toolchain/bin/../lib/gcc/arm-none-eabi/6.3.1/../../../../arm-none-eabi/lib/thumb/v7-m\libc.a(lib_a-setbuf.o)
 .ARM.attributes
                0x0000057e       0x2d c:/program files (x86)/atmel/studio/7.0/toolchain/arm/arm-gnu-toolchain/bin/../lib/gcc/arm-none-eabi/6.3.1/../../../../arm-none-eabi/lib/thumb/v7-m\libc.a(lib_a-setvbuf.o)
 .ARM.attributes
                0x000005ab       0x2d c:/program files (x86)/atmel/studio/7.0/toolchain/arm/arm-gnu-toolchain/bin/../lib/gcc/arm-none-eabi/6.3.1/../../../../arm-none-eabi/lib/thumb/v7-m\libc.a(lib_a-vfiprintf.o)
 .ARM.attributes
                0x000005d8       0x2d c:/program files (x86)/atmel/studio/7.0/toolchain/arm/arm-gnu-toolchain/bin/../lib/gcc/arm-none-eabi/6.3.1/../../../../arm-none-eabi/lib/thumb/v7-m\libc.a(lib_a-wsetup.o)
 .ARM.attributes
                0x00000605       0x2d c:/program files (x86)/atmel/studio/7.0/toolchain/arm/arm-gnu-toolchain/bin/../lib/gcc/arm-none-eabi/6.3.1/../../../../arm-none-eabi/lib/thumb/v7-m\libc.a(lib_a-__call_atexit.o)
 .ARM.attributes
                0x00000632       0x2d c:/program files (x86)/atmel/studio/7.0/toolchain/arm/arm-gnu-toolchain/bin/../lib/gcc/arm-none-eabi/6.3.1/../../../../arm-none-eabi/lib/thumb/v7-m\libc.a(lib_a-atexit.o)
 .ARM.attributes
                0x0000065f       0x2d c:/program files (x86)/atmel/studio/7.0/toolchain/arm/arm-gnu-toolchain/bin/../lib/gcc/arm-none-eabi/6.3.1/../../../../arm-none-eabi/lib/thumb/v7-m\libc.a(lib_a-fflush.o)
 .ARM.attributes
                0x0000068c       0x2d c:/program files (x86)/atmel/studio/7.0/toolchain/arm/arm-gnu-toolchain/bin/../lib/gcc/arm-none-eabi/6.3.1/../../../../arm-none-eabi/lib/thumb/v7-m\libc.a(lib_a-findfp.o)
 .ARM.attributes
                0x000006b9       0x2d c:/program files (x86)/atmel/studio/7.0/toolchain/arm/arm-gnu-toolchain/bin/../lib/gcc/arm-none-eabi/6.3.1/../../../../arm-none-eabi/lib/thumb/v7-m\libc.a(lib_a-fini.o)
 .ARM.attributes
                0x000006e6       0x2d c:/program files (x86)/atmel/studio/7.0/toolchain/arm/arm-gnu-toolchain/bin/../lib/gcc/arm-none-eabi/6.3.1/../../../../arm-none-eabi/lib/thumb/v7-m\libc.a(lib_a-fputwc.o)
 .ARM.attributes
                0x00000713       0x2d c:/program files (x86)/atmel/studio/7.0/toolchain/arm/arm-gnu-toolchain/bin/../lib/gcc/arm-none-eabi/6.3.1/../../../../arm-none-eabi/lib/thumb/v7-m\libc.a(lib_a-freer.o)
 .ARM.attributes
                0x00000740       0x2d c:/program files (x86)/atmel/studio/7.0/toolchain/arm/arm-gnu-toolchain/bin/../lib/gcc/arm-none-eabi/6.3.1/../../../../arm-none-eabi/lib/thumb/v7-m\libc.a(lib_a-fvwrite.o)
 .ARM.attributes
                0x0000076d       0x2d c:/program files (x86)/atmel/studio/7.0/toolchain/arm/arm-gnu-toolchain/bin/../lib/gcc/arm-none-eabi/6.3.1/../../../../arm-none-eabi/lib/thumb/v7-m\libc.a(lib_a-fwalk.o)
 .ARM.attributes
                0x0000079a       0x2d c:/program files (x86)/atmel/studio/7.0/toolchain/arm/arm-gnu-toolchain/bin/../lib/gcc/arm-none-eabi/6.3.1/../../../../arm-none-eabi/lib/thumb/v7-m\libc.a(lib_a-locale.o)
 .ARM.attributes
                0x000007c7       0x2d c:/program files (x86)/atmel/studio/7.0/toolchain/arm/arm-gnu-toolchain/bin/../lib/gcc/arm-none-eabi/6.3.1/../../../../arm-none-eabi/lib/thumb/v7-m\libc.a(lib_a-lock.o)
 .ARM.attributes
                0x000007f4       0x2d c:/program files (x86)/atmel/studio/7.0/toolchain/arm/arm-gnu-toolchain/bin/../lib/gcc/arm-none-eabi/6.3.1/../../../../arm-none-eabi/lib/thumb/v7-m\libc.a(lib_a-makebuf.o)
 .ARM.attributes
                0x00000821       0x2d c:/program files (x86)/atmel/studio/7.0/toolchain/arm/arm-gnu-toolchain/bin/../lib/gcc/arm-none-eabi/6.3.1/../../../../arm-none-eabi/lib/thumb/v7-m\libc.a(lib_a-malloc.o)
 .ARM.attributes
                0x0000084e       0x2d c:/program files (x86)/atmel/studio/7.0/toolchain/arm/arm-gnu-toolchain/bin/../lib/gcc/arm-none-eabi/6.3.1/../../../../arm-none-eabi/lib/thumb/v7-m\libc.a(lib_a-mallocr.o)
 .ARM.attributes
                0x0000087b       0x2d c:/program files (x86)/atmel/studio/7.0/toolchain/arm/arm-gnu-toolchain/bin/../lib/gcc/arm-none-eabi/6.3.1/../../../../arm-none-eabi/lib/thumb/v7-m\libc.a(lib_a-mbtowc_r.o)
 .ARM.attributes
                0x000008a8       0x2d c:/program files (x86)/atmel/studio/7.0/toolchain/arm/arm-gnu-toolchain/bin/../lib/gcc/arm-none-eabi/6.3.1/../../../../arm-none-eabi/lib/thumb/v7-m\libc.a(lib_a-memchr-stub.o)
 .ARM.attributes
                0x000008d5       0x1b c:/program files (x86)/atmel/studio/7.0/toolchain/arm/arm-gnu-toolchain/bin/../lib/gcc/arm-none-eabi/6.3.1/../../../../arm-none-eabi/lib/thumb/v7-m\libc.a(lib_a-memcpy.o)
 .ARM.attributes
                0x000008f0       0x2d c:/program files (x86)/atmel/studio/7.0/toolchain/arm/arm-gnu-toolchain/bin/../lib/gcc/arm-none-eabi/6.3.1/../../../../arm-none-eabi/lib/thumb/v7-m\libc.a(lib_a-memmove.o)
 .ARM.attributes
                0x0000091d       0x2d c:/program files (x86)/atmel/studio/7.0/toolchain/arm/arm-gnu-toolchain/bin/../lib/gcc/arm-none-eabi/6.3.1/../../../../arm-none-eabi/lib/thumb/v7-m\libc.a(lib_a-mlock.o)
 .ARM.attributes
                0x0000094a       0x2d c:/program files (x86)/atmel/studio/7.0/toolchain/arm/arm-gnu-toolchain/bin/../lib/gcc/arm-none-eabi/6.3.1/../../../../arm-none-eabi/lib/thumb/v7-m\libc.a(lib_a-reallocr.o)
 .ARM.attributes
                0x00000977       0x2d c:/program files (x86)/atmel/studio/7.0/toolchain/arm/arm-gnu-toolchain/bin/../lib/gcc/arm-none-eabi/6.3.1/../../../../arm-none-eabi/lib/thumb/v7-m\libc.a(lib_a-sbrkr.o)
 .ARM.attributes
                0x000009a4       0x2d c:/program files (x86)/atmel/studio/7.0/toolchain/arm/arm-gnu-toolchain/bin/../lib/gcc/arm-none-eabi/6.3.1/../../../../arm-none-eabi/lib/thumb/v7-m\libc.a(lib_a-stdio.o)
 .ARM.attributes
                0x000009d1       0x2d c:/program files (x86)/atmel/studio/7.0/toolchain/arm/arm-gnu-toolchain/bin/../lib/gcc/arm-none-eabi/6.3.1/../../../../arm-none-eabi/lib/thumb/v7-m\libc.a(lib_a-strlen-stub.o)
 .ARM.attributes
                0x000009fe       0x2d c:/program files (x86)/atmel/studio/7.0/toolchain/arm/arm-gnu-toolchain/bin/../lib/gcc/arm-none-eabi/6.3.1/../../../../arm-none-eabi/lib/thumb/v7-m\libc.a(lib_a-wbuf.o)
 .ARM.attributes
                0x00000a2b       0x2d c:/program files (x86)/atmel/studio/7.0/toolchain/arm/arm-gnu-toolchain/bin/../lib/gcc/arm-none-eabi/6.3.1/../../../../arm-none-eabi/lib/thumb/v7-m\libc.a(lib_a-wcrtomb.o)
 .ARM.attributes
                0x00000a58       0x2d c:/program files (x86)/atmel/studio/7.0/toolchain/arm/arm-gnu-toolchain/bin/../lib/gcc/arm-none-eabi/6.3.1/../../../../arm-none-eabi/lib/thumb/v7-m\libc.a(lib_a-wctomb_r.o)
 .ARM.attributes
                0x00000a85       0x2d c:/program files (x86)/atmel/studio/7.0/toolchain/arm/arm-gnu-toolchain/bin/../lib/gcc/arm-none-eabi/6.3.1/../../../../arm-none-eabi/lib/thumb/v7-m\libc.a(lib_a-writer.o)
 .ARM.attributes
                0x00000ab2       0x2d c:/program files (x86)/atmel/studio/7.0/toolchain/arm/arm-gnu-toolchain/bin/../lib/gcc/arm-none-eabi/6.3.1/../../../../arm-none-eabi/lib/thumb/v7-m\libc.a(lib_a-__atexit.o)
 .ARM.attributes
                0x00000adf       0x2d c:/program files (x86)/atmel/studio/7.0/toolchain/arm/arm-gnu-toolchain/bin/../lib/gcc/arm-none-eabi/6.3.1/../../../../arm-none-eabi/lib/thumb/v7-m\libc.a(lib_a-closer.o)
 .ARM.attributes
                0x00000b0c       0x2d c:/program files (x86)/atmel/studio/7.0/toolchain/arm/arm-gnu-toolchain/bin/../lib/gcc/arm-none-eabi/6.3.1/../../../../arm-none-eabi/lib/thumb/v7-m\libc.a(lib_a-ctype_.o)
 .ARM.attributes
                0x00000b39       0x2d c:/program files (x86)/atmel/studio/7.0/toolchain/arm/arm-gnu-toolchain/bin/../lib/gcc/arm-none-eabi/6.3.1/../../../../arm-none-eabi/lib/thumb/v7-m\libc.a(lib_a-fclose.o)
 .ARM.attributes
                0x00000b66       0x2d c:/program files (x86)/atmel/studio/7.0/toolchain/arm/arm-gnu-toolchain/bin/../lib/gcc/arm-none-eabi/6.3.1/../../../../arm-none-eabi/lib/thumb/v7-m\libc.a(lib_a-fstatr.o)
 .ARM.attributes
                0x00000b93       0x2d c:/program files (x86)/atmel/studio/7.0/toolchain/arm/arm-gnu-toolchain/bin/../lib/gcc/arm-none-eabi/6.3.1/../../../../arm-none-eabi/lib/thumb/v7-m\libc.a(lib_a-isattyr.o)
 .ARM.attributes
                0x00000bc0       0x2d c:/program files (x86)/atmel/studio/7.0/toolchain/arm/arm-gnu-toolchain/bin/../lib/gcc/arm-none-eabi/6.3.1/../../../../arm-none-eabi/lib/thumb/v7-m\libc.a(lib_a-lseekr.o)
 .ARM.attributes
                0x00000bed       0x2d c:/program files (x86)/atmel/studio/7.0/toolchain/arm/arm-gnu-toolchain/bin/../lib/gcc/arm-none-eabi/6.3.1/../../../../arm-none-eabi/lib/thumb/v7-m\libc.a(lib_a-readr.o)
 .ARM.attributes
                0x00000c1a       0x2d c:/program files (x86)/atmel/studio/7.0/toolchain/arm/arm-gnu-toolchain/bin/../lib/gcc/arm-none-eabi/6.3.1/../../../../arm-none-eabi/lib/thumb/v7-m\libc.a(lib_a-reent.o)
 .ARM.attributes
                0x00000c47       0x1d c:/program files (x86)/atmel/studio/7.0/toolchain/arm/arm-gnu-toolchain/bin/../lib/gcc/arm-none-eabi/6.3.1/thumb/v7-m\libgcc.a(_aeabi_uldivmod.o)
 .ARM.attributes
                0x00000c64       0x2d c:/program files (x86)/atmel/studio/7.0/toolchain/arm/arm-gnu-toolchain/bin/../lib/gcc/arm-none-eabi/6.3.1/thumb/v7-m\libgcc.a(_udivmoddi4.o)
 .ARM.attributes
                0x00000c91       0x1d c:/program files (x86)/atmel/studio/7.0/toolchain/arm/arm-gnu-toolchain/bin/../lib/gcc/arm-none-eabi/6.3.1/thumb/v7-m\libgcc.a(_dvmd_tls.o)
 .ARM.attributes
                0x00000cae       0x1d c:/program files (x86)/atmel/studio/7.0/toolchain/arm/arm-gnu-toolchain/bin/../lib/gcc/arm-none-eabi/6.3.1/thumb/v7-m/crtn.o

.comment        0x00000000       0x59
 .comment       0x00000000       0x59 src/ASF/common/services/delay/sam/cycle_counter.o
                                 0x5a (size before relaxing)
 .comment       0x00000059       0x5a src/ASF/sam/drivers/tc/tc.o
 .comment       0x00000059       0x5a src/pulse.o
 .comment       0x00000059       0x5a src/ASF/common/services/serial/usart_serial.o
 .comment       0x00000059       0x5a src/ASF/common/utils/stdio/read.o
 .comment       0x00000059       0x5a src/ASF/common/utils/stdio/write.o
 .comment       0x00000059       0x5a src/ASF/sam/drivers/uart/uart.o
 .comment       0x00000059       0x5a src/ASF/sam/drivers/usart/usart.o
 .comment       0x00000059       0x5a src/ASF/thirdparty/wireless/addons/sio2host/uart/sio2host.o
 .comment       0x00000059       0x5a src/ASF/common/services/clock/sam3x/sysclk.o
 .comment       0x00000059       0x5a src/ASF/common/utils/interrupt/interrupt_sam_nvic.o
 .comment       0x00000059       0x5a src/ASF/sam/boards/arduino_due_x/init.o
 .comment       0x00000059       0x5a src/ASF/sam/drivers/pio/pio.o
 .comment       0x00000059       0x5a src/ASF/sam/drivers/pio/pio_handler.o
 .comment       0x00000059       0x5a src/ASF/sam/drivers/pmc/pmc.o
 .comment       0x00000059       0x5a src/ASF/sam/utils/cmsis/sam3x/source/templates/exceptions.o
 .comment       0x00000059       0x5a src/ASF/sam/utils/cmsis/sam3x/source/templates/gcc/startup_sam3x.o
 .comment       0x00000059       0x5a src/ASF/sam/utils/cmsis/sam3x/source/templates/system_sam3x.o
 .comment       0x00000059       0x5a src/ASF/sam/utils/syscalls/gcc/syscalls.o
 .comment       0x00000059       0x5a src/main.o

.debug_info     0x00000000    0x16f53
 .debug_info    0x00000000      0xa45 src/ASF/common/services/delay/sam/cycle_counter.o
 .debug_info    0x00000a45     0x1260 src/ASF/sam/drivers/tc/tc.o
 .debug_info    0x00001ca5     0x16b2 src/pulse.o
 .debug_info    0x00003357     0x113c src/ASF/common/services/serial/usart_serial.o
 .debug_info    0x00004493      0xac9 src/ASF/common/utils/stdio/read.o
 .debug_info    0x00004f5c      0xac6 src/ASF/common/utils/stdio/write.o
 .debug_info    0x00005a22     0x119e src/ASF/sam/drivers/uart/uart.o
 .debug_info    0x00006bc0     0x24e6 src/ASF/sam/drivers/usart/usart.o
 .debug_info    0x000090a6     0x19a3 src/ASF/thirdparty/wireless/addons/sio2host/uart/sio2host.o
 .debug_info    0x0000aa49     0x11ad src/ASF/common/services/clock/sam3x/sysclk.o
 .debug_info    0x0000bbf6      0xb01 src/ASF/common/utils/interrupt/interrupt_sam_nvic.o
 .debug_info    0x0000c6f7     0x108a src/ASF/sam/boards/arduino_due_x/init.o
 .debug_info    0x0000d781     0x1c61 src/ASF/sam/drivers/pio/pio.o
 .debug_info    0x0000f3e2     0x17be src/ASF/sam/drivers/pio/pio_handler.o
 .debug_info    0x00010ba0     0x19df src/ASF/sam/drivers/pmc/pmc.o
 .debug_info    0x0001257f      0xa39 src/ASF/sam/utils/cmsis/sam3x/source/templates/exceptions.o
 .debug_info    0x00012fb8      0xd1b src/ASF/sam/utils/cmsis/sam3x/source/templates/gcc/startup_sam3x.o
 .debug_info    0x00013cd3      0xdc2 src/ASF/sam/utils/cmsis/sam3x/source/templates/system_sam3x.o
 .debug_info    0x00014a95      0xdb0 src/ASF/sam/utils/syscalls/gcc/syscalls.o
 .debug_info    0x00015845     0x170e src/main.o

.debug_abbrev   0x00000000     0x3567
 .debug_abbrev  0x00000000      0x1b3 src/ASF/common/services/delay/sam/cycle_counter.o
 .debug_abbrev  0x000001b3      0x293 src/ASF/sam/drivers/tc/tc.o
 .debug_abbrev  0x00000446      0x316 src/pulse.o
 .debug_abbrev  0x0000075c      0x2b1 src/ASF/common/services/serial/usart_serial.o
 .debug_abbrev  0x00000a0d      0x1fe src/ASF/common/utils/stdio/read.o
 .debug_abbrev  0x00000c0b      0x1e9 src/ASF/common/utils/stdio/write.o
 .debug_abbrev  0x00000df4      0x288 src/ASF/sam/drivers/uart/uart.o
 .debug_abbrev  0x0000107c      0x406 src/ASF/sam/drivers/usart/usart.o
 .debug_abbrev  0x00001482      0x3ea src/ASF/thirdparty/wireless/addons/sio2host/uart/sio2host.o
 .debug_abbrev  0x0000186c      0x330 src/ASF/common/services/clock/sam3x/sysclk.o
 .debug_abbrev  0x00001b9c      0x212 src/ASF/common/utils/interrupt/interrupt_sam_nvic.o
 .debug_abbrev  0x00001dae      0x262 src/ASF/sam/boards/arduino_due_x/init.o
 .debug_abbrev  0x00002010      0x3c7 src/ASF/sam/drivers/pio/pio.o
 .debug_abbrev  0x000023d7      0x329 src/ASF/sam/drivers/pio/pio_handler.o
 .debug_abbrev  0x00002700      0x306 src/ASF/sam/drivers/pmc/pmc.o
 .debug_abbrev  0x00002a06      0x1a4 src/ASF/sam/utils/cmsis/sam3x/source/templates/exceptions.o
 .debug_abbrev  0x00002baa      0x1f2 src/ASF/sam/utils/cmsis/sam3x/source/templates/gcc/startup_sam3x.o
 .debug_abbrev  0x00002d9c      0x1f4 src/ASF/sam/utils/cmsis/sam3x/source/templates/system_sam3x.o
 .debug_abbrev  0x00002f90      0x264 src/ASF/sam/utils/syscalls/gcc/syscalls.o
 .debug_abbrev  0x000031f4      0x373 src/main.o

.debug_aranges  0x00000000      0xaa0
 .debug_aranges
                0x00000000       0x20 src/ASF/common/services/delay/sam/cycle_counter.o
 .debug_aranges
                0x00000020       0xd0 src/ASF/sam/drivers/tc/tc.o
 .debug_aranges
                0x000000f0       0x30 src/pulse.o
 .debug_aranges
                0x00000120       0x28 src/ASF/common/services/serial/usart_serial.o
 .debug_aranges
                0x00000148       0x20 src/ASF/common/utils/stdio/read.o
 .debug_aranges
                0x00000168       0x20 src/ASF/common/utils/stdio/write.o
 .debug_aranges
                0x00000188       0xe8 src/ASF/sam/drivers/uart/uart.o
 .debug_aranges
                0x00000270      0x2a8 src/ASF/sam/drivers/usart/usart.o
 .debug_aranges
                0x00000518       0x60 src/ASF/thirdparty/wireless/addons/sio2host/uart/sio2host.o
 .debug_aranges
                0x00000578       0x40 src/ASF/common/services/clock/sam3x/sysclk.o
 .debug_aranges
                0x000005b8       0x28 src/ASF/common/utils/interrupt/interrupt_sam_nvic.o
 .debug_aranges
                0x000005e0       0x20 src/ASF/sam/boards/arduino_due_x/init.o
 .debug_aranges
                0x00000600      0x148 src/ASF/sam/drivers/pio/pio.o
 .debug_aranges
                0x00000748       0x58 src/ASF/sam/drivers/pio/pio_handler.o
 .debug_aranges
                0x000007a0      0x200 src/ASF/sam/drivers/pmc/pmc.o
 .debug_aranges
                0x000009a0       0x20 src/ASF/sam/utils/cmsis/sam3x/source/templates/exceptions.o
 .debug_aranges
                0x000009c0       0x20 src/ASF/sam/utils/cmsis/sam3x/source/templates/gcc/startup_sam3x.o
 .debug_aranges
                0x000009e0       0x30 src/ASF/sam/utils/cmsis/sam3x/source/templates/system_sam3x.o
 .debug_aranges
                0x00000a10       0x60 src/ASF/sam/utils/syscalls/gcc/syscalls.o
 .debug_aranges
                0x00000a70       0x30 src/main.o

.debug_ranges   0x00000000      0x9c0
 .debug_ranges  0x00000000       0x10 src/ASF/common/services/delay/sam/cycle_counter.o
 .debug_ranges  0x00000010       0xc0 src/ASF/sam/drivers/tc/tc.o
 .debug_ranges  0x000000d0       0x20 src/pulse.o
 .debug_ranges  0x000000f0       0x48 src/ASF/common/services/serial/usart_serial.o
 .debug_ranges  0x00000138       0x10 src/ASF/common/utils/stdio/read.o
 .debug_ranges  0x00000148       0x10 src/ASF/common/utils/stdio/write.o
 .debug_ranges  0x00000158       0xd8 src/ASF/sam/drivers/uart/uart.o
 .debug_ranges  0x00000230      0x298 src/ASF/sam/drivers/usart/usart.o
 .debug_ranges  0x000004c8       0x50 src/ASF/thirdparty/wireless/addons/sio2host/uart/sio2host.o
 .debug_ranges  0x00000518       0x30 src/ASF/common/services/clock/sam3x/sysclk.o
 .debug_ranges  0x00000548       0x18 src/ASF/common/utils/interrupt/interrupt_sam_nvic.o
 .debug_ranges  0x00000560       0x10 src/ASF/sam/boards/arduino_due_x/init.o
 .debug_ranges  0x00000570      0x150 src/ASF/sam/drivers/pio/pio.o
 .debug_ranges  0x000006c0       0x60 src/ASF/sam/drivers/pio/pio_handler.o
 .debug_ranges  0x00000720      0x1f0 src/ASF/sam/drivers/pmc/pmc.o
 .debug_ranges  0x00000910       0x10 src/ASF/sam/utils/cmsis/sam3x/source/templates/exceptions.o
 .debug_ranges  0x00000920       0x10 src/ASF/sam/utils/cmsis/sam3x/source/templates/gcc/startup_sam3x.o
 .debug_ranges  0x00000930       0x20 src/ASF/sam/utils/cmsis/sam3x/source/templates/system_sam3x.o
 .debug_ranges  0x00000950       0x50 src/ASF/sam/utils/syscalls/gcc/syscalls.o
 .debug_ranges  0x000009a0       0x20 src/main.o

.debug_macro    0x00000000    0x192a6
 .debug_macro   0x00000000      0x55f src/ASF/common/services/delay/sam/cycle_counter.o
 .debug_macro   0x0000055f      0x8ce src/ASF/common/services/delay/sam/cycle_counter.o
 .debug_macro   0x00000e2d      0x16d src/ASF/common/services/delay/sam/cycle_counter.o
 .debug_macro   0x00000f9a      0x64b src/ASF/common/services/delay/sam/cycle_counter.o
 .debug_macro   0x000015e5       0x76 src/ASF/common/services/delay/sam/cycle_counter.o
 .debug_macro   0x0000165b       0x16 src/ASF/common/services/delay/sam/cycle_counter.o
 .debug_macro   0x00001671      0x6e4 src/ASF/common/services/delay/sam/cycle_counter.o
 .debug_macro   0x00001d55       0x22 src/ASF/common/services/delay/sam/cycle_counter.o
 .debug_macro   0x00001d77       0x87 src/ASF/common/services/delay/sam/cycle_counter.o
 .debug_macro   0x00001dfe       0x51 src/ASF/common/services/delay/sam/cycle_counter.o
 .debug_macro   0x00001e4f       0xef src/ASF/common/services/delay/sam/cycle_counter.o
 .debug_macro   0x00001f3e       0x6a src/ASF/common/services/delay/sam/cycle_counter.o
 .debug_macro   0x00001fa8      0x1df src/ASF/common/services/delay/sam/cycle_counter.o
 .debug_macro   0x00002187       0x20 src/ASF/common/services/delay/sam/cycle_counter.o
 .debug_macro   0x000021a7       0x3a src/ASF/common/services/delay/sam/cycle_counter.o
 .debug_macro   0x000021e1       0x2d src/ASF/common/services/delay/sam/cycle_counter.o
 .debug_macro   0x0000220e      0xbb1 src/ASF/common/services/delay/sam/cycle_counter.o
 .debug_macro   0x00002dbf      0xab6 src/ASF/common/services/delay/sam/cycle_counter.o
 .debug_macro   0x00003875      0x569 src/ASF/common/services/delay/sam/cycle_counter.o
 .debug_macro   0x00003dde      0x2b5 src/ASF/common/services/delay/sam/cycle_counter.o
 .debug_macro   0x00004093      0x31a src/ASF/common/services/delay/sam/cycle_counter.o
 .debug_macro   0x000043ad      0x74f src/ASF/common/services/delay/sam/cycle_counter.o
 .debug_macro   0x00004afc       0x82 src/ASF/common/services/delay/sam/cycle_counter.o
 .debug_macro   0x00004b7e      0x57b src/ASF/common/services/delay/sam/cycle_counter.o
 .debug_macro   0x000050f9       0x1c src/ASF/common/services/delay/sam/cycle_counter.o
 .debug_macro   0x00005115      0x6b7 src/ASF/common/services/delay/sam/cycle_counter.o
 .debug_macro   0x000057cc      0x52d src/ASF/common/services/delay/sam/cycle_counter.o
 .debug_macro   0x00005cf9       0xbe src/ASF/common/services/delay/sam/cycle_counter.o
 .debug_macro   0x00005db7     0x2342 src/ASF/common/services/delay/sam/cycle_counter.o
 .debug_macro   0x000080f9      0x85d src/ASF/common/services/delay/sam/cycle_counter.o
 .debug_macro   0x00008956      0xdc9 src/ASF/common/services/delay/sam/cycle_counter.o
 .debug_macro   0x0000971f       0x7c src/ASF/common/services/delay/sam/cycle_counter.o
 .debug_macro   0x0000979b      0x263 src/ASF/common/services/delay/sam/cycle_counter.o
 .debug_macro   0x000099fe       0x58 src/ASF/common/services/delay/sam/cycle_counter.o
 .debug_macro   0x00009a56      0x9a7 src/ASF/common/services/delay/sam/cycle_counter.o
 .debug_macro   0x0000a3fd      0x248 src/ASF/common/services/delay/sam/cycle_counter.o
 .debug_macro   0x0000a645      0x4df src/ASF/common/services/delay/sam/cycle_counter.o
 .debug_macro   0x0000ab24      0x6b3 src/ASF/common/services/delay/sam/cycle_counter.o
 .debug_macro   0x0000b1d7      0x59f src/ASF/common/services/delay/sam/cycle_counter.o
 .debug_macro   0x0000b776       0x46 src/ASF/common/services/delay/sam/cycle_counter.o
 .debug_macro   0x0000b7bc      0x34d src/ASF/common/services/delay/sam/cycle_counter.o
 .debug_macro   0x0000bb09      0x28c src/ASF/common/services/delay/sam/cycle_counter.o
 .debug_macro   0x0000bd95     0x14d7 src/ASF/common/services/delay/sam/cycle_counter.o
 .debug_macro   0x0000d26c      0x7ba src/ASF/common/services/delay/sam/cycle_counter.o
 .debug_macro   0x0000da26       0x76 src/ASF/common/services/delay/sam/cycle_counter.o
 .debug_macro   0x0000da9c       0x82 src/ASF/common/services/delay/sam/cycle_counter.o
 .debug_macro   0x0000db1e       0x76 src/ASF/common/services/delay/sam/cycle_counter.o
 .debug_macro   0x0000db94       0x4c src/ASF/common/services/delay/sam/cycle_counter.o
 .debug_macro   0x0000dbe0      0x105 src/ASF/common/services/delay/sam/cycle_counter.o
 .debug_macro   0x0000dce5      0x105 src/ASF/common/services/delay/sam/cycle_counter.o
 .debug_macro   0x0000ddea      0x105 src/ASF/common/services/delay/sam/cycle_counter.o
 .debug_macro   0x0000deef       0x88 src/ASF/common/services/delay/sam/cycle_counter.o
 .debug_macro   0x0000df77       0x88 src/ASF/common/services/delay/sam/cycle_counter.o
 .debug_macro   0x0000dfff      0x3b4 src/ASF/common/services/delay/sam/cycle_counter.o
 .debug_macro   0x0000e3b3       0xb8 src/ASF/common/services/delay/sam/cycle_counter.o
 .debug_macro   0x0000e46b       0xb8 src/ASF/common/services/delay/sam/cycle_counter.o
 .debug_macro   0x0000e523       0xb8 src/ASF/common/services/delay/sam/cycle_counter.o
 .debug_macro   0x0000e5db       0xb8 src/ASF/common/services/delay/sam/cycle_counter.o
 .debug_macro   0x0000e693      0x2b8 src/ASF/common/services/delay/sam/cycle_counter.o
 .debug_macro   0x0000e94b      0x125 src/ASF/common/services/delay/sam/cycle_counter.o
 .debug_macro   0x0000ea70      0x225 src/ASF/common/services/delay/sam/cycle_counter.o
 .debug_macro   0x0000ec95      0x225 src/ASF/common/services/delay/sam/cycle_counter.o
 .debug_macro   0x0000eeba       0x2e src/ASF/common/services/delay/sam/cycle_counter.o
 .debug_macro   0x0000eee8       0xac src/ASF/common/services/delay/sam/cycle_counter.o
 .debug_macro   0x0000ef94      0x14d src/ASF/common/services/delay/sam/cycle_counter.o
 .debug_macro   0x0000f0e1       0x7c src/ASF/common/services/delay/sam/cycle_counter.o
 .debug_macro   0x0000f15d      0x205 src/ASF/common/services/delay/sam/cycle_counter.o
 .debug_macro   0x0000f362       0x64 src/ASF/common/services/delay/sam/cycle_counter.o
 .debug_macro   0x0000f3c6       0xa6 src/ASF/common/services/delay/sam/cycle_counter.o
 .debug_macro   0x0000f46c       0x7c src/ASF/common/services/delay/sam/cycle_counter.o
 .debug_macro   0x0000f4e8       0x16 src/ASF/common/services/delay/sam/cycle_counter.o
 .debug_macro   0x0000f4fe       0x22 src/ASF/common/services/delay/sam/cycle_counter.o
 .debug_macro   0x0000f520       0x22 src/ASF/common/services/delay/sam/cycle_counter.o
 .debug_macro   0x0000f542      0x115 src/ASF/common/services/delay/sam/cycle_counter.o
 .debug_macro   0x0000f657      0x115 src/ASF/common/services/delay/sam/cycle_counter.o
 .debug_macro   0x0000f76c      0x115 src/ASF/common/services/delay/sam/cycle_counter.o
 .debug_macro   0x0000f881      0x115 src/ASF/common/services/delay/sam/cycle_counter.o
 .debug_macro   0x0000f996       0x1c src/ASF/common/services/delay/sam/cycle_counter.o
 .debug_macro   0x0000f9b2       0x2e src/ASF/common/services/delay/sam/cycle_counter.o
 .debug_macro   0x0000f9e0       0x22 src/ASF/common/services/delay/sam/cycle_counter.o
 .debug_macro   0x0000fa02       0x1c src/ASF/common/services/delay/sam/cycle_counter.o
 .debug_macro   0x0000fa1e       0x58 src/ASF/common/services/delay/sam/cycle_counter.o
 .debug_macro   0x0000fa76       0x10 src/ASF/common/services/delay/sam/cycle_counter.o
 .debug_macro   0x0000fa86      0x273 src/ASF/common/services/delay/sam/cycle_counter.o
 .debug_macro   0x0000fcf9      0xd43 src/ASF/common/services/delay/sam/cycle_counter.o
 .debug_macro   0x00010a3c      0x131 src/ASF/common/services/delay/sam/cycle_counter.o
 .debug_macro   0x00010b6d       0x58 src/ASF/common/services/delay/sam/cycle_counter.o
 .debug_macro   0x00010bc5       0x35 src/ASF/common/services/delay/sam/cycle_counter.o
 .debug_macro   0x00010bfa       0x9c src/ASF/common/services/delay/sam/cycle_counter.o
 .debug_macro   0x00010c96       0x16 src/ASF/common/services/delay/sam/cycle_counter.o
 .debug_macro   0x00010cac       0x35 src/ASF/common/services/delay/sam/cycle_counter.o
 .debug_macro   0x00010ce1      0x353 src/ASF/common/services/delay/sam/cycle_counter.o
 .debug_macro   0x00011034       0x10 src/ASF/common/services/delay/sam/cycle_counter.o
 .debug_macro   0x00011044       0x58 src/ASF/common/services/delay/sam/cycle_counter.o
 .debug_macro   0x0001109c       0x1f src/ASF/common/services/delay/sam/cycle_counter.o
 .debug_macro   0x000110bb       0x43 src/ASF/common/services/delay/sam/cycle_counter.o
 .debug_macro   0x000110fe       0x20 src/ASF/common/services/delay/sam/cycle_counter.o
 .debug_macro   0x0001111e      0x187 src/ASF/common/services/delay/sam/cycle_counter.o
 .debug_macro   0x000112a5       0x10 src/ASF/common/services/delay/sam/cycle_counter.o
 .debug_macro   0x000112b5       0x1c src/ASF/common/services/delay/sam/cycle_counter.o
 .debug_macro   0x000112d1       0x52 src/ASF/common/services/delay/sam/cycle_counter.o
 .debug_macro   0x00011323       0x40 src/ASF/common/services/delay/sam/cycle_counter.o
 .debug_macro   0x00011363       0x10 src/ASF/common/services/delay/sam/cycle_counter.o
 .debug_macro   0x00011373       0x40 src/ASF/common/services/delay/sam/cycle_counter.o
 .debug_macro   0x000113b3       0xd7 src/ASF/common/services/delay/sam/cycle_counter.o
 .debug_macro   0x0001148a       0x16 src/ASF/common/services/delay/sam/cycle_counter.o
 .debug_macro   0x000114a0      0x18b src/ASF/common/services/delay/sam/cycle_counter.o
 .debug_macro   0x0001162b       0x22 src/ASF/common/services/delay/sam/cycle_counter.o
 .debug_macro   0x0001164d       0x16 src/ASF/common/services/delay/sam/cycle_counter.o
 .debug_macro   0x00011663       0x16 src/ASF/common/services/delay/sam/cycle_counter.o
 .debug_macro   0x00011679       0x29 src/ASF/common/services/delay/sam/cycle_counter.o
 .debug_macro   0x000116a2       0x75 src/ASF/common/services/delay/sam/cycle_counter.o
 .debug_macro   0x00011717       0x45 src/ASF/common/services/delay/sam/cycle_counter.o
 .debug_macro   0x0001175c      0x3ca src/ASF/common/services/delay/sam/cycle_counter.o
 .debug_macro   0x00011b26       0x22 src/ASF/common/services/delay/sam/cycle_counter.o
 .debug_macro   0x00011b48      0x56c src/ASF/sam/drivers/tc/tc.o
 .debug_macro   0x000120b4       0x52 src/ASF/sam/drivers/tc/tc.o
 .debug_macro   0x00012106       0x8d src/ASF/sam/drivers/tc/tc.o
 .debug_macro   0x00012193       0x16 src/ASF/sam/drivers/tc/tc.o
 .debug_macro   0x000121a9       0x57 src/ASF/sam/drivers/tc/tc.o
 .debug_macro   0x00012200       0x1c src/ASF/sam/drivers/tc/tc.o
 .debug_macro   0x0001221c      0x6b3 src/pulse.o
 .debug_macro   0x000128cf      0x60a src/ASF/common/services/serial/usart_serial.o
 .debug_macro   0x00012ed9      0x550 src/ASF/common/utils/stdio/read.o
 .debug_macro   0x00013429      0x550 src/ASF/common/utils/stdio/write.o
 .debug_macro   0x00013979      0x55f src/ASF/sam/drivers/uart/uart.o
 .debug_macro   0x00013ed8       0x16 src/ASF/sam/drivers/uart/uart.o
 .debug_macro   0x00013eee      0x59b src/ASF/sam/drivers/usart/usart.o
 .debug_macro   0x00014489       0x28 src/ASF/sam/drivers/usart/usart.o
 .debug_macro   0x000144b1      0x6b4 src/ASF/thirdparty/wireless/addons/sio2host/uart/sio2host.o
 .debug_macro   0x00014b65       0x40 src/ASF/thirdparty/wireless/addons/sio2host/uart/sio2host.o
 .debug_macro   0x00014ba5      0x5d1 src/ASF/common/services/clock/sam3x/sysclk.o
 .debug_macro   0x00015176      0x2c0 src/ASF/common/services/clock/sam3x/sysclk.o
 .debug_macro   0x00015436      0x55a src/ASF/common/utils/interrupt/interrupt_sam_nvic.o
 .debug_macro   0x00015990       0x3f src/ASF/common/utils/interrupt/interrupt_sam_nvic.o
 .debug_macro   0x000159cf      0x616 src/ASF/sam/boards/arduino_due_x/init.o
 .debug_macro   0x00015fe5       0x16 src/ASF/sam/boards/arduino_due_x/init.o
 .debug_macro   0x00015ffb       0x6a src/ASF/sam/boards/arduino_due_x/init.o
 .debug_macro   0x00016065      0x56b src/ASF/sam/drivers/pio/pio.o
 .debug_macro   0x000165d0       0x8e src/ASF/sam/drivers/pio/pio.o
 .debug_macro   0x0001665e      0x56f src/ASF/sam/drivers/pio/pio_handler.o
 .debug_macro   0x00016bcd      0x565 src/ASF/sam/drivers/pmc/pmc.o
 .debug_macro   0x00017132       0x58 src/ASF/sam/drivers/pmc/pmc.o
 .debug_macro   0x0001718a      0x564 src/ASF/sam/utils/cmsis/sam3x/source/templates/exceptions.o
 .debug_macro   0x000176ee      0x572 src/ASF/sam/utils/cmsis/sam3x/source/templates/gcc/startup_sam3x.o
 .debug_macro   0x00017c60      0x572 src/ASF/sam/utils/cmsis/sam3x/source/templates/system_sam3x.o
 .debug_macro   0x000181d2       0x26 src/ASF/sam/utils/cmsis/sam3x/source/templates/system_sam3x.o
 .debug_macro   0x000181f8      0x1d6 src/ASF/sam/utils/syscalls/gcc/syscalls.o
 .debug_macro   0x000183ce       0x97 src/ASF/sam/utils/syscalls/gcc/syscalls.o
 .debug_macro   0x00018465       0xf6 src/ASF/sam/utils/syscalls/gcc/syscalls.o
 .debug_macro   0x0001855b       0x4c src/ASF/sam/utils/syscalls/gcc/syscalls.o
 .debug_macro   0x000185a7       0x16 src/ASF/sam/utils/syscalls/gcc/syscalls.o
 .debug_macro   0x000185bd       0x10 src/ASF/sam/utils/syscalls/gcc/syscalls.o
 .debug_macro   0x000185cd       0x10 src/ASF/sam/utils/syscalls/gcc/syscalls.o
 .debug_macro   0x000185dd       0x35 src/ASF/sam/utils/syscalls/gcc/syscalls.o
 .debug_macro   0x00018612      0x122 src/ASF/sam/utils/syscalls/gcc/syscalls.o
 .debug_macro   0x00018734      0x6ef src/main.o
 .debug_macro   0x00018e23       0x10 src/main.o
 .debug_macro   0x00018e33      0x45d src/main.o
 .debug_macro   0x00019290       0x16 src/main.o

.debug_line     0x00000000    0x1034d
 .debug_line    0x00000000      0xb4e src/ASF/common/services/delay/sam/cycle_counter.o
 .debug_line    0x00000b4e      0xce6 src/ASF/sam/drivers/tc/tc.o
 .debug_line    0x00001834      0xf99 src/pulse.o
 .debug_line    0x000027cd      0xd98 src/ASF/common/services/serial/usart_serial.o
 .debug_line    0x00003565      0xb48 src/ASF/common/utils/stdio/read.o
 .debug_line    0x000040ad      0xb40 src/ASF/common/utils/stdio/write.o
 .debug_line    0x00004bed      0xcfb src/ASF/sam/drivers/uart/uart.o
 .debug_line    0x000058e8     0x1222 src/ASF/sam/drivers/usart/usart.o
 .debug_line    0x00006b0a     0x10f5 src/ASF/thirdparty/wireless/addons/sio2host/uart/sio2host.o
 .debug_line    0x00007bff      0xcba src/ASF/common/services/clock/sam3x/sysclk.o
 .debug_line    0x000088b9      0xb62 src/ASF/common/utils/interrupt/interrupt_sam_nvic.o
 .debug_line    0x0000941b      0xd4d src/ASF/sam/boards/arduino_due_x/init.o
 .debug_line    0x0000a168      0xec9 src/ASF/sam/drivers/pio/pio.o
 .debug_line    0x0000b031      0xc0d src/ASF/sam/drivers/pio/pio_handler.o
 .debug_line    0x0000bc3e     0x10c0 src/ASF/sam/drivers/pmc/pmc.o
 .debug_line    0x0000ccfe      0xb23 src/ASF/sam/utils/cmsis/sam3x/source/templates/exceptions.o
 .debug_line    0x0000d821      0xb6c src/ASF/sam/utils/cmsis/sam3x/source/templates/gcc/startup_sam3x.o
 .debug_line    0x0000e38d      0xb9e src/ASF/sam/utils/cmsis/sam3x/source/templates/system_sam3x.o
 .debug_line    0x0000ef2b      0x40b src/ASF/sam/utils/syscalls/gcc/syscalls.o
 .debug_line    0x0000f336     0x1017 src/main.o

.debug_str      0x00000000    0x657b7
 .debug_str     0x00000000    0x5c5b0 src/ASF/common/services/delay/sam/cycle_counter.o
                              0x5c946 (size before relaxing)
 .debug_str     0x0005c5b0      0x3f3 src/ASF/sam/drivers/tc/tc.o
                              0x5cb7a (size before relaxing)
 .debug_str     0x0005c9a3     0x4c43 src/pulse.o
                              0x616ce (size before relaxing)
 .debug_str     0x000615e6      0x3a3 src/ASF/common/services/serial/usart_serial.o
                              0x60996 (size before relaxing)
 .debug_str     0x00061989       0x2c src/ASF/common/utils/stdio/read.o
                              0x5c7cb (size before relaxing)
 .debug_str     0x000619b5       0x26 src/ASF/common/utils/stdio/write.o
                              0x5c7cc (size before relaxing)
 .debug_str     0x000619db      0x295 src/ASF/sam/drivers/uart/uart.o
                              0x5cb97 (size before relaxing)
 .debug_str     0x00061c70      0xa18 src/ASF/sam/drivers/usart/usart.o
                              0x5d448 (size before relaxing)
 .debug_str     0x00062688      0x6ae src/ASF/thirdparty/wireless/addons/sio2host/uart/sio2host.o
                              0x61d1e (size before relaxing)
 .debug_str     0x00062d36      0x364 src/ASF/common/services/clock/sam3x/sysclk.o
                              0x6087d (size before relaxing)
 .debug_str     0x0006309a       0x73 src/ASF/common/utils/interrupt/interrupt_sam_nvic.o
                              0x5c822 (size before relaxing)
 .debug_str     0x0006310d       0xc9 src/ASF/sam/boards/arduino_due_x/init.o
                              0x60f5f (size before relaxing)
 .debug_str     0x000631d6      0x3e4 src/ASF/sam/drivers/pio/pio.o
                              0x5d176 (size before relaxing)
 .debug_str     0x000635ba      0x1bf src/ASF/sam/drivers/pio/pio_handler.o
                              0x5d26f (size before relaxing)
 .debug_str     0x00063779      0x569 src/ASF/sam/drivers/pmc/pmc.o
                              0x5d1f2 (size before relaxing)
 .debug_str     0x00063ce2       0x4d src/ASF/sam/utils/cmsis/sam3x/source/templates/exceptions.o
                              0x5c7eb (size before relaxing)
 .debug_str     0x00063d2f       0xd9 src/ASF/sam/utils/cmsis/sam3x/source/templates/gcc/startup_sam3x.o
                              0x5c8e7 (size before relaxing)
 .debug_str     0x00063e08      0x195 src/ASF/sam/utils/cmsis/sam3x/source/templates/system_sam3x.o
                              0x5cac3 (size before relaxing)
 .debug_str     0x00063f9d      0x774 src/ASF/sam/utils/syscalls/gcc/syscalls.o
                               0x741f (size before relaxing)
 .debug_str     0x00064711     0x10a6 src/main.o
                              0x62846 (size before relaxing)

.debug_frame    0x00000000     0x24ac
 .debug_frame   0x00000000       0x20 src/ASF/common/services/delay/sam/cycle_counter.o
 .debug_frame   0x00000020      0x1a8 src/ASF/sam/drivers/tc/tc.o
 .debug_frame   0x000001c8       0x64 src/pulse.o
 .debug_frame   0x0000022c       0x80 src/ASF/common/services/serial/usart_serial.o
 .debug_frame   0x000002ac       0x30 src/ASF/common/utils/stdio/read.o
 .debug_frame   0x000002dc       0x48 src/ASF/common/utils/stdio/write.o
 .debug_frame   0x00000324      0x1bc src/ASF/sam/drivers/uart/uart.o
 .debug_frame   0x000004e0      0x5cc src/ASF/sam/drivers/usart/usart.o
 .debug_frame   0x00000aac      0x134 src/ASF/thirdparty/wireless/addons/sio2host/uart/sio2host.o
 .debug_frame   0x00000be0       0x88 src/ASF/common/services/clock/sam3x/sysclk.o
 .debug_frame   0x00000c68       0x30 src/ASF/common/utils/interrupt/interrupt_sam_nvic.o
 .debug_frame   0x00000c98       0x28 src/ASF/sam/boards/arduino_due_x/init.o
 .debug_frame   0x00000cc0      0x2b8 src/ASF/sam/drivers/pio/pio.o
 .debug_frame   0x00000f78       0xf8 src/ASF/sam/drivers/pio/pio_handler.o
 .debug_frame   0x00001070      0x3ec src/ASF/sam/drivers/pmc/pmc.o
 .debug_frame   0x0000145c       0x20 src/ASF/sam/utils/cmsis/sam3x/source/templates/exceptions.o
 .debug_frame   0x0000147c       0x28 src/ASF/sam/utils/cmsis/sam3x/source/templates/gcc/startup_sam3x.o
 .debug_frame   0x000014a4       0x40 src/ASF/sam/utils/cmsis/sam3x/source/templates/system_sam3x.o
 .debug_frame   0x000014e4       0xa0 src/ASF/sam/utils/syscalls/gcc/syscalls.o
 .debug_frame   0x00001584       0x70 src/main.o
 .debug_frame   0x000015f4       0xac c:/program files (x86)/atmel/studio/7.0/toolchain/arm/arm-gnu-toolchain/bin/../lib/gcc/arm-none-eabi/6.3.1/thumb/v7-m\libgcc.a(_arm_addsubdf3.o)
 .debug_frame   0x000016a0       0x50 c:/program files (x86)/atmel/studio/7.0/toolchain/arm/arm-gnu-toolchain/bin/../lib/gcc/arm-none-eabi/6.3.1/thumb/v7-m\libgcc.a(_arm_muldivdf3.o)
 .debug_frame   0x000016f0       0x24 c:/program files (x86)/atmel/studio/7.0/toolchain/arm/arm-gnu-toolchain/bin/../lib/gcc/arm-none-eabi/6.3.1/thumb/v7-m\libgcc.a(_arm_fixunsdfsi.o)
 .debug_frame   0x00001714       0x2c c:/program files (x86)/atmel/studio/7.0/toolchain/arm/arm-gnu-toolchain/bin/../lib/gcc/arm-none-eabi/6.3.1/../../../../arm-none-eabi/lib/thumb/v7-m\libc.a(lib_a-init.o)
 .debug_frame   0x00001740       0x78 c:/program files (x86)/atmel/studio/7.0/toolchain/arm/arm-gnu-toolchain/bin/../lib/gcc/arm-none-eabi/6.3.1/../../../../arm-none-eabi/lib/thumb/v7-m\libc.a(lib_a-iprintf.o)
 .debug_frame   0x000017b8       0x34 c:/program files (x86)/atmel/studio/7.0/toolchain/arm/arm-gnu-toolchain/bin/../lib/gcc/arm-none-eabi/6.3.1/../../../../arm-none-eabi/lib/thumb/v7-m\libc.a(lib_a-memset.o)
 .debug_frame   0x000017ec       0x20 c:/program files (x86)/atmel/studio/7.0/toolchain/arm/arm-gnu-toolchain/bin/../lib/gcc/arm-none-eabi/6.3.1/../../../../arm-none-eabi/lib/thumb/v7-m\libc.a(lib_a-setbuf.o)
 .debug_frame   0x0000180c       0x48 c:/program files (x86)/atmel/studio/7.0/toolchain/arm/arm-gnu-toolchain/bin/../lib/gcc/arm-none-eabi/6.3.1/../../../../arm-none-eabi/lib/thumb/v7-m\libc.a(lib_a-setvbuf.o)
 .debug_frame   0x00001854       0xd8 c:/program files (x86)/atmel/studio/7.0/toolchain/arm/arm-gnu-toolchain/bin/../lib/gcc/arm-none-eabi/6.3.1/../../../../arm-none-eabi/lib/thumb/v7-m\libc.a(lib_a-vfiprintf.o)
 .debug_frame   0x0000192c       0x2c c:/program files (x86)/atmel/studio/7.0/toolchain/arm/arm-gnu-toolchain/bin/../lib/gcc/arm-none-eabi/6.3.1/../../../../arm-none-eabi/lib/thumb/v7-m\libc.a(lib_a-wsetup.o)
 .debug_frame   0x00001958       0x5c c:/program files (x86)/atmel/studio/7.0/toolchain/arm/arm-gnu-toolchain/bin/../lib/gcc/arm-none-eabi/6.3.1/../../../../arm-none-eabi/lib/thumb/v7-m\libc.a(lib_a-__call_atexit.o)
 .debug_frame   0x000019b4       0x20 c:/program files (x86)/atmel/studio/7.0/toolchain/arm/arm-gnu-toolchain/bin/../lib/gcc/arm-none-eabi/6.3.1/../../../../arm-none-eabi/lib/thumb/v7-m\libc.a(lib_a-atexit.o)
 .debug_frame   0x000019d4       0x5c c:/program files (x86)/atmel/studio/7.0/toolchain/arm/arm-gnu-toolchain/bin/../lib/gcc/arm-none-eabi/6.3.1/../../../../arm-none-eabi/lib/thumb/v7-m\libc.a(lib_a-fflush.o)
 .debug_frame   0x00001a30      0x150 c:/program files (x86)/atmel/studio/7.0/toolchain/arm/arm-gnu-toolchain/bin/../lib/gcc/arm-none-eabi/6.3.1/../../../../arm-none-eabi/lib/thumb/v7-m\libc.a(lib_a-findfp.o)
 .debug_frame   0x00001b80       0x34 c:/program files (x86)/atmel/studio/7.0/toolchain/arm/arm-gnu-toolchain/bin/../lib/gcc/arm-none-eabi/6.3.1/../../../../arm-none-eabi/lib/thumb/v7-m\libc.a(lib_a-fini.o)
 .debug_frame   0x00001bb4       0x90 c:/program files (x86)/atmel/studio/7.0/toolchain/arm/arm-gnu-toolchain/bin/../lib/gcc/arm-none-eabi/6.3.1/../../../../arm-none-eabi/lib/thumb/v7-m\libc.a(lib_a-fputwc.o)
 .debug_frame   0x00001c44       0x74 c:/program files (x86)/atmel/studio/7.0/toolchain/arm/arm-gnu-toolchain/bin/../lib/gcc/arm-none-eabi/6.3.1/../../../../arm-none-eabi/lib/thumb/v7-m\libc.a(lib_a-freer.o)
 .debug_frame   0x00001cb8       0x68 c:/program files (x86)/atmel/studio/7.0/toolchain/arm/arm-gnu-toolchain/bin/../lib/gcc/arm-none-eabi/6.3.1/../../../../arm-none-eabi/lib/thumb/v7-m\libc.a(lib_a-fvwrite.o)
 .debug_frame   0x00001d20       0x54 c:/program files (x86)/atmel/studio/7.0/toolchain/arm/arm-gnu-toolchain/bin/../lib/gcc/arm-none-eabi/6.3.1/../../../../arm-none-eabi/lib/thumb/v7-m\libc.a(lib_a-fwalk.o)
 .debug_frame   0x00001d74       0x6c c:/program files (x86)/atmel/studio/7.0/toolchain/arm/arm-gnu-toolchain/bin/../lib/gcc/arm-none-eabi/6.3.1/../../../../arm-none-eabi/lib/thumb/v7-m\libc.a(lib_a-locale.o)
 .debug_frame   0x00001de0       0xb0 c:/program files (x86)/atmel/studio/7.0/toolchain/arm/arm-gnu-toolchain/bin/../lib/gcc/arm-none-eabi/6.3.1/../../../../arm-none-eabi/lib/thumb/v7-m\libc.a(lib_a-lock.o)
 .debug_frame   0x00001e90       0x68 c:/program files (x86)/atmel/studio/7.0/toolchain/arm/arm-gnu-toolchain/bin/../lib/gcc/arm-none-eabi/6.3.1/../../../../arm-none-eabi/lib/thumb/v7-m\libc.a(lib_a-makebuf.o)
 .debug_frame   0x00001ef8       0x30 c:/program files (x86)/atmel/studio/7.0/toolchain/arm/arm-gnu-toolchain/bin/../lib/gcc/arm-none-eabi/6.3.1/../../../../arm-none-eabi/lib/thumb/v7-m\libc.a(lib_a-malloc.o)
 .debug_frame   0x00001f28       0x54 c:/program files (x86)/atmel/studio/7.0/toolchain/arm/arm-gnu-toolchain/bin/../lib/gcc/arm-none-eabi/6.3.1/../../../../arm-none-eabi/lib/thumb/v7-m\libc.a(lib_a-mallocr.o)
 .debug_frame   0x00001f7c       0x4c c:/program files (x86)/atmel/studio/7.0/toolchain/arm/arm-gnu-toolchain/bin/../lib/gcc/arm-none-eabi/6.3.1/../../../../arm-none-eabi/lib/thumb/v7-m\libc.a(lib_a-mbtowc_r.o)
 .debug_frame   0x00001fc8       0x34 c:/program files (x86)/atmel/studio/7.0/toolchain/arm/arm-gnu-toolchain/bin/../lib/gcc/arm-none-eabi/6.3.1/../../../../arm-none-eabi/lib/thumb/v7-m\libc.a(lib_a-memchr-stub.o)
 .debug_frame   0x00001ffc       0x30 c:/program files (x86)/atmel/studio/7.0/toolchain/arm/arm-gnu-toolchain/bin/../lib/gcc/arm-none-eabi/6.3.1/../../../../arm-none-eabi/lib/thumb/v7-m\libc.a(lib_a-memmove.o)
 .debug_frame   0x0000202c       0x30 c:/program files (x86)/atmel/studio/7.0/toolchain/arm/arm-gnu-toolchain/bin/../lib/gcc/arm-none-eabi/6.3.1/../../../../arm-none-eabi/lib/thumb/v7-m\libc.a(lib_a-mlock.o)
 .debug_frame   0x0000205c       0x68 c:/program files (x86)/atmel/studio/7.0/toolchain/arm/arm-gnu-toolchain/bin/../lib/gcc/arm-none-eabi/6.3.1/../../../../arm-none-eabi/lib/thumb/v7-m\libc.a(lib_a-reallocr.o)
 .debug_frame   0x000020c4       0x2c c:/program files (x86)/atmel/studio/7.0/toolchain/arm/arm-gnu-toolchain/bin/../lib/gcc/arm-none-eabi/6.3.1/../../../../arm-none-eabi/lib/thumb/v7-m\libc.a(lib_a-sbrkr.o)
 .debug_frame   0x000020f0       0x88 c:/program files (x86)/atmel/studio/7.0/toolchain/arm/arm-gnu-toolchain/bin/../lib/gcc/arm-none-eabi/6.3.1/../../../../arm-none-eabi/lib/thumb/v7-m\libc.a(lib_a-stdio.o)
 .debug_frame   0x00002178       0x20 c:/program files (x86)/atmel/studio/7.0/toolchain/arm/arm-gnu-toolchain/bin/../lib/gcc/arm-none-eabi/6.3.1/../../../../arm-none-eabi/lib/thumb/v7-m\libc.a(lib_a-strlen-stub.o)
 .debug_frame   0x00002198       0x40 c:/program files (x86)/atmel/studio/7.0/toolchain/arm/arm-gnu-toolchain/bin/../lib/gcc/arm-none-eabi/6.3.1/../../../../arm-none-eabi/lib/thumb/v7-m\libc.a(lib_a-wbuf.o)
 .debug_frame   0x000021d8       0x5c c:/program files (x86)/atmel/studio/7.0/toolchain/arm/arm-gnu-toolchain/bin/../lib/gcc/arm-none-eabi/6.3.1/../../../../arm-none-eabi/lib/thumb/v7-m\libc.a(lib_a-wcrtomb.o)
 .debug_frame   0x00002234       0x3c c:/program files (x86)/atmel/studio/7.0/toolchain/arm/arm-gnu-toolchain/bin/../lib/gcc/arm-none-eabi/6.3.1/../../../../arm-none-eabi/lib/thumb/v7-m\libc.a(lib_a-wctomb_r.o)
 .debug_frame   0x00002270       0x30 c:/program files (x86)/atmel/studio/7.0/toolchain/arm/arm-gnu-toolchain/bin/../lib/gcc/arm-none-eabi/6.3.1/../../../../arm-none-eabi/lib/thumb/v7-m\libc.a(lib_a-writer.o)
 .debug_frame   0x000022a0       0x34 c:/program files (x86)/atmel/studio/7.0/toolchain/arm/arm-gnu-toolchain/bin/../lib/gcc/arm-none-eabi/6.3.1/../../../../arm-none-eabi/lib/thumb/v7-m\libc.a(lib_a-__atexit.o)