Archive member included to satisfy reference by file (symbol)

c:/program files (x86)/atmel/studio/7.0/toolchain/arm/arm-gnu-toolchain/bin/../lib/gcc/arm-none-eabi/6.3.1/../../../../arm-none-eabi/lib/thumb/v7e-m\libc.a(lib_a-exit.o)
                              c:/program files (x86)/atmel/studio/7.0/toolchain/arm/arm-gnu-toolchain/bin/../lib/gcc/arm-none-eabi/6.3.1/../../../../arm-none-eabi/lib/thumb/v7e-m/crt0.o (exit)
c:/program files (x86)/atmel/studio/7.0/toolchain/arm/arm-gnu-toolchain/bin/../lib/gcc/arm-none-eabi/6.3.1/../../../../arm-none-eabi/lib/thumb/v7e-m\libc.a(lib_a-impure.o)
                              c:/program files (x86)/atmel/studio/7.0/toolchain/arm/arm-gnu-toolchain/bin/../lib/gcc/arm-none-eabi/6.3.1/../../../../arm-none-eabi/lib/thumb/v7e-m\libc.a(lib_a-exit.o) (_global_impure_ptr)
c:/program files (x86)/atmel/studio/7.0/toolchain/arm/arm-gnu-toolchain/bin/../lib/gcc/arm-none-eabi/6.3.1/../../../../arm-none-eabi/lib/thumb/v7e-m\libc.a(lib_a-init.o)
                              c:/program files (x86)/atmel/studio/7.0/toolchain/arm/arm-gnu-toolchain/bin/../lib/gcc/arm-none-eabi/6.3.1/../../../../arm-none-eabi/lib/thumb/v7e-m/crt0.o (__libc_init_array)
c:/program files (x86)/atmel/studio/7.0/toolchain/arm/arm-gnu-toolchain/bin/../lib/gcc/arm-none-eabi/6.3.1/../../../../arm-none-eabi/lib/thumb/v7e-m\libc.a(lib_a-iprintf.o)
                              src/main.o (iprintf)
c:/program files (x86)/atmel/studio/7.0/toolchain/arm/arm-gnu-toolchain/bin/../lib/gcc/arm-none-eabi/6.3.1/../../../../arm-none-eabi/lib/thumb/v7e-m\libc.a(lib_a-memcpy.o)
                              src/ASF/common/services/usb/class/cdc/device/udi_cdc.o (memcpy)
c:/program files (x86)/atmel/studio/7.0/toolchain/arm/arm-gnu-toolchain/bin/../lib/gcc/arm-none-eabi/6.3.1/../../../../arm-none-eabi/lib/thumb/v7e-m\libc.a(lib_a-memset.o)
                              c:/program files (x86)/atmel/studio/7.0/toolchain/arm/arm-gnu-toolchain/bin/../lib/gcc/arm-none-eabi/6.3.1/../../../../arm-none-eabi/lib/thumb/v7e-m/crt0.o (memset)
c:/program files (x86)/atmel/studio/7.0/toolchain/arm/arm-gnu-toolchain/bin/../lib/gcc/arm-none-eabi/6.3.1/../../../../arm-none-eabi/lib/thumb/v7e-m\libc.a(lib_a-setbuf.o)
                              src/ASF/thirdparty/wireless/addons/sio2host/uart/sio2host.o (setbuf)
c:/program files (x86)/atmel/studio/7.0/toolchain/arm/arm-gnu-toolchain/bin/../lib/gcc/arm-none-eabi/6.3.1/../../../../arm-none-eabi/lib/thumb/v7e-m\libc.a(lib_a-setvbuf.o)
                              c:/program files (x86)/atmel/studio/7.0/toolchain/arm/arm-gnu-toolchain/bin/../lib/gcc/arm-none-eabi/6.3.1/../../../../arm-none-eabi/lib/thumb/v7e-m\libc.a(lib_a-setbuf.o) (setvbuf)
c:/program files (x86)/atmel/studio/7.0/toolchain/arm/arm-gnu-toolchain/bin/../lib/gcc/arm-none-eabi/6.3.1/../../../../arm-none-eabi/lib/thumb/v7e-m\libc.a(lib_a-vfiprintf.o)
                              c:/program files (x86)/atmel/studio/7.0/toolchain/arm/arm-gnu-toolchain/bin/../lib/gcc/arm-none-eabi/6.3.1/../../../../arm-none-eabi/lib/thumb/v7e-m\libc.a(lib_a-iprintf.o) (_vfiprintf_r)
c:/program files (x86)/atmel/studio/7.0/toolchain/arm/arm-gnu-toolchain/bin/../lib/gcc/arm-none-eabi/6.3.1/../../../../arm-none-eabi/lib/thumb/v7e-m\libc.a(lib_a-wsetup.o)
                              c:/program files (x86)/atmel/studio/7.0/toolchain/arm/arm-gnu-toolchain/bin/../lib/gcc/arm-none-eabi/6.3.1/../../../../arm-none-eabi/lib/thumb/v7e-m\libc.a(lib_a-vfiprintf.o) (__swsetup_r)
c:/program files (x86)/atmel/studio/7.0/toolchain/arm/arm-gnu-toolchain/bin/../lib/gcc/arm-none-eabi/6.3.1/../../../../arm-none-eabi/lib/thumb/v7e-m\libc.a(lib_a-__call_atexit.o)
                              c:/program files (x86)/atmel/studio/7.0/toolchain/arm/arm-gnu-toolchain/bin/../lib/gcc/arm-none-eabi/6.3.1/../../../../arm-none-eabi/lib/thumb/v7e-m\libc.a(lib_a-exit.o) (__call_exitprocs)
c:/program files (x86)/atmel/studio/7.0/toolchain/arm/arm-gnu-toolchain/bin/../lib/gcc/arm-none-eabi/6.3.1/../../../../arm-none-eabi/lib/thumb/v7e-m\libc.a(lib_a-atexit.o)
                              c:/program files (x86)/atmel/studio/7.0/toolchain/arm/arm-gnu-toolchain/bin/../lib/gcc/arm-none-eabi/6.3.1/../../../../arm-none-eabi/lib/thumb/v7e-m\libc.a(lib_a-__call_atexit.o) (atexit)
c:/program files (x86)/atmel/studio/7.0/toolchain/arm/arm-gnu-toolchain/bin/../lib/gcc/arm-none-eabi/6.3.1/../../../../arm-none-eabi/lib/thumb/v7e-m\libc.a(lib_a-fflush.o)
                              c:/program files (x86)/atmel/studio/7.0/toolchain/arm/arm-gnu-toolchain/bin/../lib/gcc/arm-none-eabi/6.3.1/../../../../arm-none-eabi/lib/thumb/v7e-m\libc.a(lib_a-setvbuf.o) (_fflush_r)
c:/program files (x86)/atmel/studio/7.0/toolchain/arm/arm-gnu-toolchain/bin/../lib/gcc/arm-none-eabi/6.3.1/../../../../arm-none-eabi/lib/thumb/v7e-m\libc.a(lib_a-findfp.o)
[...]
Memory Configuration

Name             Origin             Length             Attributes
rom              0x00400000         0x00100000         xr
ram              0x20000000         0x00020000         xrw
*default*        0x00000000         0xffffffff

Linker script and memory map

LOAD c:/program files (x86)/atmel/studio/7.0/toolchain/arm/arm-gnu-toolchain/bin/../lib/gcc/arm-none-eabi/6.3.1/thumb/v7e-m/crti.o
LOAD c:/program files (x86)/atmel/studio/7.0/toolchain/arm/arm-gnu-toolchain/bin/../lib/gcc/arm-none-eabi/6.3.1/thumb/v7e-m/crtbegin.o
LOAD c:/program files (x86)/atmel/studio/7.0/toolchain/arm/arm-gnu-toolchain/bin/../lib/gcc/arm-none-eabi/6.3.1/../../../../arm-none-eabi/lib/thumb/v7e-m/crt0.o
LOAD src/adc.o
LOAD src/ASF/common/services/delay/sam/cycle_counter.o
LOAD src/ASF/common/services/serial/usart_serial.o
LOAD src/ASF/common/services/sleepmgr/sam/sleepmgr.o
LOAD src/ASF/common/services/usb/class/cdc/device/udi_cdc.o
LOAD src/ASF/common/services/usb/class/cdc/device/udi_cdc_desc.o
LOAD src/ASF/common/services/usb/udc/udc.o
LOAD src/ASF/common/utils/stdio/read.o
LOAD src/ASF/common/utils/stdio/write.o
LOAD src/ASF/sam/drivers/afec/afec.o
LOAD src/ASF/sam/drivers/matrix/matrix.o
LOAD src/ASF/sam/drivers/pdc/pdc.o
LOAD src/ASF/sam/drivers/pio/pio.o
LOAD src/ASF/sam/drivers/pio/pio_handler.o
LOAD src/ASF/sam/drivers/uart/uart.o
LOAD src/ASF/sam/drivers/udp/udp_device.o
LOAD src/ASF/sam/drivers/usart/usart.o
LOAD src/ASF/thirdparty/wireless/addons/sio2host/uart/sio2host.o
LOAD src/led.o
LOAD src/ASF/common/services/clock/sam4e/sysclk.o
LOAD src/ASF/common/utils/interrupt/interrupt_sam_nvic.o
LOAD src/ASF/sam/boards/sam4e_ek/init.o
LOAD src/ASF/sam/drivers/pmc/pmc.o
LOAD src/ASF/sam/drivers/pmc/sleep.o
LOAD src/ASF/sam/utils/cmsis/sam4e/source/templates/exceptions.o
LOAD src/ASF/sam/utils/cmsis/sam4e/source/templates/gcc/startup_sam4e.o
LOAD src/ASF/sam/utils/cmsis/sam4e/source/templates/system_sam4e.o
LOAD src/ASF/sam/utils/syscalls/gcc/syscalls.o
LOAD src/main.o
START GROUP
LOAD ../src/ASF/thirdparty/CMSIS/Lib/GCC\libarm_cortexM4lf_math_softfp.a
LOAD c:/program files (x86)/atmel/studio/7.0/toolchain/arm/arm-gnu-toolchain/bin/../lib/gcc/arm-none-eabi/6.3.1/../../../../arm-none-eabi/lib/thumb/v7e-m\libm.a
END GROUP
START GROUP
LOAD c:/program files (x86)/atmel/studio/7.0/toolchain/arm/arm-gnu-toolchain/bin/../lib/gcc/arm-none-eabi/6.3.1/thumb/v7e-m\libgcc.a
LOAD c:/program files (x86)/atmel/studio/7.0/toolchain/arm/arm-gnu-toolchain/bin/../lib/gcc/arm-none-eabi/6.3.1/../../../../arm-none-eabi/lib/thumb/v7e-m\libc.a
END GROUP
LOAD c:/program files (x86)/atmel/studio/7.0/toolchain/arm/arm-gnu-toolchain/bin/../lib/gcc/arm-none-eabi/6.3.1/thumb/v7e-m/crtend.o
LOAD c:/program files (x86)/atmel/studio/7.0/toolchain/arm/arm-gnu-toolchain/bin/../lib/gcc/arm-none-eabi/6.3.1/thumb/v7e-m/crtn.o
                0x00003000                __stack_size__ = DEFINED (__stack_size__)?__stack_size__:0x3000
                0x2001fffc                __ram_end__ = ((ORIGIN (ram) + LENGTH (ram)) - 0x4)

.text           0x00400000     0x88f8
                0x00400000                . = ALIGN (0x4)
                0x00400000                _sfixed = .
 *(.vectors .vectors.*)
 .vectors       0x00400000       0xf8 src/ASF/sam/utils/cmsis/sam4e/source/templates/gcc/startup_sam4e.o
                0x00400000                exception_table
 *(.text .text.* .gnu.linkonce.t.*)
 .text          0x004000f8       0x6c c:/program files (x86)/atmel/studio/7.0/toolchain/arm/arm-gnu-toolchain/bin/../lib/gcc/arm-none-eabi/6.3.1/thumb/v7e-m/crtbegin.o
 .text.afec_ch_sanity_check
                0x00400164       0x18 src/adc.o
 .text.afec_set_trigger
                0x0040017c       0x44 src/adc.o
 .text.afec_channel_enable
                0x004001c0       0x4c src/adc.o
 .text.afec_setup
                0x0040020c       0x64 src/adc.o
                0x0040020c                afec_setup
 .text.usart_serial_getchar
                0x00400270       0xa8 src/ASF/common/services/serial/usart_serial.o
 .text.usart_serial_read_packet
                0x00400318       0x38 src/ASF/common/services/serial/usart_serial.o
                0x00400318                usart_serial_read_packet
 .text.cpu_irq_save
                0x00400350       0x38 src/ASF/common/services/usb/class/cdc/device/udi_cdc.o
 .text.cpu_irq_is_enabled_flags
                0x00400388       0x20 src/ASF/common/services/usb/class/cdc/device/udi_cdc.o
 .text.cpu_irq_restore
                0x004003a8       0x30 src/ASF/common/services/usb/class/cdc/device/udi_cdc.o
 .text.udi_cdc_comm_enable
                0x004003d8      0x12c src/ASF/common/services/usb/class/cdc/device/udi_cdc.o
                0x004003d8                udi_cdc_comm_enable
 .text.udi_cdc_data_enable
                0x00400504       0xf4 src/ASF/common/services/usb/class/cdc/device/udi_cdc.o
                0x00400504                udi_cdc_data_enable
 .text.udi_cdc_comm_disable
                0x004005f8       0x20 src/ASF/common/services/usb/class/cdc/device/udi_cdc.o
                0x004005f8                udi_cdc_comm_disable
 .text.udi_cdc_data_disable
                0x00400618       0x34 src/ASF/common/services/usb/class/cdc/device/udi_cdc.o
                0x00400618                udi_cdc_data_disable
 .text.udi_cdc_comm_setup
                0x0040064c       0xc0 src/ASF/common/services/usb/class/cdc/device/udi_cdc.o
                0x0040064c                udi_cdc_comm_setup
 .text.udi_cdc_data_setup
                0x0040070c       0x10 src/ASF/common/services/usb/class/cdc/device/udi_cdc.o
                0x0040070c                udi_cdc_data_setup
 .text.udi_cdc_getsetting
                0x0040071c       0x10 src/ASF/common/services/usb/class/cdc/device/udi_cdc.o
                0x0040071c                udi_cdc_getsetting
 .text.udi_cdc_data_sof_notify
                0x0040072c       0x1c src/ASF/common/services/usb/class/cdc/device/udi_cdc.o
                0x0040072c                udi_cdc_data_sof_notify
 .text.udi_cdc_setup_to_port
                0x00400748       0x30 src/ASF/common/services/usb/class/cdc/device/udi_cdc.o
 .text.udi_cdc_line_coding_received
                0x00400778       0x1c src/ASF/common/services/usb/class/cdc/device/udi_cdc.o
 .text.udi_cdc_rx_start
                0x00400794       0xe4 src/ASF/common/services/usb/class/cdc/device/udi_cdc.o
 .text.udi_cdc_data_received
                0x00400878       0xac src/ASF/common/services/usb/class/cdc/device/udi_cdc.o
 .text.udi_cdc_data_sent
                0x00400924       0x80 src/ASF/common/services/usb/class/cdc/device/udi_cdc.o
 .text.udi_cdc_tx_send
                0x004009a4      0x1d4 src/ASF/common/services/usb/class/cdc/device/udi_cdc.o
 .text.udi_cdc_multi_get_nb_received_data
                0x00400b78       0x64 src/ASF/common/services/usb/class/cdc/device/udi_cdc.o
                0x00400b78                udi_cdc_multi_get_nb_received_data
 .text.udi_cdc_multi_is_rx_ready
                0x00400bdc       0x2c src/ASF/common/services/usb/class/cdc/device/udi_cdc.o
                0x00400bdc                udi_cdc_multi_is_rx_ready
 .text.udc_get_eof_conf
                0x00400c08       0x24 src/ASF/common/services/usb/udc/udc.o
 .text.udc_next_desc_in_iface
                0x00400c2c       0x5c src/ASF/common/services/usb/udc/udc.o
 .text.udc_update_iface_desc
                0x00400c88       0x9c src/ASF/common/services/usb/udc/udc.o
 .text.udc_iface_disable
                0x00400d24       0xa0 src/ASF/common/services/usb/udc/udc.o
 .text.udc_iface_enable
                0x00400dc4       0x98 src/ASF/common/services/usb/udc/udc.o
 .text.udc_reset
                0x00400e5c       0x54 src/ASF/common/services/usb/udc/udc.o
                0x00400e5c                udc_reset
 .text.udc_sof_notify
                0x00400eb0       0x60 src/ASF/common/services/usb/udc/udc.o
                0x00400eb0                udc_sof_notify
 .text.udc_req_std_dev_get_status
                0x00400f10       0x2c src/ASF/common/services/usb/udc/udc.o
 .text.udc_req_std_ep_get_status
                0x00400f3c       0x44 src/ASF/common/services/usb/udc/udc.o
 .text.udc_req_std_dev_clear_feature
                0x00400f80       0x40 src/ASF/common/services/usb/udc/udc.o
 .text.udc_req_std_ep_clear_feature
                0x00400fc0       0x38 src/ASF/common/services/usb/udc/udc.o
 .text.udc_req_std_dev_set_feature
                0x00400ff8       0x30 src/ASF/common/services/usb/udc/udc.o
 .text.udc_req_std_ep_set_feature
                0x00401028       0x48 src/ASF/common/services/usb/udc/udc.o
 .text.udc_valid_address
                0x00401070       0x24 src/ASF/common/services/usb/udc/udc.o
 .text.udc_req_std_dev_set_address
                0x00401094       0x2c src/ASF/common/services/usb/udc/udc.o
 .text.udc_req_std_dev_get_str_desc
                0x004010c0       0x8c src/ASF/common/services/usb/udc/udc.o
 .text.udc_req_std_dev_get_descriptor
                0x0040114c      0x11c src/ASF/common/services/usb/udc/udc.o
 .text.udc_req_std_dev_get_configuration
                0x00401268       0x2c src/ASF/common/services/usb/udc/udc.o
 .text.udc_req_std_dev_set_configuration
                0x00401294       0xc0 src/ASF/common/services/usb/udc/udc.o
 .text.udc_req_std_iface_get_setting
                0x00401354       0x98 src/ASF/common/services/usb/udc/udc.o
 .text.udc_req_std_iface_set_setting
                0x004013ec       0x68 src/ASF/common/services/usb/udc/udc.o
 .text.udc_reqstd
                0x00401454      0x170 src/ASF/common/services/usb/udc/udc.o
 .text.udc_req_iface
                0x004015c4       0x98 src/ASF/common/services/usb/udc/udc.o
 .text.udc_req_ep
                0x0040165c       0x90 src/ASF/common/services/usb/udc/udc.o
 .text.udc_process_setup
                0x004016ec       0x90 src/ASF/common/services/usb/udc/udc.o
                0x004016ec                udc_process_setup
 .text._read    0x0040177c       0x54 src/ASF/common/utils/stdio/read.o
                0x0040177c                _read
 .text._write   0x004017d0       0x6c src/ASF/common/utils/stdio/write.o
                0x004017d0                _write
 .text.cpu_irq_save
                0x0040183c       0x38 src/ASF/sam/drivers/afec/afec.o
 .text.cpu_irq_is_enabled_flags
                0x00401874       0x20 src/ASF/sam/drivers/afec/afec.o
 .text.cpu_irq_restore
                0x00401894       0x30 src/ASF/sam/drivers/afec/afec.o
 .text.afec_get_interrupt_status
                0x004018c4       0x18 src/ASF/sam/drivers/afec/afec.o
 .text.afec_get_interrupt_mask
                0x004018dc       0x18 src/ASF/sam/drivers/afec/afec.o
 .text.sleepmgr_lock_mode
                0x004018f4       0x44 src/ASF/sam/drivers/afec/afec.o
 .text.osc_get_rate
                0x00401938       0x74 src/ASF/sam/drivers/afec/afec.o
 .text.sysclk_get_main_hz
                0x004019ac       0x18 src/ASF/sam/drivers/afec/afec.o
 .text.sysclk_get_cpu_hz
                0x004019c4       0x14 src/ASF/sam/drivers/afec/afec.o
 .text.afec_find_inst_num
                0x004019d8       0x38 src/ASF/sam/drivers/afec/afec.o
 .text.afec_find_pid
                0x00401a10       0x38 src/ASF/sam/drivers/afec/afec.o
 .text.afec_set_config
                0x00401a48       0xba src/ASF/sam/drivers/afec/afec.o
 *fill*         0x00401b02        0x2 
 .text.afec_get_config_defaults
                0x00401b04       0x68 src/ASF/sam/drivers/afec/afec.o
                0x00401b04                afec_get_config_defaults
 .text.afec_init
                0x00401b6c       0x98 src/ASF/sam/drivers/afec/afec.o
                0x00401b6c                afec_init
 .text.afec_interrupt
                0x00401c04       0x4c src/ASF/sam/drivers/afec/afec.o
 .text.afec_process_callback
                0x00401c50       0xbc src/ASF/sam/drivers/afec/afec.o
 .text.AFEC0_Handler
                0x00401d0c       0x18 src/ASF/sam/drivers/afec/afec.o
                0x00401d0c                AFEC0_Handler
 .text.AFEC1_Handler
                0x00401d24       0x18 src/ASF/sam/drivers/afec/afec.o
                0x00401d24                AFEC1_Handler
 .text.afec_enable
                0x00401d3c       0x30 src/ASF/sam/drivers/afec/afec.o
                0x00401d3c                afec_enable
 .text.pio_get_interrupt_status
                0x00401d6c       0x18 src/ASF/sam/drivers/pio/pio.o
                0x00401d6c                pio_get_interrupt_status
 .text.pio_get_interrupt_mask
                0x00401d84       0x18 src/ASF/sam/drivers/pio/pio.o
                0x00401d84                pio_get_interrupt_mask
 .text.pio_handler_process
                0x00401d9c       0xd4 src/ASF/sam/drivers/pio/pio_handler.o
                0x00401d9c                pio_handler_process
 .text.PIOA_Handler
                0x00401e70       0x18 src/ASF/sam/drivers/pio/pio_handler.o
                0x00401e70                PIOA_Handler
 .text.PIOB_Handler
                0x00401e88       0x18 src/ASF/sam/drivers/pio/pio_handler.o
                0x00401e88                PIOB_Handler
 .text.PIOC_Handler
                0x00401ea0       0x18 src/ASF/sam/drivers/pio/pio_handler.o
                0x00401ea0                PIOC_Handler
 .text.PIOD_Handler
                0x00401eb8       0x18 src/ASF/sam/drivers/pio/pio_handler.o
                0x00401eb8                PIOD_Handler
 .text.PIOE_Handler
                0x00401ed0       0x18 src/ASF/sam/drivers/pio/pio_handler.o
                0x00401ed0                PIOE_Handler
 .text.uart_init
                0x00401ee8       0x62 src/ASF/sam/drivers/uart/uart.o
                0x00401ee8                uart_init
 .text.uart_write
                0x00401f4a       0x30 src/ASF/sam/drivers/uart/uart.o
                0x00401f4a                uart_write
 .text.uart_read
                0x00401f7a       0x32 src/ASF/sam/drivers/uart/uart.o
                0x00401f7a                uart_read
 .text.cpu_irq_save
                0x00401fac       0x38 src/ASF/sam/drivers/udp/udp_device.o
 .text.cpu_irq_is_enabled_flags
                0x00401fe4       0x20 src/ASF/sam/drivers/udp/udp_device.o
 .text.cpu_irq_restore
                0x00402004       0x30 src/ASF/sam/drivers/udp/udp_device.o
 .text.sleepmgr_lock_mode
                0x00402034       0x44 src/ASF/sam/drivers/udp/udp_device.o
 .text.sleepmgr_unlock_mode
                0x00402078       0x44 src/ASF/sam/drivers/udp/udp_device.o
 .text.udd_sleep_mode
                0x004020bc       0x58 src/ASF/sam/drivers/udp/udp_device.o
 .text.UDP_Handler
                0x00402114      0x1c8 src/ASF/sam/drivers/udp/udp_device.o
                0x00402114                UDP_Handler
 .text.udd_is_high_speed
                0x004022dc       0x10 src/ASF/sam/drivers/udp/udp_device.o
                0x004022dc                udd_is_high_speed
 .text.udd_set_address
                0x004022ec       0x64 src/ASF/sam/drivers/udp/udp_device.o
                0x004022ec                udd_set_address
 .text.udd_getaddress
                0x00402350       0x30 src/ASF/sam/drivers/udp/udp_device.o
                0x00402350                udd_getaddress
 .text.udd_get_frame_number
                0x00402380       0x20 src/ASF/sam/drivers/udp/udp_device.o
                0x00402380                udd_get_frame_number
 .text.udd_get_micro_frame_number
                0x004023a0       0x10 src/ASF/sam/drivers/udp/udp_device.o
                0x004023a0                udd_get_micro_frame_number
 .text.udd_set_setup_payload
                0x004023b0       0x28 src/ASF/sam/drivers/udp/udp_device.o
                0x004023b0                udd_set_setup_payload
 .text.udd_ep_alloc
                0x004023d8      0x1f0 src/ASF/sam/drivers/udp/udp_device.o
                0x004023d8                udd_ep_alloc
 .text.udd_ep_free
                0x004025c8       0x70 src/ASF/sam/drivers/udp/udp_device.o
                0x004025c8                udd_ep_free
 .text.udd_ep_is_halted
                0x00402638       0x74 src/ASF/sam/drivers/udp/udp_device.o
                0x00402638                udd_ep_is_halted
 .text.udd_ep_set_halt
                0x004026ac       0xf4 src/ASF/sam/drivers/udp/udp_device.o
                0x004026ac                udd_ep_set_halt
 .text.udd_ep_clear_halt
                0x004027a0      0x12c src/ASF/sam/drivers/udp/udp_device.o
                0x004027a0                udd_ep_clear_halt
 .text.udd_ep_run
                0x004028cc      0x158 src/ASF/sam/drivers/udp/udp_device.o
                0x004028cc                udd_ep_run
 .text.udd_ep_abort
                0x00402a24      0x21c src/ASF/sam/drivers/udp/udp_device.o
                0x00402a24                udd_ep_abort
 .text.udd_reset_ep_ctrl
                0x00402c40       0xa8 src/ASF/sam/drivers/udp/udp_device.o
 .text.udd_ctrl_init
                0x00402ce8       0x30 src/ASF/sam/drivers/udp/udp_device.o
 .text.udd_ctrl_setup_received
                0x00402d18      0x1c0 src/ASF/sam/drivers/udp/udp_device.o
 .text.udd_ctrl_in_sent
                0x00402ed8      0x1f8 src/ASF/sam/drivers/udp/udp_device.o
 .text.udd_ctrl_out_received
                0x004030d0      0x254 src/ASF/sam/drivers/udp/udp_device.o
 .text.udd_ctrl_stall_data
                0x00403324       0x4c src/ASF/sam/drivers/udp/udp_device.o
 .text.udd_ctrl_send_zlp_in
                0x00403370       0x4c src/ASF/sam/drivers/udp/udp_device.o
 .text.udd_ctrl_send_zlp_out
                0x004033bc       0x18 src/ASF/sam/drivers/udp/udp_device.o
 .text.udd_ctrl_endofrequest
                0x004033d4       0x1c src/ASF/sam/drivers/udp/udp_device.o
 .text.udd_ctrl_interrupt
                0x004033f0       0xa8 src/ASF/sam/drivers/udp/udp_device.o
 .text.udd_ep_job_table_kill
                0x00403498       0x44 src/ASF/sam/drivers/udp/udp_device.o
 .text.udd_ep_abort_job
                0x004034dc       0x3c src/ASF/sam/drivers/udp/udp_device.o
 .text.udd_ep_finish_job
                0x00403518       0x74 src/ASF/sam/drivers/udp/udp_device.o
 .text.udd_ep_ack_out_received
                0x0040358c      0x134 src/ASF/sam/drivers/udp/udp_device.o
 .text.udd_ep_write_fifo
                0x004036c0      0x174 src/ASF/sam/drivers/udp/udp_device.o
 .text.udd_ep_in_sent
                0x00403834      0x104 src/ASF/sam/drivers/udp/udp_device.o
 .text.udd_ep_out_received
                0x00403938      0x110 src/ASF/sam/drivers/udp/udp_device.o
 .text.udd_ep_interrupt
                0x00403a48      0x4f0 src/ASF/sam/drivers/udp/udp_device.o
 .text.usart_set_async_baudrate
                0x00403f38       0x8a src/ASF/sam/drivers/usart/usart.o
                0x00403f38                usart_set_async_baudrate
 *fill*         0x00403fc2        0x2 
 .text.usart_reset
                0x00403fc4       0x60 src/ASF/sam/drivers/usart/usart.o
                0x00403fc4                usart_reset
 .text.usart_init_rs232
                0x00404024       0x84 src/ASF/sam/drivers/usart/usart.o
                0x00404024                usart_init_rs232
 .text.usart_enable_tx
                0x004040a8       0x1a src/ASF/sam/drivers/usart/usart.o
                0x004040a8                usart_enable_tx
 .text.usart_reset_tx
                0x004040c2       0x1a src/ASF/sam/drivers/usart/usart.o
                0x004040c2                usart_reset_tx
 .text.usart_enable_rx
                0x004040dc       0x1a src/ASF/sam/drivers/usart/usart.o
                0x004040dc                usart_enable_rx
 .text.usart_reset_rx
                0x004040f6       0x1a src/ASF/sam/drivers/usart/usart.o
                0x004040f6                usart_reset_rx
 .text.usart_reset_status
                0x00404110       0x1c src/ASF/sam/drivers/usart/usart.o
                0x00404110                usart_reset_status
 .text.usart_drive_DTR_pin_high
                0x0040412c       0x1c src/ASF/sam/drivers/usart/usart.o
                0x0040412c                usart_drive_DTR_pin_high
 .text.usart_drive_RTS_pin_high
                0x00404148       0x1c src/ASF/sam/drivers/usart/usart.o
                0x00404148                usart_drive_RTS_pin_high
 .text.usart_write
                0x00404164       0x32 src/ASF/sam/drivers/usart/usart.o
                0x00404164                usart_write
 .text.usart_read
                0x00404196       0x34 src/ASF/sam/drivers/usart/usart.o
                0x00404196                usart_read
 *fill*         0x004041ca        0x2 
 .text.usart_disable_writeprotect
                0x004041cc       0x20 src/ASF/sam/drivers/usart/usart.o
                0x004041cc                usart_disable_writeprotect
 .text.USART0_Handler
                0x004041ec       0x70 src/ASF/thirdparty/wireless/addons/sio2host/uart/sio2host.o
                0x004041ec                USART0_Handler
 .text.disable_write_protect
                0x0040425c       0x60 src/led.o
                0x0040425c                disable_write_protect
 .text.enable_pin
                0x004042bc       0x30 src/led.o
                0x004042bc                enable_pin
 .text.osc_enable
                0x004042ec       0x88 src/ASF/common/services/clock/sam4e/sysclk.o
 .text.osc_is_ready
                0x00404374       0x70 src/ASF/common/services/clock/sam4e/sysclk.o
 .text.osc_get_rate
                0x004043e4       0x74 src/ASF/common/services/clock/sam4e/sysclk.o
 .text.osc_wait_ready
                0x00404458       0x2c src/ASF/common/services/clock/sam4e/sysclk.o
 .text.pll_config_init
                0x00404484       0x54 src/ASF/common/services/clock/sam4e/sysclk.o
 .text.pll_enable
                0x004044d8       0x30 src/ASF/common/services/clock/sam4e/sysclk.o
 .text.pll_is_locked
                0x00404508       0x1c src/ASF/common/services/clock/sam4e/sysclk.o
 .text.pll_enable_source
                0x00404524       0x38 src/ASF/common/services/clock/sam4e/sysclk.o
 .text.pll_wait_for_lock
                0x0040455c       0x24 src/ASF/common/services/clock/sam4e/sysclk.o
 .text.sysclk_get_main_hz
                0x00404580       0x18 src/ASF/common/services/clock/sam4e/sysclk.o
 .text.sysclk_get_cpu_hz
                0x00404598       0x14 src/ASF/common/services/clock/sam4e/sysclk.o
 .text.sysclk_init
                0x004045ac       0x70 src/ASF/common/services/clock/sam4e/sysclk.o
                0x004045ac                sysclk_init
 .text.sysclk_enable_peripheral_clock
                0x0040461c       0x1c src/ASF/sam/boards/sam4e_ek/init.o
 .text.ioport_init
                0x00404638       0x2c src/ASF/sam/boards/sam4e_ek/init.o
 .text.ioport_disable_port
                0x00404664       0x34 src/ASF/sam/boards/sam4e_ek/init.o
 .text.ioport_set_port_mode
                0x00404698      0x102 src/ASF/sam/boards/sam4e_ek/init.o
 .text.ioport_set_pin_mode
                0x0040479a      0x11c src/ASF/sam/boards/sam4e_ek/init.o
 .text.ioport_set_pin_dir
                0x004048b6       0x88 src/ASF/sam/boards/sam4e_ek/init.o
 .text.ioport_set_pin_level
                0x0040493e       0x6c src/ASF/sam/boards/sam4e_ek/init.o
 *fill*         0x004049aa        0x2 
 .text.ioport_set_pin_sense_mode
                0x004049ac       0xd0 src/ASF/sam/boards/sam4e_ek/init.o
 .text.board_init
                0x00404a7c       0xdc src/ASF/sam/boards/sam4e_ek/init.o
                0x00404a7c                board_init
 .text.pmc_switch_mck_to_pllack
                0x00404b58       0x84 src/ASF/sam/drivers/pmc/pmc.o
                0x00404b58                pmc_switch_mck_to_pllack
 .text.pmc_switch_sclk_to_32kxtal
                0x00404bdc       0x38 src/ASF/sam/drivers/pmc/pmc.o
                0x00404bdc                pmc_switch_sclk_to_32kxtal
 .text.pmc_osc_is_ready_32kxtal
                0x00404c14       0x34 src/ASF/sam/drivers/pmc/pmc.o
                0x00404c14                pmc_osc_is_ready_32kxtal
 .text.pmc_switch_mainck_to_fastrc
                0x00404c48       0x70 src/ASF/sam/drivers/pmc/pmc.o
                0x00404c48                pmc_switch_mainck_to_fastrc
 .text.pmc_switch_mainck_to_xtal
                0x00404cb8       0x78 src/ASF/sam/drivers/pmc/pmc.o
                0x00404cb8                pmc_switch_mainck_to_xtal
 .text.pmc_osc_is_ready_mainck
                0x00404d30       0x1c src/ASF/sam/drivers/pmc/pmc.o
                0x00404d30                pmc_osc_is_ready_mainck
 .text.pmc_disable_pllack
                0x00404d4c       0x1c src/ASF/sam/drivers/pmc/pmc.o
                0x00404d4c                pmc_disable_pllack
 .text.pmc_is_locked_pllack
                0x00404d68       0x1c src/ASF/sam/drivers/pmc/pmc.o
                0x00404d68                pmc_is_locked_pllack
 .text.pmc_enable_periph_clk
                0x00404d84       0x84 src/ASF/sam/drivers/pmc/pmc.o
                0x00404d84                pmc_enable_periph_clk
 .text.pmc_disable_periph_clk
                0x00404e08       0x84 src/ASF/sam/drivers/pmc/pmc.o
                0x00404e08                pmc_disable_periph_clk
 .text.pmc_set_writeprotect
                0x00404e8c       0x38 src/ASF/sam/drivers/pmc/pmc.o
                0x00404e8c                pmc_set_writeprotect
 .text.pmc_is_wakeup_clocks_restored
                0x00404ec4       0x30 src/ASF/sam/drivers/pmc/sleep.o
                0x00404ec4                pmc_is_wakeup_clocks_restored
 .text.Dummy_Handler
                0x00404ef4        0x6 src/ASF/sam/utils/cmsis/sam4e/source/templates/exceptions.o
                0x00404ef4                DACC_Handler
                0x00404ef4                DebugMon_Handler
                0x00404ef4                DMAC_Handler
                0x00404ef4                HardFault_Handler
                0x00404ef4                TC2_Handler
                0x00404ef4                SPI_Handler
                0x00404ef4                SysTick_Handler
                0x00404ef4                TWI1_Handler
                0x00404ef4                PendSV_Handler
                0x00404ef4                NMI_Handler
                0x00404ef4                TC7_Handler
                0x00404ef4                SMC_Handler
                0x00404ef4                RTT_Handler
                0x00404ef4                RTC_Handler
                0x00404ef4                UsageFault_Handler
                0x00404ef4                TC6_Handler
                0x00404ef4                WDT_Handler
                0x00404ef4                CAN0_Handler
                0x00404ef4                TC4_Handler
                0x00404ef4                TC1_Handler
                0x00404ef4                HSMCI_Handler
                0x00404ef4                UART1_Handler
                0x00404ef4                TC3_Handler
                0x00404ef4                ARM_Handler
                0x00404ef4                Dummy_Handler
                0x00404ef4                TWI0_Handler
                0x00404ef4                USART1_Handler
                0x00404ef4                ACC_Handler
                0x00404ef4                PMC_Handler
                0x00404ef4                PWM_Handler
                0x00404ef4                GMAC_Handler
                0x00404ef4                CAN1_Handler
                0x00404ef4                MemManage_Handler
                0x00404ef4                SUPC_Handler
                0x00404ef4                SVC_Handler
                0x00404ef4                TC8_Handler
                0x00404ef4                EFC_Handler
                0x00404ef4                UART0_Handler
                0x00404ef4                BusFault_Handler
                0x00404ef4                RSTC_Handler
                0x00404ef4                TC0_Handler
                0x00404ef4                TC5_Handler
                0x00404ef4                AES_Handler
 *fill*         0x00404efa        0x2 
 .text.cpu_irq_save
                0x00404efc       0x38 src/ASF/sam/utils/cmsis/sam4e/source/templates/gcc/startup_sam4e.o
 .text.cpu_irq_is_enabled_flags
                0x00404f34       0x20 src/ASF/sam/utils/cmsis/sam4e/source/templates/gcc/startup_sam4e.o
 .text.cpu_irq_restore
                0x00404f54       0x30 src/ASF/sam/utils/cmsis/sam4e/source/templates/gcc/startup_sam4e.o
 .text.Reset_Handler
                0x00404f84       0xb0 src/ASF/sam/utils/cmsis/sam4e/source/templates/gcc/startup_sam4e.o
                0x00404f84                Reset_Handler
 .text.SystemCoreClockUpdate
                0x00405034      0x168 src/ASF/sam/utils/cmsis/sam4e/source/templates/system_sam4e.o
                0x00405034                SystemCoreClockUpdate
 .text.system_init_flash
                0x0040519c       0x98 src/ASF/sam/utils/cmsis/sam4e/source/templates/system_sam4e.o
                0x0040519c                system_init_flash
 .text._sbrk    0x00405234       0x58 src/ASF/sam/utils/syscalls/gcc/syscalls.o
                0x00405234                _sbrk
 .text._close   0x0040528c       0x18 src/ASF/sam/utils/syscalls/gcc/syscalls.o
                0x0040528c                _close
 .text._fstat   0x004052a4       0x20 src/ASF/sam/utils/syscalls/gcc/syscalls.o
                0x004052a4                _fstat
 .text._isatty  0x004052c4       0x16 src/ASF/sam/utils/syscalls/gcc/syscalls.o
                0x004052c4                _isatty
 .text._lseek   0x004052da       0x1a src/ASF/sam/utils/syscalls/gcc/syscalls.o
                0x004052da                _lseek
 .text.afec_ch_sanity_check
                0x004052f4       0x18 src/main.o
 .text.afec_start_software_conversion
                0x0040530c       0x1a src/main.o
 *fill*         0x00405326        0x2 
 .text.afec_channel_get_value
                0x00405328       0x2c src/main.o
 .text.afec_get_interrupt_status
                0x00405354       0x18 src/main.o
 .text.osc_get_rate
                0x0040536c       0x74 src/main.o
 .text.sysclk_get_main_hz
                0x004053e0       0x18 src/main.o
 .text.sysclk_get_peripheral_hz
                0x004053f8       0x14 src/main.o
 .text.sysclk_enable_peripheral_clock
                0x0040540c       0x1c src/main.o
 .text.usart_serial_init
                0x00405428       0xf8 src/main.o
 .text.usart_serial_putchar
                0x00405520       0xa8 src/main.o
 .text.usart_serial_getchar
                0x004055c8       0xa8 src/main.o
 .text.stdio_serial_init
                0x00405670       0x68 src/main.o
 .text.configure_console
                0x004056d8       0x5c src/main.o
 .text.main     0x00405734       0x78 src/main.o
                0x00405734                main
 .text.__libc_init_array
                0x004057ac       0x50 c:/program files (x86)/atmel/studio/7.0/toolchain/arm/arm-gnu-toolchain/bin/../lib/gcc/arm-none-eabi/6.3.1/../../../../arm-none-eabi/lib/thumb/v7e-m\libc.a(lib_a-init.o)
                0x004057ac                __libc_init_array
 .text.iprintf  0x004057fc       0x28 c:/program files (x86)/atmel/studio/7.0/toolchain/arm/arm-gnu-toolchain/bin/../lib/gcc/arm-none-eabi/6.3.1/../../../../arm-none-eabi/lib/thumb/v7e-m\libc.a(lib_a-iprintf.o)
                0x004057fc                iprintf
 .text          0x00405824      0x134 c:/program files (x86)/atmel/studio/7.0/toolchain/arm/arm-gnu-toolchain/bin/../lib/gcc/arm-none-eabi/6.3.1/../../../../arm-none-eabi/lib/thumb/v7e-m\libc.a(lib_a-memcpy.o)
                0x00405824                memcpy
 .text.memset   0x00405958       0x9c c:/program files (x86)/atmel/studio/7.0/toolchain/arm/arm-gnu-toolchain/bin/../lib/gcc/arm-none-eabi/6.3.1/../../../../arm-none-eabi/lib/thumb/v7e-m\libc.a(lib_a-memset.o)
                0x00405958                memset
 .text.setbuf   0x004059f4       0x10 c:/program files (x86)/atmel/studio/7.0/toolchain/arm/arm-gnu-toolchain/bin/../lib/gcc/arm-none-eabi/6.3.1/../../../../arm-none-eabi/lib/thumb/v7e-m\libc.a(lib_a-setbuf.o)
                0x004059f4                setbuf
 .text.setvbuf  0x00405a04      0x190 c:/program files (x86)/atmel/studio/7.0/toolchain/arm/arm-gnu-toolchain/bin/../lib/gcc/arm-none-eabi/6.3.1/../../../../arm-none-eabi/lib/thumb/v7e-m\libc.a(lib_a-setvbuf.o)
                0x00405a04                setvbuf
 .text.__sprint_r.part.0
                0x00405b94       0x80 c:/program files (x86)/atmel/studio/7.0/toolchain/arm/arm-gnu-toolchain/bin/../lib/gcc/arm-none-eabi/6.3.1/../../../../arm-none-eabi/lib/thumb/v7e-m\libc.a(lib_a-vfiprintf.o)
 .text._vfiprintf_r
                0x00405c14      0xc90 c:/program files (x86)/atmel/studio/7.0/toolchain/arm/arm-gnu-toolchain/bin/../lib/gcc/arm-none-eabi/6.3.1/../../../../arm-none-eabi/lib/thumb/v7e-m\libc.a(lib_a-vfiprintf.o)
                0x00405c14                _vfiprintf_r
 .text.__sbprintf
                0x004068a4       0x84 c:/program files (x86)/atmel/studio/7.0/toolchain/arm/arm-gnu-toolchain/bin/../lib/gcc/arm-none-eabi/6.3.1/../../../../arm-none-eabi/lib/thumb/v7e-m\libc.a(lib_a-vfiprintf.o)
 .text.__swsetup_r
                0x00406928       0xc8 c:/program files (x86)/atmel/studio/7.0/toolchain/arm/arm-gnu-toolchain/bin/../lib/gcc/arm-none-eabi/6.3.1/../../../../arm-none-eabi/lib/thumb/v7e-m\libc.a(lib_a-wsetup.o)
                0x00406928                __swsetup_r
 .text.startup.register_fini
                0x004069f0       0x14 c:/program files (x86)/atmel/studio/7.0/toolchain/arm/arm-gnu-toolchain/bin/../lib/gcc/arm-none-eabi/6.3.1/../../../../arm-none-eabi/lib/thumb/v7e-m\libc.a(lib_a-__call_atexit.o)
 .text.atexit   0x00406a04        0xc c:/program files (x86)/atmel/studio/7.0/toolchain/arm/arm-gnu-toolchain/bin/../lib/gcc/arm-none-eabi/6.3.1/../../../../arm-none-eabi/lib/thumb/v7e-m\libc.a(lib_a-atexit.o)
                0x00406a04                atexit
 .text.__sflush_r
                0x00406a10      0x140 c:/program files (x86)/atmel/studio/7.0/toolchain/arm/arm-gnu-toolchain/bin/../lib/gcc/arm-none-eabi/6.3.1/../../../../arm-none-eabi/lib/thumb/v7e-m\libc.a(lib_a-fflush.o)
                0x00406a10                __sflush_r
 .text._fflush_r
                0x00406b50       0x54 c:/program files (x86)/atmel/studio/7.0/toolchain/arm/arm-gnu-toolchain/bin/../lib/gcc/arm-none-eabi/6.3.1/../../../../arm-none-eabi/lib/thumb/v7e-m\libc.a(lib_a-fflush.o)
                0x00406b50                _fflush_r
 .text._cleanup_r
                0x00406ba4        0xc c:/program files (x86)/atmel/studio/7.0/toolchain/arm/arm-gnu-toolchain/bin/../lib/gcc/arm-none-eabi/6.3.1/../../../../arm-none-eabi/lib/thumb/v7e-m\libc.a(lib_a-findfp.o)
                0x00406ba4                _cleanup_r
 .text.std.isra.0
                0x00406bb0       0x50 c:/program files (x86)/atmel/studio/7.0/toolchain/arm/arm-gnu-toolchain/bin/../lib/gcc/arm-none-eabi/6.3.1/../../../../arm-none-eabi/lib/thumb/v7e-m\libc.a(lib_a-findfp.o)
 .text.__sinit  0x00406c00       0x58 c:/program files (x86)/atmel/studio/7.0/toolchain/arm/arm-gnu-toolchain/bin/../lib/gcc/arm-none-eabi/6.3.1/../../../../arm-none-eabi/lib/thumb/v7e-m\libc.a(lib_a-findfp.o)
                0x00406c00                __sinit
 .text.__sfp_lock_acquire
                0x00406c58        0xc c:/program files (x86)/atmel/studio/7.0/toolchain/arm/arm-gnu-toolchain/bin/../lib/gcc/arm-none-eabi/6.3.1/../../../../arm-none-eabi/lib/thumb/v7e-m\libc.a(lib_a-findfp.o)
                0x00406c58                __sfp_lock_acquire
 .text.__sfp_lock_release
                0x00406c64        0xc c:/program files (x86)/atmel/studio/7.0/toolchain/arm/arm-gnu-toolchain/bin/../lib/gcc/arm-none-eabi/6.3.1/../../../../arm-none-eabi/lib/thumb/v7e-m\libc.a(lib_a-findfp.o)
                0x00406c64                __sfp_lock_release
 .text.__libc_fini_array
                0x00406c70       0x34 c:/program files (x86)/atmel/studio/7.0/toolchain/arm/arm-gnu-toolchain/bin/../lib/gcc/arm-none-eabi/6.3.1/../../../../arm-none-eabi/lib/thumb/v7e-m\libc.a(lib_a-fini.o)
                0x00406c70                __libc_fini_array
 .text.__fputwc
                0x00406ca4       0xa0 c:/program files (x86)/atmel/studio/7.0/toolchain/arm/arm-gnu-toolchain/bin/../lib/gcc/arm-none-eabi/6.3.1/../../../../arm-none-eabi/lib/thumb/v7e-m\libc.a(lib_a-fputwc.o)
                0x00406ca4                __fputwc
 .text._fputwc_r
                0x00406d44       0x68 c:/program files (x86)/atmel/studio/7.0/toolchain/arm/arm-gnu-toolchain/bin/../lib/gcc/arm-none-eabi/6.3.1/../../../../arm-none-eabi/lib/thumb/v7e-m\libc.a(lib_a-fputwc.o)
                0x00406d44                _fputwc_r
 .text._malloc_trim_r
                0x00406dac       0xa0 c:/program files (x86)/atmel/studio/7.0/toolchain/arm/arm-gnu-toolchain/bin/../lib/gcc/arm-none-eabi/6.3.1/../../../../arm-none-eabi/lib/thumb/v7e-m\libc.a(lib_a-freer.o)
                0x00406dac                _malloc_trim_r
 .text._free_r  0x00406e4c      0x1cc c:/program files (x86)/atmel/studio/7.0/toolchain/arm/arm-gnu-toolchain/bin/../lib/gcc/arm-none-eabi/6.3.1/../../../../arm-none-eabi/lib/thumb/v7e-m\libc.a(lib_a-freer.o)
                0x00406e4c                _free_r
 .text.__sfvwrite_r
                0x00407018      0x2f0 c:/program files (x86)/atmel/studio/7.0/toolchain/arm/arm-gnu-toolchain/bin/../lib/gcc/arm-none-eabi/6.3.1/../../../../arm-none-eabi/lib/thumb/v7e-m\libc.a(lib_a-fvwrite.o)
                0x00407018                __sfvwrite_r
 .text._fwalk_reent
                0x00407308       0x54 c:/program files (x86)/atmel/studio/7.0/toolchain/arm/arm-gnu-toolchain/bin/../lib/gcc/arm-none-eabi/6.3.1/../../../../arm-none-eabi/lib/thumb/v7e-m\libc.a(lib_a-fwalk.o)
                0x00407308                _fwalk_reent
 .text.__locale_mb_cur_max
                0x0040735c       0x1c c:/program files (x86)/atmel/studio/7.0/toolchain/arm/arm-gnu-toolchain/bin/../lib/gcc/arm-none-eabi/6.3.1/../../../../arm-none-eabi/lib/thumb/v7e-m\libc.a(lib_a-locale.o)
                0x0040735c                __locale_mb_cur_max
 .text.__retarget_lock_init_recursive
                0x00407378        0x4 c:/program files (x86)/atmel/studio/7.0/toolchain/arm/arm-gnu-toolchain/bin/../lib/gcc/arm-none-eabi/6.3.1/../../../../arm-none-eabi/lib/thumb/v7e-m\libc.a(lib_a-lock.o)
                0x00407378                __retarget_lock_init_recursive
 .text.__retarget_lock_close_recursive
                0x0040737c        0x4 c:/program files (x86)/atmel/studio/7.0/toolchain/arm/arm-gnu-toolchain/bin/../lib/gcc/arm-none-eabi/6.3.1/../../../../arm-none-eabi/lib/thumb/v7e-m\libc.a(lib_a-lock.o)
                0x0040737c                __retarget_lock_close_recursive
 .text.__retarget_lock_acquire_recursive
                0x00407380        0x4 c:/program files (x86)/atmel/studio/7.0/toolchain/arm/arm-gnu-toolchain/bin/../lib/gcc/arm-none-eabi/6.3.1/../../../../arm-none-eabi/lib/thumb/v7e-m\libc.a(lib_a-lock.o)
                0x00407380                __retarget_lock_acquire_recursive
 .text.__retarget_lock_release_recursive
                0x00407384        0x4 c:/program files (x86)/atmel/studio/7.0/toolchain/arm/arm-gnu-toolchain/bin/../lib/gcc/arm-none-eabi/6.3.1/../../../../arm-none-eabi/lib/thumb/v7e-m\libc.a(lib_a-lock.o)
                0x00407384                __retarget_lock_release_recursive
 .text.__swhatbuf_r
                0x00407388       0x5c c:/program files (x86)/atmel/studio/7.0/toolchain/arm/arm-gnu-toolchain/bin/../lib/gcc/arm-none-eabi/6.3.1/../../../../arm-none-eabi/lib/thumb/v7e-m\libc.a(lib_a-makebuf.o)
                0x00407388                __swhatbuf_r
 .text.__smakebuf_r
                0x004073e4       0x94 c:/program files (x86)/atmel/studio/7.0/toolchain/arm/arm-gnu-toolchain/bin/../lib/gcc/arm-none-eabi/6.3.1/../../../../arm-none-eabi/lib/thumb/v7e-m\libc.a(lib_a-makebuf.o)
                0x004073e4                __smakebuf_r
 .text.malloc   0x00407478       0x10 c:/program files (x86)/atmel/studio/7.0/toolchain/arm/arm-gnu-toolchain/bin/../lib/gcc/arm-none-eabi/6.3.1/../../../../arm-none-eabi/lib/thumb/v7e-m\libc.a(lib_a-malloc.o)
                0x00407478                malloc
 .text._malloc_r
                0x00407488      0x560 c:/program files (x86)/atmel/studio/7.0/toolchain/arm/arm-gnu-toolchain/bin/../lib/gcc/arm-none-eabi/6.3.1/../../../../arm-none-eabi/lib/thumb/v7e-m\libc.a(lib_a-mallocr.o)
                0x00407488                _malloc_r
 .text.__ascii_mbtowc
                0x004079e8       0x2c c:/program files (x86)/atmel/studio/7.0/toolchain/arm/arm-gnu-toolchain/bin/../lib/gcc/arm-none-eabi/6.3.1/../../../../arm-none-eabi/lib/thumb/v7e-m\libc.a(lib_a-mbtowc_r.o)
                0x004079e8                __ascii_mbtowc
 *fill*         0x00407a14        0xc 
 .text          0x00407a20       0xa0 c:/program files (x86)/atmel/studio/7.0/toolchain/arm/arm-gnu-toolchain/bin/../lib/gcc/arm-none-eabi/6.3.1/../../../../arm-none-eabi/lib/thumb/v7e-m\libc.a(lib_a-memchr.o)
                0x00407a20                memchr
 .text.memmove  0x00407ac0       0xc8 c:/program files (x86)/atmel/studio/7.0/toolchain/arm/arm-gnu-toolchain/bin/../lib/gcc/arm-none-eabi/6.3.1/../../../../arm-none-eabi/lib/thumb/v7e-m\libc.a(lib_a-memmove.o)
                0x00407ac0                memmove
 .text.__malloc_lock
                0x00407b88        0xc c:/program files (x86)/atmel/studio/7.0/toolchain/arm/arm-gnu-toolchain/bin/../lib/gcc/arm-none-eabi/6.3.1/../../../../arm-none-eabi/lib/thumb/v7e-m\libc.a(lib_a-mlock.o)
                0x00407b88                __malloc_lock
 .text.__malloc_unlock
                0x00407b94        0xc c:/program files (x86)/atmel/studio/7.0/toolchain/arm/arm-gnu-toolchain/bin/../lib/gcc/arm-none-eabi/6.3.1/../../../../arm-none-eabi/lib/thumb/v7e-m\libc.a(lib_a-mlock.o)
                0x00407b94                __malloc_unlock
 .text._realloc_r
                0x00407ba0      0x34c c:/program files (x86)/atmel/studio/7.0/toolchain/arm/arm-gnu-toolchain/bin/../lib/gcc/arm-none-eabi/6.3.1/../../../../arm-none-eabi/lib/thumb/v7e-m\libc.a(lib_a-reallocr.o)
                0x00407ba0                _realloc_r
 .text._sbrk_r  0x00407eec       0x24 c:/program files (x86)/atmel/studio/7.0/toolchain/arm/arm-gnu-toolchain/bin/../lib/gcc/arm-none-eabi/6.3.1/../../../../arm-none-eabi/lib/thumb/v7e-m\libc.a(lib_a-sbrkr.o)
                0x00407eec                _sbrk_r
 .text.__sread  0x00407f10       0x24 c:/program files (x86)/atmel/studio/7.0/toolchain/arm/arm-gnu-toolchain/bin/../lib/gcc/arm-none-eabi/6.3.1/../../../../arm-none-eabi/lib/thumb/v7e-m\libc.a(lib_a-stdio.o)
                0x00407f10                __sread
 .text.__swrite
                0x00407f34       0x3c c:/program files (x86)/atmel/studio/7.0/toolchain/arm/arm-gnu-toolchain/bin/../lib/gcc/arm-none-eabi/6.3.1/../../../../arm-none-eabi/lib/thumb/v7e-m\libc.a(lib_a-stdio.o)
                0x00407f34                __swrite
 .text.__sseek  0x00407f70       0x20 c:/program files (x86)/atmel/studio/7.0/toolchain/arm/arm-gnu-toolchain/bin/../lib/gcc/arm-none-eabi/6.3.1/../../../../arm-none-eabi/lib/thumb/v7e-m\libc.a(lib_a-stdio.o)
                0x00407f70                __sseek
 .text.__sclose
                0x00407f90        0x8 c:/program files (x86)/atmel/studio/7.0/toolchain/arm/arm-gnu-toolchain/bin/../lib/gcc/arm-none-eabi/6.3.1/../../../../arm-none-eabi/lib/thumb/v7e-m\libc.a(lib_a-stdio.o)
                0x00407f90                __sclose
 *fill*         0x00407f98       0x28 
 .text          0x00407fc0       0xdc c:/program files (x86)/atmel/studio/7.0/toolchain/arm/arm-gnu-toolchain/bin/../lib/gcc/arm-none-eabi/6.3.1/../../../../arm-none-eabi/lib/thumb/v7e-m\libc.a(lib_a-strlen.o)
                0x00407fc0                strlen
 .text.__swbuf_r
                0x0040809c       0xb0 c:/program files (x86)/atmel/studio/7.0/toolchain/arm/arm-gnu-toolchain/bin/../lib/gcc/arm-none-eabi/6.3.1/../../../../arm-none-eabi/lib/thumb/v7e-m\libc.a(lib_a-wbuf.o)
                0x0040809c                __swbuf_r
 .text._wcrtomb_r
                0x0040814c       0x54 c:/program files (x86)/atmel/studio/7.0/toolchain/arm/arm-gnu-toolchain/bin/../lib/gcc/arm-none-eabi/6.3.1/../../../../arm-none-eabi/lib/thumb/v7e-m\libc.a(lib_a-wcrtomb.o)
                0x0040814c                _wcrtomb_r
 .text.__ascii_wctomb
                0x004081a0       0x1c c:/program files (x86)/atmel/studio/7.0/toolchain/arm/arm-gnu-toolchain/bin/../lib/gcc/arm-none-eabi/6.3.1/../../../../arm-none-eabi/lib/thumb/v7e-m\libc.a(lib_a-wctomb_r.o)
                0x004081a0                __ascii_wctomb
 .text._write_r
                0x004081bc       0x2c c:/program files (x86)/atmel/studio/7.0/toolchain/arm/arm-gnu-toolchain/bin/../lib/gcc/arm-none-eabi/6.3.1/../../../../arm-none-eabi/lib/thumb/v7e-m\libc.a(lib_a-writer.o)
                0x004081bc                _write_r
 .text.__register_exitproc
                0x004081e8       0xc4 c:/program files (x86)/atmel/studio/7.0/toolchain/arm/arm-gnu-toolchain/bin/../lib/gcc/arm-none-eabi/6.3.1/../../../../arm-none-eabi/lib/thumb/v7e-m\libc.a(lib_a-__atexit.o)
                0x004081e8                __register_exitproc
 .text._close_r
                0x004082ac       0x24 c:/program files (x86)/atmel/studio/7.0/toolchain/arm/arm-gnu-toolchain/bin/../lib/gcc/arm-none-eabi/6.3.1/../../../../arm-none-eabi/lib/thumb/v7e-m\libc.a(lib_a-closer.o)
                0x004082ac                _close_r
 .text._fclose_r
                0x004082d0       0xc4 c:/program files (x86)/atmel/studio/7.0/toolchain/arm/arm-gnu-toolchain/bin/../lib/gcc/arm-none-eabi/6.3.1/../../../../arm-none-eabi/lib/thumb/v7e-m\libc.a(lib_a-fclose.o)
                0x004082d0                _fclose_r
 .text._fstat_r
                0x00408394       0x28 c:/program files (x86)/atmel/studio/7.0/toolchain/arm/arm-gnu-toolchain/bin/../lib/gcc/arm-none-eabi/6.3.1/../../../../arm-none-eabi/lib/thumb/v7e-m\libc.a(lib_a-fstatr.o)
                0x00408394                _fstat_r
 .text._isatty_r
                0x004083bc       0x24 c:/program files (x86)/atmel/studio/7.0/toolchain/arm/arm-gnu-toolchain/bin/../lib/gcc/arm-none-eabi/6.3.1/../../../../arm-none-eabi/lib/thumb/v7e-m\libc.a(lib_a-isattyr.o)
                0x004083bc                _isatty_r
 .text._lseek_r
                0x004083e0       0x2c c:/program files (x86)/atmel/studio/7.0/toolchain/arm/arm-gnu-toolchain/bin/../lib/gcc/arm-none-eabi/6.3.1/../../../../arm-none-eabi/lib/thumb/v7e-m\libc.a(lib_a-lseekr.o)
                0x004083e0                _lseek_r
 .text._read_r  0x0040840c       0x2c c:/program files (x86)/atmel/studio/7.0/toolchain/arm/arm-gnu-toolchain/bin/../lib/gcc/arm-none-eabi/6.3.1/../../../../arm-none-eabi/lib/thumb/v7e-m\libc.a(lib_a-readr.o)
                0x0040840c                _read_r
 .text          0x00408438       0x30 c:/program files (x86)/atmel/studio/7.0/toolchain/arm/arm-gnu-toolchain/bin/../lib/gcc/arm-none-eabi/6.3.1/thumb/v7e-m\libgcc.a(_aeabi_uldivmod.o)
                0x00408438                __aeabi_uldivmod
 .text          0x00408468      0x2dc c:/program files (x86)/atmel/studio/7.0/toolchain/arm/arm-gnu-toolchain/bin/../lib/gcc/arm-none-eabi/6.3.1/thumb/v7e-m\libgcc.a(_udivmoddi4.o)
                0x00408468                __udivmoddi4
 .text          0x00408744        0x4 c:/program files (x86)/atmel/studio/7.0/toolchain/arm/arm-gnu-toolchain/bin/../lib/gcc/arm-none-eabi/6.3.1/thumb/v7e-m\libgcc.a(_dvmd_tls.o)
                0x00408744                __aeabi_idiv0
                0x00408744                __aeabi_ldiv0
 *(.glue_7t)
 .glue_7t       0x00408748        0x0 linker stubs
 *(.glue_7)
 .glue_7        0x00408748        0x0 linker stubs
 *(.rodata .rodata* .gnu.linkonce.r.*)
 .rodata        0x00408748       0x24 src/main.o
 .rodata._global_impure_ptr
                0x0040876c        0x4 c:/program files (x86)/atmel/studio/7.0/toolchain/arm/arm-gnu-toolchain/bin/../lib/gcc/arm-none-eabi/6.3.1/../../../../arm-none-eabi/lib/thumb/v7e-m\libc.a(lib_a-impure.o)
                0x0040876c                _global_impure_ptr
 .rodata._vfiprintf_r.str1.4
                0x00408770       0x2f c:/program files (x86)/atmel/studio/7.0/toolchain/arm/arm-gnu-toolchain/bin/../lib/gcc/arm-none-eabi/6.3.1/../../../../arm-none-eabi/lib/thumb/v7e-m\libc.a(lib_a-vfiprintf.o)
 *fill*         0x0040879f        0x1 
 .rodata.blanks.7217
                0x004087a0       0x10 c:/program files (x86)/atmel/studio/7.0/toolchain/arm/arm-gnu-toolchain/bin/../lib/gcc/arm-none-eabi/6.3.1/../../../../arm-none-eabi/lib/thumb/v7e-m\libc.a(lib_a-vfiprintf.o)
 .rodata.zeroes.7218
                0x004087b0       0x10 c:/program files (x86)/atmel/studio/7.0/toolchain/arm/arm-gnu-toolchain/bin/../lib/gcc/arm-none-eabi/6.3.1/../../../../arm-none-eabi/lib/thumb/v7e-m\libc.a(lib_a-vfiprintf.o)
 .rodata._setlocale_r.str1.4
                0x004087c0        0xa c:/program files (x86)/atmel/studio/7.0/toolchain/arm/arm-gnu-toolchain/bin/../lib/gcc/arm-none-eabi/6.3.1/../../../../arm-none-eabi/lib/thumb/v7e-m\libc.a(lib_a-locale.o)
                                  0xd (size before relaxing)
 *fill*         0x004087ca        0x2 
 .rodata.str1.4
                0x004087cc        0x4 c:/program files (x86)/atmel/studio/7.0/toolchain/arm/arm-gnu-toolchain/bin/../lib/gcc/arm-none-eabi/6.3.1/../../../../arm-none-eabi/lib/thumb/v7e-m\libc.a(lib_a-locale.o)
                                  0x2 (size before relaxing)
 .rodata._ctype_
                0x004087d0      0x101 c:/program files (x86)/atmel/studio/7.0/toolchain/arm/arm-gnu-toolchain/bin/../lib/gcc/arm-none-eabi/6.3.1/../../../../arm-none-eabi/lib/thumb/v7e-m\libc.a(lib_a-ctype_.o)
                0x004087d0                _ctype_
 *(.ARM.extab* .gnu.linkonce.armextab.*)
                0x004088d4                . = ALIGN (0x4)
 *fill*         0x004088d1        0x3 
 *(.init)
 .init          0x004088d4        0x4 c:/program files (x86)/atmel/studio/7.0/toolchain/arm/arm-gnu-toolchain/bin/../lib/gcc/arm-none-eabi/6.3.1/thumb/v7e-m/crti.o
                0x004088d4                _init
 .init          0x004088d8        0x8 c:/program files (x86)/atmel/studio/7.0/toolchain/arm/arm-gnu-toolchain/bin/../lib/gcc/arm-none-eabi/6.3.1/thumb/v7e-m/crtn.o
                0x004088e0                . = ALIGN (0x4)
                0x004088e0                __preinit_array_start = .
 *(.preinit_array)
                0x004088e0                __preinit_array_end = .
                0x004088e0                . = ALIGN (0x4)
                0x004088e0                __init_array_start = .
 *(SORT(.init_array.*))
 .init_array.00000
                0x004088e0        0x4 c:/program files (x86)/atmel/studio/7.0/toolchain/arm/arm-gnu-toolchain/bin/../lib/gcc/arm-none-eabi/6.3.1/../../../../arm-none-eabi/lib/thumb/v7e-m\libc.a(lib_a-__call_atexit.o)
 *(.init_array)
 .init_array    0x004088e4        0x4 c:/program files (x86)/atmel/studio/7.0/toolchain/arm/arm-gnu-toolchain/bin/../lib/gcc/arm-none-eabi/6.3.1/thumb/v7e-m/crtbegin.o
                0x004088e8                __init_array_end = .
                0x004088e8                . = ALIGN (0x4)
 *crtbegin.o(.ctors)
 *(EXCLUDE_FILE(*crtend.o) .ctors)
 *(SORT(.ctors.*))
 *crtend.o(.ctors)
                0x004088e8                . = ALIGN (0x4)
 *(.fini)
 .fini          0x004088e8        0x4 c:/program files (x86)/atmel/studio/7.0/toolchain/arm/arm-gnu-toolchain/bin/../lib/gcc/arm-none-eabi/6.3.1/thumb/v7e-m/crti.o
                0x004088e8                _fini
 .fini          0x004088ec        0x8 c:/program files (x86)/atmel/studio/7.0/toolchain/arm/arm-gnu-toolchain/bin/../lib/gcc/arm-none-eabi/6.3.1/thumb/v7e-m/crtn.o
                0x004088f4                . = ALIGN (0x4)
                0x004088f4                __fini_array_start = .
 *(.fini_array)
 .fini_array    0x004088f4        0x4 c:/program files (x86)/atmel/studio/7.0/toolchain/arm/arm-gnu-toolchain/bin/../lib/gcc/arm-none-eabi/6.3.1/thumb/v7e-m/crtbegin.o
 *(SORT(.fini_array.*))
                0x004088f8                __fini_array_end = .
 *crtbegin.o(.dtors)
 *(EXCLUDE_FILE(*crtend.o) .dtors)
 *(SORT(.dtors.*))
 *crtend.o(.dtors)
                0x004088f8                . = ALIGN (0x4)
                0x004088f8                _efixed = .
                [!provide]                PROVIDE (__exidx_start, .)

.vfp11_veneer   0x004088f8        0x0
 .vfp11_veneer  0x004088f8        0x0 linker stubs

.v4_bx          0x004088f8        0x0
 .v4_bx         0x004088f8        0x0 linker stubs

.iplt           0x004088f8        0x0
 .iplt          0x004088f8        0x0 c:/program files (x86)/atmel/studio/7.0/toolchain/arm/arm-gnu-toolchain/bin/../lib/gcc/arm-none-eabi/6.3.1/thumb/v7e-m/crtbegin.o

.ARM.exidx      0x004088f8        0x8
 *(.ARM.exidx* .gnu.linkonce.armexidx.*)
 .ARM.exidx     0x004088f8        0x8 c:/program files (x86)/atmel/studio/7.0/toolchain/arm/arm-gnu-toolchain/bin/../lib/gcc/arm-none-eabi/6.3.1/thumb/v7e-m\libgcc.a(_udivmoddi4.o)
                [!provide]                PROVIDE (__exidx_end, .)

.eh_frame       0x00408900        0x0
 .eh_frame      0x00408900        0x0 c:/program files (x86)/atmel/studio/7.0/toolchain/arm/arm-gnu-toolchain/bin/../lib/gcc/arm-none-eabi/6.3.1/thumb/v7e-m/crtbegin.o

.rel.dyn        0x00408900        0x0
 .rel.iplt      0x00408900        0x0 c:/program files (x86)/atmel/studio/7.0/toolchain/arm/arm-gnu-toolchain/bin/../lib/gcc/arm-none-eabi/6.3.1/thumb/v7e-m/crtbegin.o

.jcr            0x00408900        0x0
 .jcr           0x00408900        0x0 c:/program files (x86)/atmel/studio/7.0/toolchain/arm/arm-gnu-toolchain/bin/../lib/gcc/arm-none-eabi/6.3.1/thumb/v7e-m/crtbegin.o

.igot.plt       0x00408900        0x0
 .igot.plt      0x00408900        0x0 c:/program files (x86)/atmel/studio/7.0/toolchain/arm/arm-gnu-toolchain/bin/../lib/gcc/arm-none-eabi/6.3.1/thumb/v7e-m/crtbegin.o
                0x00408900                . = ALIGN (0x4)
                0x00408900                _etext = .

.relocate       0x20000000      0xa58 load address 0x00408900
                0x20000000                . = ALIGN (0x4)
                0x20000000                _srelocate = .
 *(.ramfunc .ramfunc.*)
 *(.data .data.*)
 .data.udi_api_cdc_comm
                0x20000000       0x14 src/ASF/common/services/usb/class/cdc/device/udi_cdc.o
                0x20000000                udi_api_cdc_comm
 .data.udi_api_cdc_data
                0x20000014       0x14 src/ASF/common/services/usb/class/cdc/device/udi_cdc.o
                0x20000014                udi_api_cdc_data
 .data.udc_device_desc
                0x20000028       0x12 src/ASF/common/services/usb/class/cdc/device/udi_cdc_desc.o
                0x20000028                udc_device_desc
 *fill*         0x2000003a        0x2 
 .data.udc_desc_fs
                0x2000003c       0x43 src/ASF/common/services/usb/class/cdc/device/udi_cdc_desc.o
                0x2000003c                udc_desc_fs
 *fill*         0x2000007f        0x1 
 .data.udi_apis
                0x20000080        0x8 src/ASF/common/services/usb/class/cdc/device/udi_cdc_desc.o
                0x20000080                udi_apis
 .data.udc_config_fs
                0x20000088        0x8 src/ASF/common/services/usb/class/cdc/device/udi_cdc_desc.o
                0x20000088                udc_config_fs
 .data.udc_config
                0x20000090        0xc src/ASF/common/services/usb/class/cdc/device/udi_cdc_desc.o
                0x20000090                udc_config
 .data.udc_string_desc_languageid
                0x2000009c        0x4 src/ASF/common/services/usb/udc/udc.o
 .data.udc_string_desc
                0x200000a0        0x2 src/ASF/common/services/usb/udc/udc.o
 .data.g_interrupt_enabled
                0x200000a2        0x1 src/ASF/common/utils/interrupt/interrupt_sam_nvic.o
                0x200000a2                g_interrupt_enabled
 *fill*         0x200000a3        0x1 
 .data.SystemCoreClock
                0x200000a4        0x4 src/ASF/sam/utils/cmsis/sam4e/source/templates/system_sam4e.o
                0x200000a4                SystemCoreClock
 .data._impure_ptr
                0x200000a8        0x4 c:/program files (x86)/atmel/studio/7.0/toolchain/arm/arm-gnu-toolchain/bin/../lib/gcc/arm-none-eabi/6.3.1/../../../../arm-none-eabi/lib/thumb/v7e-m\libc.a(lib_a-impure.o)
                0x200000a8                _impure_ptr
 *fill*         0x200000ac        0x4 
 .data.impure_data
                0x200000b0      0x428 c:/program files (x86)/atmel/studio/7.0/toolchain/arm/arm-gnu-toolchain/bin/../lib/gcc/arm-none-eabi/6.3.1/../../../../arm-none-eabi/lib/thumb/v7e-m\libc.a(lib_a-impure.o)
 .data.__atexit_recursive_mutex
                0x200004d8        0x4 c:/program files (x86)/atmel/studio/7.0/toolchain/arm/arm-gnu-toolchain/bin/../lib/gcc/arm-none-eabi/6.3.1/../../../../arm-none-eabi/lib/thumb/v7e-m\libc.a(lib_a-__call_atexit.o)
                0x200004d8                __atexit_recursive_mutex
 .data.__global_locale
                0x200004dc      0x16c c:/program files (x86)/atmel/studio/7.0/toolchain/arm/arm-gnu-toolchain/bin/../lib/gcc/arm-none-eabi/6.3.1/../../../../arm-none-eabi/lib/thumb/v7e-m\libc.a(lib_a-locale.o)
                0x200004dc                __global_locale
 .data.__malloc_av_
                0x20000648      0x408 c:/program files (x86)/atmel/studio/7.0/toolchain/arm/arm-gnu-toolchain/bin/../lib/gcc/arm-none-eabi/6.3.1/../../../../arm-none-eabi/lib/thumb/v7e-m\libc.a(lib_a-mallocr.o)
                0x20000648                __malloc_av_
 .data.__malloc_sbrk_base
                0x20000a50        0x4 c:/program files (x86)/atmel/studio/7.0/toolchain/arm/arm-gnu-toolchain/bin/../lib/gcc/arm-none-eabi/6.3.1/../../../../arm-none-eabi/lib/thumb/v7e-m\libc.a(lib_a-mallocr.o)
                0x20000a50                __malloc_sbrk_base
 .data.__malloc_trim_threshold
                0x20000a54        0x4 c:/program files (x86)/atmel/studio/7.0/toolchain/arm/arm-gnu-toolchain/bin/../lib/gcc/arm-none-eabi/6.3.1/../../../../arm-none-eabi/lib/thumb/v7e-m\libc.a(lib_a-mallocr.o)
                0x20000a54                __malloc_trim_threshold
                0x20000a58                . = ALIGN (0x4)
                0x20000a58                _erelocate = .

.bss            0x20000a58      0x41c load address 0x00409358
                0x20000a58                . = ALIGN (0x4)
                0x20000a58                _sbss = .
                0x20000a58                _szero = .
 *(.bss .bss.*)
 .bss           0x20000a58       0x1c c:/program files (x86)/atmel/studio/7.0/toolchain/arm/arm-gnu-toolchain/bin/../lib/gcc/arm-none-eabi/6.3.1/thumb/v7e-m/crtbegin.o
 .bss.udi_cdc_line_coding
                0x20000a74        0x7 src/ASF/common/services/usb/class/cdc/device/udi_cdc.o
 *fill*         0x20000a7b        0x1 
 .bss.udi_cdc_state
                0x20000a7c        0x2 src/ASF/common/services/usb/class/cdc/device/udi_cdc.o
 *fill*         0x20000a7e        0x2 
 .bss.uid_cdc_state_msg
                0x20000a80        0xa src/ASF/common/services/usb/class/cdc/device/udi_cdc.o
 .bss.udi_cdc_nb_comm_enabled
                0x20000a8a        0x1 src/ASF/common/services/usb/class/cdc/device/udi_cdc.o
 .bss.udi_cdc_nb_data_enabled
                0x20000a8b        0x1 src/ASF/common/services/usb/class/cdc/device/udi_cdc.o
 .bss.udi_cdc_data_running
                0x20000a8c        0x1 src/ASF/common/services/usb/class/cdc/device/udi_cdc.o
 *fill*         0x20000a8d        0x3 
 .bss.udi_cdc_rx_buf
                0x20000a90       0x80 src/ASF/common/services/usb/class/cdc/device/udi_cdc.o
 .bss.udi_cdc_rx_buf_nb
                0x20000b10        0x4 src/ASF/common/services/usb/class/cdc/device/udi_cdc.o
 .bss.udi_cdc_rx_buf_sel
                0x20000b14        0x1 src/ASF/common/services/usb/class/cdc/device/udi_cdc.o
 *fill*         0x20000b15        0x3 
 .bss.udi_cdc_rx_pos
                0x20000b18        0x2 src/ASF/common/services/usb/class/cdc/device/udi_cdc.o
 *fill*         0x20000b1a        0x2 
 .bss.udi_cdc_rx_trans_ongoing
                0x20000b1c        0x1 src/ASF/common/services/usb/class/cdc/device/udi_cdc.o
 *fill*         0x20000b1d        0x3 
 .bss.udi_cdc_tx_buf
                0x20000b20       0x80 src/ASF/common/services/usb/class/cdc/device/udi_cdc.o
 .bss.udi_cdc_tx_buf_nb
                0x20000ba0        0x4 src/ASF/common/services/usb/class/cdc/device/udi_cdc.o
 .bss.udi_cdc_tx_buf_sel
                0x20000ba4        0x1 src/ASF/common/services/usb/class/cdc/device/udi_cdc.o
 *fill*         0x20000ba5        0x3 
 .bss.udi_cdc_tx_sof_num
                0x20000ba8        0x2 src/ASF/common/services/usb/class/cdc/device/udi_cdc.o
 *fill*         0x20000baa        0x2 
 .bss.udi_cdc_tx_trans_ongoing
                0x20000bac        0x1 src/ASF/common/services/usb/class/cdc/device/udi_cdc.o
 *fill*         0x20000bad        0x3 
 .bss.udi_cdc_tx_both_buf_to_send
                0x20000bb0        0x1 src/ASF/common/services/usb/class/cdc/device/udi_cdc.o
 .bss.port_notify.9325
                0x20000bb1        0x1 src/ASF/common/services/usb/class/cdc/device/udi_cdc.o
 .bss.sof_zlp_counter.9395
                0x20000bb2        0x2 src/ASF/common/services/usb/class/cdc/device/udi_cdc.o
 .bss.udc_device_status
                0x20000bb4        0x2 src/ASF/common/services/usb/udc/udc.o
 *fill*         0x20000bb6        0x2 
 .bss.udc_iface_setting
                0x20000bb8        0x1 src/ASF/common/services/usb/udc/udc.o
 *fill*         0x20000bb9        0x3 
 .bss.udc_num_configuration
                0x20000bbc        0x1 src/ASF/common/services/usb/udc/udc.o
 *fill*         0x20000bbd        0x3 
 .bss.udc_ptr_conf
                0x20000bc0        0x4 src/ASF/common/services/usb/udc/udc.o
 .bss.udc_ptr_iface
                0x20000bc4        0x4 src/ASF/common/services/usb/udc/udc.o
 .bss.udc_ep_status.9040
                0x20000bc8        0x2 src/ASF/common/services/usb/udc/udc.o
 *fill*         0x20000bca        0x2 
 .bss.gs_interrupt_sources
                0x20000bcc       0x70 src/ASF/sam/drivers/pio/pio_handler.o
 .bss.pio_capture_handler
                0x20000c3c        0x4 src/ASF/sam/drivers/pio/pio_handler.o
 .bss.udd_b_idle
                0x20000c40        0x1 src/ASF/sam/drivers/udp/udp_device.o
 .bss.udd_ep_control_state
                0x20000c41        0x1 src/ASF/sam/drivers/udp/udp_device.o
 .bss.udd_ctrl_prev_payload_nb_trans
                0x20000c42        0x2 src/ASF/sam/drivers/udp/udp_device.o
 .bss.udd_ctrl_payload_nb_trans
                0x20000c44        0x2 src/ASF/sam/drivers/udp/udp_device.o
 *fill*         0x20000c46        0x2 
 .bss.udd_ep_job
                0x20000c48       0x3c src/ASF/sam/drivers/udp/udp_device.o
 .bss.b_shortpacket.10090
                0x20000c84        0x1 src/ASF/sam/drivers/udp/udp_device.o
 *fill*         0x20000c85        0x3 
 .bss.ul_reg_val.8836
                0x20000c88        0x4 src/ASF/sam/drivers/usart/usart.o
 .bss.serial_rx_buf
                0x20000c8c       0x9c src/ASF/thirdparty/wireless/addons/sio2host/uart/sio2host.o
 .bss.serial_rx_buf_tail
                0x20000d28        0x1 src/ASF/thirdparty/wireless/addons/sio2host/uart/sio2host.o
 .bss.b_is_sleep_clock_used
                0x20000d29        0x1 src/ASF/sam/drivers/pmc/sleep.o
 *fill*         0x20000d2a        0x2 
 .bss.heap.6420
                0x20000d2c        0x4 src/ASF/sam/utils/syscalls/gcc/syscalls.o
 .bss.__malloc_current_mallinfo
                0x20000d30       0x28 c:/program files (x86)/atmel/studio/7.0/toolchain/arm/arm-gnu-toolchain/bin/../lib/gcc/arm-none-eabi/6.3.1/../../../../arm-none-eabi/lib/thumb/v7e-m\libc.a(lib_a-mallocr.o)
                0x20000d30                __malloc_current_mallinfo
 .bss.__malloc_max_sbrked_mem
                0x20000d58        0x4 c:/program files (x86)/atmel/studio/7.0/toolchain/arm/arm-gnu-toolchain/bin/../lib/gcc/arm-none-eabi/6.3.1/../../../../arm-none-eabi/lib/thumb/v7e-m\libc.a(lib_a-mallocr.o)
                0x20000d58                __malloc_max_sbrked_mem
 .bss.__malloc_max_total_mem
                0x20000d5c        0x4 c:/program files (x86)/atmel/studio/7.0/toolchain/arm/arm-gnu-toolchain/bin/../lib/gcc/arm-none-eabi/6.3.1/../../../../arm-none-eabi/lib/thumb/v7e-m\libc.a(lib_a-mallocr.o)
                0x20000d5c                __malloc_max_total_mem
 .bss.__malloc_top_pad
                0x20000d60        0x4 c:/program files (x86)/atmel/studio/7.0/toolchain/arm/arm-gnu-toolchain/bin/../lib/gcc/arm-none-eabi/6.3.1/../../../../arm-none-eabi/lib/thumb/v7e-m\libc.a(lib_a-mallocr.o)
                0x20000d60                __malloc_top_pad
 *(COMMON)
 COMMON         0x20000d64        0x6 src/ASF/common/services/sleepmgr/sam/sleepmgr.o
                0x20000d64                sleepmgr_locks
 *fill*         0x20000d6a        0x2 
 COMMON         0x20000d6c        0x4 src/ASF/common/utils/stdio/read.o
                0x20000d6c                ptr_get
 COMMON         0x20000d70        0x8 src/ASF/common/utils/stdio/write.o
                0x20000d70                ptr_put
                0x20000d74                stdio_base
 COMMON         0x20000d78       0xb8 src/ASF/sam/drivers/afec/afec.o
                0x20000d78                afec_callback_pointer
 COMMON         0x20000e30        0x4 src/ASF/sam/drivers/pio/pio.o
                0x20000e30                pio_capture_enable_flag
 COMMON         0x20000e34       0x18 src/ASF/sam/drivers/udp/udp_device.o
                0x20000e34                udd_g_ctrlreq
 COMMON         0x20000e4c       0x21 c:/program files (x86)/atmel/studio/7.0/toolchain/arm/arm-gnu-toolchain/bin/../lib/gcc/arm-none-eabi/6.3.1/../../../../arm-none-eabi/lib/thumb/v7e-m\libc.a(lib_a-lock.o)
                0x20000e4c                __lock___atexit_recursive_mutex
                0x20000e50                __lock___arc4random_mutex
                0x20000e54                __lock___env_recursive_mutex
                0x20000e58                __lock___sinit_recursive_mutex
                0x20000e5c                __lock___malloc_recursive_mutex
                0x20000e60                __lock___at_quick_exit_mutex
                0x20000e64                __lock___dd_hash_mutex
                0x20000e68                __lock___tz_mutex
                0x20000e6c                __lock___sfp_recursive_mutex
 *fill*         0x20000e6d        0x3 
 COMMON         0x20000e70        0x4 c:/program files (x86)/atmel/studio/7.0/toolchain/arm/arm-gnu-toolchain/bin/../lib/gcc/arm-none-eabi/6.3.1/../../../../arm-none-eabi/lib/thumb/v7e-m\libc.a(lib_a-reent.o)
                0x20000e70                errno
                0x20000e74                . = ALIGN (0x4)
                0x20000e74                _ebss = .
                0x20000e74                _ezero = .

.stack          0x20000e74     0x3004 load address 0x00409774
                0x20000e78                . = ALIGN (0x8)
 *fill*         0x20000e74        0x4 
                0x20000e78                _sstack = .
                0x20003e78                . = (. + __stack_size__)
 *fill*         0x20000e78     0x3000 
                0x20003e78                . = ALIGN (0x8)
                0x20003e78                _estack = .
                0x20003e78                . = ALIGN (0x4)
                0x20003e78                _end = .
OUTPUT(TestProject.elf elf32-littlearm)

.ARM.attributes
                0x00000000       0x2e
 .ARM.attributes
                0x00000000       0x1e c:/program files (x86)/atmel/studio/7.0/toolchain/arm/arm-gnu-toolchain/bin/../lib/gcc/arm-none-eabi/6.3.1/thumb/v7e-m/crti.o
 .ARM.attributes
                0x0000001e       0x2e c:/program files (x86)/atmel/studio/7.0/toolchain/arm/arm-gnu-toolchain/bin/../lib/gcc/arm-none-eabi/6.3.1/thumb/v7e-m/crtbegin.o
 .ARM.attributes
                0x0000004c       0x37 src/adc.o
 .ARM.attributes
                0x00000083       0x37 src/ASF/common/services/serial/usart_serial.o
 .ARM.attributes
                0x000000ba       0x37 src/ASF/common/services/sleepmgr/sam/sleepmgr.o
 .ARM.attributes
                0x000000f1       0x37 src/ASF/common/services/usb/class/cdc/device/udi_cdc.o
 .ARM.attributes
                0x00000128       0x37 src/ASF/common/services/usb/class/cdc/device/udi_cdc_desc.o
 .ARM.attributes
                0x0000015f       0x37 src/ASF/common/services/usb/udc/udc.o
 .ARM.attributes
                0x00000196       0x37 src/ASF/common/utils/stdio/read.o
 .ARM.attributes
                0x000001cd       0x37 src/ASF/common/utils/stdio/write.o
 .ARM.attributes
                0x00000204       0x37 src/ASF/sam/drivers/afec/afec.o
 .ARM.attributes
                0x0000023b       0x37 src/ASF/sam/drivers/pio/pio.o
 .ARM.attributes
                0x00000272       0x37 src/ASF/sam/drivers/pio/pio_handler.o
 .ARM.attributes
                0x000002a9       0x37 src/ASF/sam/drivers/uart/uart.o
 .ARM.attributes
                0x000002e0       0x37 src/ASF/sam/drivers/udp/udp_device.o
 .ARM.attributes
                0x00000317       0x37 src/ASF/sam/drivers/usart/usart.o
 .ARM.attributes
                0x0000034e       0x37 src/ASF/thirdparty/wireless/addons/sio2host/uart/sio2host.o
 .ARM.attributes
                0x00000385       0x37 src/led.o
 .ARM.attributes
                0x000003bc       0x37 src/ASF/common/services/clock/sam4e/sysclk.o
 .ARM.attributes
                0x000003f3       0x37 src/ASF/common/utils/interrupt/interrupt_sam_nvic.o
 .ARM.attributes
                0x0000042a       0x37 src/ASF/sam/boards/sam4e_ek/init.o
 .ARM.attributes
                0x00000461       0x37 src/ASF/sam/drivers/pmc/pmc.o
 .ARM.attributes
                0x00000498       0x37 src/ASF/sam/drivers/pmc/sleep.o
 .ARM.attributes
                0x000004cf       0x37 src/ASF/sam/utils/cmsis/sam4e/source/templates/exceptions.o
 .ARM.attributes
                0x00000506       0x37 src/ASF/sam/utils/cmsis/sam4e/source/templates/gcc/startup_sam4e.o
 .ARM.attributes
                0x0000053d       0x37 src/ASF/sam/utils/cmsis/sam4e/source/templates/system_sam4e.o
 .ARM.attributes
                0x00000574       0x37 src/ASF/sam/utils/syscalls/gcc/syscalls.o
 .ARM.attributes
                0x000005ab       0x37 src/main.o
 .ARM.attributes
                0x000005e2       0x2e c:/program files (x86)/atmel/studio/7.0/toolchain/arm/arm-gnu-toolchain/bin/../lib/gcc/arm-none-eabi/6.3.1/../../../../arm-none-eabi/lib/thumb/v7e-m\libc.a(lib_a-impure.o)
 .ARM.attributes
                0x00000610       0x2e c:/program files (x86)/atmel/studio/7.0/toolchain/arm/arm-gnu-toolchain/bin/../lib/gcc/arm-none-eabi/6.3.1/../../../../arm-none-eabi/lib/thumb/v7e-m\libc.a(lib_a-init.o)
 .ARM.attributes
                0x0000063e       0x2e c:/program files (x86)/atmel/studio/7.0/toolchain/arm/arm-gnu-toolchain/bin/../lib/gcc/arm-none-eabi/6.3.1/../../../../arm-none-eabi/lib/thumb/v7e-m\libc.a(lib_a-iprintf.o)
 .ARM.attributes
                0x0000066c       0x1c c:/program files (x86)/atmel/studio/7.0/toolchain/arm/arm-gnu-toolchain/bin/../lib/gcc/arm-none-eabi/6.3.1/../../../../arm-none-eabi/lib/thumb/v7e-m\libc.a(lib_a-memcpy.o)
 .ARM.attributes
                0x00000688       0x2e c:/program files (x86)/atmel/studio/7.0/toolchain/arm/arm-gnu-toolchain/bin/../lib/gcc/arm-none-eabi/6.3.1/../../../../arm-none-eabi/lib/thumb/v7e-m\libc.a(lib_a-memset.o)
 .ARM.attributes
                0x000006b6       0x2e c:/program files (x86)/atmel/studio/7.0/toolchain/arm/arm-gnu-toolchain/bin/../lib/gcc/arm-none-eabi/6.3.1/../../../../arm-none-eabi/lib/thumb/v7e-m\libc.a(lib_a-setbuf.o)
 .ARM.attributes
                0x000006e4       0x2e c:/program files (x86)/atmel/studio/7.0/toolchain/arm/arm-gnu-toolchain/bin/../lib/gcc/arm-none-eabi/6.3.1/../../../../arm-none-eabi/lib/thumb/v7e-m\libc.a(lib_a-setvbuf.o)
 .ARM.attributes
                0x00000712       0x2e c:/program files (x86)/atmel/studio/7.0/toolchain/arm/arm-gnu-toolchain/bin/../lib/gcc/arm-none-eabi/6.3.1/../../../../arm-none-eabi/lib/thumb/v7e-m\libc.a(lib_a-vfiprintf.o)
 .ARM.attributes
                0x00000740       0x2e c:/program files (x86)/atmel/studio/7.0/toolchain/arm/arm-gnu-toolchain/bin/../lib/gcc/arm-none-eabi/6.3.1/../../../../arm-none-eabi/lib/thumb/v7e-m\libc.a(lib_a-wsetup.o)
 .ARM.attributes
                0x0000076e       0x2e c:/program files (x86)/atmel/studio/7.0/toolchain/arm/arm-gnu-toolchain/bin/../lib/gcc/arm-none-eabi/6.3.1/../../../../arm-none-eabi/lib/thumb/v7e-m\libc.a(lib_a-__call_atexit.o)
 .ARM.attributes
                0x0000079c       0x2e c:/program files (x86)/atmel/studio/7.0/toolchain/arm/arm-gnu-toolchain/bin/../lib/gcc/arm-none-eabi/6.3.1/../../../../arm-none-eabi/lib/thumb/v7e-m\libc.a(lib_a-atexit.o)
 .ARM.attributes
                0x000007ca       0x2e c:/program files (x86)/atmel/studio/7.0/toolchain/arm/arm-gnu-toolchain/bin/../lib/gcc/arm-none-eabi/6.3.1/../../../../arm-none-eabi/lib/thumb/v7e-m\libc.a(lib_a-fflush.o)
 .ARM.attributes
                0x000007f8       0x2e c:/program files (x86)/atmel/studio/7.0/toolchain/arm/arm-gnu-toolchain/bin/../lib/gcc/arm-none-eabi/6.3.1/../../../../arm-none-eabi/lib/thumb/v7e-m\libc.a(lib_a-findfp.o)
 .ARM.attributes
                0x00000826       0x2e c:/program files (x86)/atmel/studio/7.0/toolchain/arm/arm-gnu-toolchain/bin/../lib/gcc/arm-none-eabi/6.3.1/../../../../arm-none-eabi/lib/thumb/v7e-m\libc.a(lib_a-fini.o)
 .ARM.attributes
                0x00000854       0x2e c:/program files (x86)/atmel/studio/7.0/toolchain/arm/arm-gnu-toolchain/bin/../lib/gcc/arm-none-eabi/6.3.1/../../../../arm-none-eabi/lib/thumb/v7e-m\libc.a(lib_a-fputwc.o)
 .ARM.attributes
                0x00000882       0x2e c:/program files (x86)/atmel/studio/7.0/toolchain/arm/arm-gnu-toolchain/bin/../lib/gcc/arm-none-eabi/6.3.1/../../../../arm-none-eabi/lib/thumb/v7e-m\libc.a(lib_a-freer.o)
 .ARM.attributes
                0x000008b0       0x2e c:/program files (x86)/atmel/studio/7.0/toolchain/arm/arm-gnu-toolchain/bin/../lib/gcc/arm-none-eabi/6.3.1/../../../../arm-none-eabi/lib/thumb/v7e-m\libc.a(lib_a-fvwrite.o)
 .ARM.attributes
                0x000008de       0x2e c:/program files (x86)/atmel/studio/7.0/toolchain/arm/arm-gnu-toolchain/bin/../lib/gcc/arm-none-eabi/6.3.1/../../../../arm-none-eabi/lib/thumb/v7e-m\libc.a(lib_a-fwalk.o)
 .ARM.attributes
                0x0000090c       0x2e c:/program files (x86)/atmel/studio/7.0/toolchain/arm/arm-gnu-toolchain/bin/../lib/gcc/arm-none-eabi/6.3.1/../../../../arm-none-eabi/lib/thumb/v7e-m\libc.a(lib_a-locale.o)
 .ARM.attributes
                0x0000093a       0x2e c:/program files (x86)/atmel/studio/7.0/toolchain/arm/arm-gnu-toolchain/bin/../lib/gcc/arm-none-eabi/6.3.1/../../../../arm-none-eabi/lib/thumb/v7e-m\libc.a(lib_a-lock.o)
 .ARM.attributes
                0x00000968       0x2e c:/program files (x86)/atmel/studio/7.0/toolchain/arm/arm-gnu-toolchain/bin/../lib/gcc/arm-none-eabi/6.3.1/../../../../arm-none-eabi/lib/thumb/v7e-m\libc.a(lib_a-makebuf.o)
 .ARM.attributes
                0x00000996       0x2e c:/program files (x86)/atmel/studio/7.0/toolchain/arm/arm-gnu-toolchain/bin/../lib/gcc/arm-none-eabi/6.3.1/../../../../arm-none-eabi/lib/thumb/v7e-m\libc.a(lib_a-malloc.o)
 .ARM.attributes
                0x000009c4       0x2e c:/program files (x86)/atmel/studio/7.0/toolchain/arm/arm-gnu-toolchain/bin/../lib/gcc/arm-none-eabi/6.3.1/../../../../arm-none-eabi/lib/thumb/v7e-m\libc.a(lib_a-mallocr.o)
 .ARM.attributes
                0x000009f2       0x2e c:/program files (x86)/atmel/studio/7.0/toolchain/arm/arm-gnu-toolchain/bin/../lib/gcc/arm-none-eabi/6.3.1/../../../../arm-none-eabi/lib/thumb/v7e-m\libc.a(lib_a-mbtowc_r.o)
 .ARM.attributes
                0x00000a20       0x1c c:/program files (x86)/atmel/studio/7.0/toolchain/arm/arm-gnu-toolchain/bin/../lib/gcc/arm-none-eabi/6.3.1/../../../../arm-none-eabi/lib/thumb/v7e-m\libc.a(lib_a-memchr.o)
 .ARM.attributes
                0x00000a3c       0x2e c:/program files (x86)/atmel/studio/7.0/toolchain/arm/arm-gnu-toolchain/bin/../lib/gcc/arm-none-eabi/6.3.1/../../../../arm-none-eabi/lib/thumb/v7e-m\libc.a(lib_a-memmove.o)
 .ARM.attributes
                0x00000a6a       0x2e c:/program files (x86)/atmel/studio/7.0/toolchain/arm/arm-gnu-toolchain/bin/../lib/gcc/arm-none-eabi/6.3.1/../../../../arm-none-eabi/lib/thumb/v7e-m\libc.a(lib_a-mlock.o)
 .ARM.attributes
                0x00000a98       0x2e c:/program files (x86)/atmel/studio/7.0/toolchain/arm/arm-gnu-toolchain/bin/../lib/gcc/arm-none-eabi/6.3.1/../../../../arm-none-eabi/lib/thumb/v7e-m\libc.a(lib_a-reallocr.o)
 .ARM.attributes
                0x00000ac6       0x2e c:/program files (x86)/atmel/studio/7.0/toolchain/arm/arm-gnu-toolchain/bin/../lib/gcc/arm-none-eabi/6.3.1/../../../../arm-none-eabi/lib/thumb/v7e-m\libc.a(lib_a-sbrkr.o)
 .ARM.attributes
                0x00000af4       0x2e c:/program files (x86)/atmel/studio/7.0/toolchain/arm/arm-gnu-toolchain/bin/../lib/gcc/arm-none-eabi/6.3.1/../../../../arm-none-eabi/lib/thumb/v7e-m\libc.a(lib_a-stdio.o)
 .ARM.attributes
                0x00000b22       0x1c c:/program files (x86)/atmel/studio/7.0/toolchain/arm/arm-gnu-toolchain/bin/../lib/gcc/arm-none-eabi/6.3.1/../../../../arm-none-eabi/lib/thumb/v7e-m\libc.a(lib_a-strlen.o)
 .ARM.attributes
                0x00000b3e       0x2e c:/program files (x86)/atmel/studio/7.0/toolchain/arm/arm-gnu-toolchain/bin/../lib/gcc/arm-none-eabi/6.3.1/../../../../arm-none-eabi/lib/thumb/v7e-m\libc.a(lib_a-wbuf.o)
 .ARM.attributes
                0x00000b6c       0x2e c:/program files (x86)/atmel/studio/7.0/toolchain/arm/arm-gnu-toolchain/bin/../lib/gcc/arm-none-eabi/6.3.1/../../../../arm-none-eabi/lib/thumb/v7e-m\libc.a(lib_a-wcrtomb.o)
 .ARM.attributes
                0x00000b9a       0x2e c:/program files (x86)/atmel/studio/7.0/toolchain/arm/arm-gnu-toolchain/bin/../lib/gcc/arm-none-eabi/6.3.1/../../../../arm-none-eabi/lib/thumb/v7e-m\libc.a(lib_a-wctomb_r.o)
 .ARM.attributes
                0x00000bc8       0x2e c:/program files (x86)/atmel/studio/7.0/toolchain/arm/arm-gnu-toolchain/bin/../lib/gcc/arm-none-eabi/6.3.1/../../../../arm-none-eabi/lib/thumb/v7e-m\libc.a(lib_a-writer.o)
 .ARM.attributes
                0x00000bf6       0x2e c:/program files (x86)/atmel/studio/7.0/toolchain/arm/arm-gnu-toolchain/bin/../lib/gcc/arm-none-eabi/6.3.1/../../../../arm-none-eabi/lib/thumb/v7e-m\libc.a(lib_a-__atexit.o)
 .ARM.attributes
                0x00000c24       0x2e c:/program files (x86)/atmel/studio/7.0/toolchain/arm/arm-gnu-toolchain/bin/../lib/gcc/arm-none-eabi/6.3.1/../../../../arm-none-eabi/lib/thumb/v7e-m\libc.a(lib_a-closer.o)
 .ARM.attributes
                0x00000c52       0x2e c:/program files (x86)/atmel/studio/7.0/toolchain/arm/arm-gnu-toolchain/bin/../lib/gcc/arm-none-eabi/6.3.1/../../../../arm-none-eabi/lib/thumb/v7e-m\libc.a(lib_a-ctype_.o)
 .ARM.attributes
                0x00000c80       0x2e c:/program files (x86)/atmel/studio/7.0/toolchain/arm/arm-gnu-toolchain/bin/../lib/gcc/arm-none-eabi/6.3.1/../../../../arm-none-eabi/lib/thumb/v7e-m\libc.a(lib_a-fclose.o)
 .ARM.attributes
                0x00000cae       0x2e c:/program files (x86)/atmel/studio/7.0/toolchain/arm/arm-gnu-toolchain/bin/../lib/gcc/arm-none-eabi/6.3.1/../../../../arm-none-eabi/lib/thumb/v7e-m\libc.a(lib_a-fstatr.o)
 .ARM.attributes
                0x00000cdc       0x2e c:/program files (x86)/atmel/studio/7.0/toolchain/arm/arm-gnu-toolchain/bin/../lib/gcc/arm-none-eabi/6.3.1/../../../../arm-none-eabi/lib/thumb/v7e-m\libc.a(lib_a-isattyr.o)
 .ARM.attributes
                0x00000d0a       0x2e c:/program files (x86)/atmel/studio/7.0/toolchain/arm/arm-gnu-toolchain/bin/../lib/gcc/arm-none-eabi/6.3.1/../../../../arm-none-eabi/lib/thumb/v7e-m\libc.a(lib_a-lseekr.o)
 .ARM.attributes
                0x00000d38       0x2e c:/program files (x86)/atmel/studio/7.0/toolchain/arm/arm-gnu-toolchain/bin/../lib/gcc/arm-none-eabi/6.3.1/../../../../arm-none-eabi/lib/thumb/v7e-m\libc.a(lib_a-readr.o)
 .ARM.attributes
                0x00000d66       0x2e c:/program files (x86)/atmel/studio/7.0/toolchain/arm/arm-gnu-toolchain/bin/../lib/gcc/arm-none-eabi/6.3.1/../../../../arm-none-eabi/lib/thumb/v7e-m\libc.a(lib_a-reent.o)
 .ARM.attributes
                0x00000d94       0x1e c:/program files (x86)/atmel/studio/7.0/toolchain/arm/arm-gnu-toolchain/bin/../lib/gcc/arm-none-eabi/6.3.1/thumb/v7e-m\libgcc.a(_aeabi_uldivmod.o)
 .ARM.attributes
                0x00000db2       0x2e c:/program files (x86)/atmel/studio/7.0/toolchain/arm/arm-gnu-toolchain/bin/../lib/gcc/arm-none-eabi/6.3.1/thumb/v7e-m\libgcc.a(_udivmoddi4.o)
 .ARM.attributes
                0x00000de0       0x1e c:/program files (x86)/atmel/studio/7.0/toolchain/arm/arm-gnu-toolchain/bin/../lib/gcc/arm-none-eabi/6.3.1/thumb/v7e-m\libgcc.a(_dvmd_tls.o)
 .ARM.attributes
                0x00000dfe       0x1e c:/program files (x86)/atmel/studio/7.0/toolchain/arm/arm-gnu-toolchain/bin/../lib/gcc/arm-none-eabi/6.3.1/thumb/v7e-m/crtn.o

.comment        0x00000000       0x59
 .comment       0x00000000       0x59 src/adc.o
                                 0x5a (size before relaxing)
 .comment       0x00000059       0x5a src/ASF/common/services/serial/usart_serial.o
 .comment       0x00000059       0x5a src/ASF/common/services/sleepmgr/sam/sleepmgr.o
 .comment       0x00000059       0x5a src/ASF/common/services/usb/class/cdc/device/udi_cdc.o
 .comment       0x00000059       0x5a src/ASF/common/services/usb/class/cdc/device/udi_cdc_desc.o
 .comment       0x00000059       0x5a src/ASF/common/services/usb/udc/udc.o
 .comment       0x00000059       0x5a src/ASF/common/utils/stdio/read.o
 .comment       0x00000059       0x5a src/ASF/common/utils/stdio/write.o
 .comment       0x00000059       0x5a src/ASF/sam/drivers/afec/afec.o
 .comment       0x00000059       0x5a src/ASF/sam/drivers/pio/pio.o
 .comment       0x00000059       0x5a src/ASF/sam/drivers/pio/pio_handler.o
 .comment       0x00000059       0x5a src/ASF/sam/drivers/uart/uart.o
 .comment       0x00000059       0x5a src/ASF/sam/drivers/udp/udp_device.o
 .comment       0x00000059       0x5a src/ASF/sam/drivers/usart/usart.o
 .comment       0x00000059       0x5a src/ASF/thirdparty/wireless/addons/sio2host/uart/sio2host.o
 .comment       0x00000059       0x5a src/led.o
 .comment       0x00000059       0x5a src/ASF/common/services/clock/sam4e/sysclk.o
 .comment       0x00000059       0x5a src/ASF/common/utils/interrupt/interrupt_sam_nvic.o
 .comment       0x00000059       0x5a src/ASF/sam/boards/sam4e_ek/init.o
 .comment       0x00000059       0x5a src/ASF/sam/drivers/pmc/pmc.o
 .comment       0x00000059       0x5a src/ASF/sam/drivers/pmc/sleep.o
 .comment       0x00000059       0x5a src/ASF/sam/utils/cmsis/sam4e/source/templates/exceptions.o
 .comment       0x00000059       0x5a src/ASF/sam/utils/cmsis/sam4e/source/templates/gcc/startup_sam4e.o
 .comment       0x00000059       0x5a src/ASF/sam/utils/cmsis/sam4e/source/templates/system_sam4e.o
 .comment       0x00000059       0x5a src/ASF/sam/utils/syscalls/gcc/syscalls.o
 .comment       0x00000059       0x5a src/main.o

.debug_info     0x00000000    0x21386
 .debug_info    0x00000000     0x158c src/adc.o
 .debug_info    0x0000158c     0x1056 src/ASF/common/services/serial/usart_serial.o
 .debug_info    0x000025e2      0xa8e src/ASF/common/services/sleepmgr/sam/sleepmgr.o
 .debug_info    0x00003070     0x215b src/ASF/common/services/usb/class/cdc/device/udi_cdc.o
 .debug_info    0x000051cb     0x124c src/ASF/common/services/usb/class/cdc/device/udi_cdc_desc.o
 .debug_info    0x00006417     0x18e0 src/ASF/common/services/usb/udc/udc.o
 .debug_info    0x00007cf7      0xab9 src/ASF/common/utils/stdio/read.o
 .debug_info    0x000087b0      0xac2 src/ASF/common/utils/stdio/write.o
 .debug_info    0x00009272     0x2078 src/ASF/sam/drivers/afec/afec.o
 .debug_info    0x0000b2ea     0x1dc5 src/ASF/sam/drivers/pio/pio.o
 .debug_info    0x0000d0af     0x18a3 src/ASF/sam/drivers/pio/pio_handler.o
 .debug_info    0x0000e952     0x11cd src/ASF/sam/drivers/uart/uart.o
 .debug_info    0x0000fb1f     0x29f0 src/ASF/sam/drivers/udp/udp_device.o
 .debug_info    0x0001250f     0x1e6c src/ASF/sam/drivers/usart/usart.o
 .debug_info    0x0001437b     0x1cba src/ASF/thirdparty/wireless/addons/sio2host/uart/sio2host.o
 .debug_info    0x00016035      0xf7b src/led.o
 .debug_info    0x00016fb0     0x1254 src/ASF/common/services/clock/sam4e/sysclk.o
 .debug_info    0x00018204      0xb06 src/ASF/common/utils/interrupt/interrupt_sam_nvic.o
 .debug_info    0x00018d0a     0x184d src/ASF/sam/boards/sam4e_ek/init.o
 .debug_info    0x0001a557     0x1914 src/ASF/sam/drivers/pmc/pmc.o
 .debug_info    0x0001be6b     0x1385 src/ASF/sam/drivers/pmc/sleep.o
 .debug_info    0x0001d1f0       0xdd src/ASF/sam/utils/cmsis/sam4e/source/templates/exceptions.o
 .debug_info    0x0001d2cd     0x1253 src/ASF/sam/utils/cmsis/sam4e/source/templates/gcc/startup_sam4e.o
 .debug_info    0x0001e520      0x499 src/ASF/sam/utils/cmsis/sam4e/source/templates/system_sam4e.o
 .debug_info    0x0001e9b9      0xdbc src/ASF/sam/utils/syscalls/gcc/syscalls.o
 .debug_info    0x0001f775     0x1c11 src/main.o

.debug_abbrev   0x00000000     0x4172
 .debug_abbrev  0x00000000      0x264 src/adc.o
 .debug_abbrev  0x00000264      0x284 src/ASF/common/services/serial/usart_serial.o
 .debug_abbrev  0x000004e8      0x1b2 src/ASF/common/services/sleepmgr/sam/sleepmgr.o
 .debug_abbrev  0x0000069a      0x399 src/ASF/common/services/usb/class/cdc/device/udi_cdc.o
 .debug_abbrev  0x00000a33      0x1d8 src/ASF/common/services/usb/class/cdc/device/udi_cdc_desc.o
 .debug_abbrev  0x00000c0b      0x346 src/ASF/common/services/usb/udc/udc.o
 .debug_abbrev  0x00000f51      0x1da src/ASF/common/utils/stdio/read.o
 .debug_abbrev  0x0000112b      0x1da src/ASF/common/utils/stdio/write.o
 .debug_abbrev  0x00001305      0x3cd src/ASF/sam/drivers/afec/afec.o
 .debug_abbrev  0x000016d2      0x296 src/ASF/sam/drivers/pio/pio.o
 .debug_abbrev  0x00001968      0x2c9 src/ASF/sam/drivers/pio/pio_handler.o
 .debug_abbrev  0x00001c31      0x24e src/ASF/sam/drivers/uart/uart.o
 .debug_abbrev  0x00001e7f      0x45d src/ASF/sam/drivers/udp/udp_device.o
 .debug_abbrev  0x000022dc      0x2c1 src/ASF/sam/drivers/usart/usart.o
 .debug_abbrev  0x0000259d      0x344 src/ASF/thirdparty/wireless/addons/sio2host/uart/sio2host.o
 .debug_abbrev  0x000028e1      0x1c8 src/led.o
 .debug_abbrev  0x00002aa9      0x296 src/ASF/common/services/clock/sam4e/sysclk.o
 .debug_abbrev  0x00002d3f      0x214 src/ASF/common/utils/interrupt/interrupt_sam_nvic.o
 .debug_abbrev  0x00002f53      0x375 src/ASF/sam/boards/sam4e_ek/init.o
 .debug_abbrev  0x000032c8      0x2b8 src/ASF/sam/drivers/pmc/pmc.o
 .debug_abbrev  0x00003580      0x2d2 src/ASF/sam/drivers/pmc/sleep.o
 .debug_abbrev  0x00003852       0x7d src/ASF/sam/utils/cmsis/sam4e/source/templates/exceptions.o
 .debug_abbrev  0x000038cf      0x2a3 src/ASF/sam/utils/cmsis/sam4e/source/templates/gcc/startup_sam4e.o
 .debug_abbrev  0x00003b72      0x102 src/ASF/sam/utils/cmsis/sam4e/source/templates/system_sam4e.o
 .debug_abbrev  0x00003c74      0x22a src/ASF/sam/utils/syscalls/gcc/syscalls.o
 .debug_abbrev  0x00003e9e      0x2d4 src/main.o

.debug_loc      0x00000000     0x9368
 .debug_loc     0x00000000      0x158 src/adc.o
 .debug_loc     0x00000158      0x140 src/ASF/common/services/serial/usart_serial.o
 .debug_loc     0x00000298      0xdd4 src/ASF/common/services/usb/class/cdc/device/udi_cdc.o
 .debug_loc     0x0000106c      0x71c src/ASF/common/services/usb/udc/udc.o
 .debug_loc     0x00001788       0x50 src/ASF/common/utils/stdio/read.o
 .debug_loc     0x000017d8       0x50 src/ASF/common/utils/stdio/write.o
 .debug_loc     0x00001828      0xb44 src/ASF/sam/drivers/afec/afec.o
 .debug_loc     0x0000236c     0x1174 src/ASF/sam/drivers/pio/pio.o
 .debug_loc     0x000034e0      0x3e8 src/ASF/sam/drivers/pio/pio_handler.o
 .debug_loc     0x000038c8      0x958 src/ASF/sam/drivers/uart/uart.o
 .debug_loc     0x00004220      0xeba src/ASF/sam/drivers/udp/udp_device.o
 .debug_loc     0x000050da     0x17d4 src/ASF/sam/drivers/usart/usart.o
 .debug_loc     0x000068ae      0x4b8 src/ASF/thirdparty/wireless/addons/sio2host/uart/sio2host.o
 .debug_loc     0x00006d66      0x110 src/led.o
 .debug_loc     0x00006e76      0x4a0 src/ASF/common/services/clock/sam4e/sysclk.o
 .debug_loc     0x00007316       0xa0 src/ASF/common/utils/interrupt/interrupt_sam_nvic.o
 .debug_loc     0x000073b6      0x2d0 src/ASF/sam/boards/sam4e_ek/init.o
 .debug_loc     0x00007686     0x127c src/ASF/sam/drivers/pmc/pmc.o
 .debug_loc     0x00008902       0xe6 src/ASF/sam/drivers/pmc/sleep.o
 .debug_loc     0x000089e8       0x2c src/ASF/sam/utils/cmsis/sam4e/source/templates/exceptions.o
 .debug_loc     0x00008a14      0x140 src/ASF/sam/utils/cmsis/sam4e/source/templates/gcc/startup_sam4e.o
 .debug_loc     0x00008b54       0xe4 src/ASF/sam/utils/cmsis/sam4e/source/templates/system_sam4e.o
 .debug_loc     0x00008c38      0x300 src/ASF/sam/utils/syscalls/gcc/syscalls.o
 .debug_loc     0x00008f38      0x430 src/main.o

.debug_aranges  0x00000000     0x10f0
 .debug_aranges
                0x00000000       0x38 src/adc.o
 .debug_aranges
                0x00000038       0x38 src/ASF/common/services/serial/usart_serial.o
 .debug_aranges
                0x00000070       0x18 src/ASF/common/services/sleepmgr/sam/sleepmgr.o
 .debug_aranges
                0x00000088      0x198 src/ASF/common/services/usb/class/cdc/device/udi_cdc.o
 .debug_aranges
                0x00000220       0x18 src/ASF/common/services/usb/class/cdc/device/udi_cdc_desc.o
 .debug_aranges
                0x00000238       0xf8 src/ASF/common/services/usb/udc/udc.o
 .debug_aranges
                0x00000330       0x20 src/ASF/common/utils/stdio/read.o
 .debug_aranges
                0x00000350       0x20 src/ASF/common/utils/stdio/write.o
 .debug_aranges
                0x00000370      0x130 src/ASF/sam/drivers/afec/afec.o
 .debug_aranges
                0x000004a0      0x1a8 src/ASF/sam/drivers/pio/pio.o
 .debug_aranges
                0x00000648       0x88 src/ASF/sam/drivers/pio/pio_handler.o
 .debug_aranges
                0x000006d0       0xe8 src/ASF/sam/drivers/uart/uart.o
 .debug_aranges
                0x000007b8      0x198 src/ASF/sam/drivers/udp/udp_device.o
 .debug_aranges
                0x00000950      0x238 src/ASF/sam/drivers/usart/usart.o
 .debug_aranges
                0x00000b88       0x98 src/ASF/thirdparty/wireless/addons/sio2host/uart/sio2host.o
 .debug_aranges
                0x00000c20       0x38 src/led.o
 .debug_aranges
                0x00000c58       0x98 src/ASF/common/services/clock/sam4e/sysclk.o
 .debug_aranges
                0x00000cf0       0x28 src/ASF/common/utils/interrupt/interrupt_sam_nvic.o
 .debug_aranges
                0x00000d18       0x60 src/ASF/sam/boards/sam4e_ek/init.o
 .debug_aranges
                0x00000d78      0x1d8 src/ASF/sam/drivers/pmc/pmc.o
 .debug_aranges
                0x00000f50       0x30 src/ASF/sam/drivers/pmc/sleep.o
 .debug_aranges
                0x00000f80       0x20 src/ASF/sam/utils/cmsis/sam4e/source/templates/exceptions.o
 .debug_aranges
                0x00000fa0       0x38 src/ASF/sam/utils/cmsis/sam4e/source/templates/gcc/startup_sam4e.o
 .debug_aranges
                0x00000fd8       0x30 src/ASF/sam/utils/cmsis/sam4e/source/templates/system_sam4e.o
 .debug_aranges
                0x00001008       0x60 src/ASF/sam/utils/syscalls/gcc/syscalls.o
 .debug_aranges
                0x00001068       0x88 src/main.o

.debug_ranges   0x00000000      0xfd0
 .debug_ranges  0x00000000       0x28 src/adc.o
 .debug_ranges  0x00000028       0x28 src/ASF/common/services/serial/usart_serial.o
 .debug_ranges  0x00000050      0x188 src/ASF/common/services/usb/class/cdc/device/udi_cdc.o
 .debug_ranges  0x000001d8       0xe8 src/ASF/common/services/usb/udc/udc.o
 .debug_ranges  0x000002c0       0x10 src/ASF/common/utils/stdio/read.o
 .debug_ranges  0x000002d0       0x10 src/ASF/common/utils/stdio/write.o
 .debug_ranges  0x000002e0      0x120 src/ASF/sam/drivers/afec/afec.o
 .debug_ranges  0x00000400      0x198 src/ASF/sam/drivers/pio/pio.o
 .debug_ranges  0x00000598       0x78 src/ASF/sam/drivers/pio/pio_handler.o
 .debug_ranges  0x00000610       0xd8 src/ASF/sam/drivers/uart/uart.o
 .debug_ranges  0x000006e8      0x188 src/ASF/sam/drivers/udp/udp_device.o
 .debug_ranges  0x00000870      0x228 src/ASF/sam/drivers/usart/usart.o
 .debug_ranges  0x00000a98       0x88 src/ASF/thirdparty/wireless/addons/sio2host/uart/sio2host.o
 .debug_ranges  0x00000b20       0x28 src/led.o
 .debug_ranges  0x00000b48       0x88 src/ASF/common/services/clock/sam4e/sysclk.o
 .debug_ranges  0x00000bd0       0x18 src/ASF/common/utils/interrupt/interrupt_sam_nvic.o
 .debug_ranges  0x00000be8       0xe0 src/ASF/sam/boards/sam4e_ek/init.o
 .debug_ranges  0x00000cc8      0x1c8 src/ASF/sam/drivers/pmc/pmc.o
 .debug_ranges  0x00000e90       0x20 src/ASF/sam/drivers/pmc/sleep.o
 .debug_ranges  0x00000eb0       0x10 src/ASF/sam/utils/cmsis/sam4e/source/templates/exceptions.o
 .debug_ranges  0x00000ec0       0x28 src/ASF/sam/utils/cmsis/sam4e/source/templates/gcc/startup_sam4e.o
 .debug_ranges  0x00000ee8       0x20 src/ASF/sam/utils/cmsis/sam4e/source/templates/system_sam4e.o
 .debug_ranges  0x00000f08       0x50 src/ASF/sam/utils/syscalls/gcc/syscalls.o
 .debug_ranges  0x00000f58       0x78 src/main.o

.debug_macro    0x00000000    0x1d231
 .debug_macro   0x00000000      0x7b8 src/adc.o
 .debug_macro   0x000007b8      0x8d4 src/adc.o
 .debug_macro   0x0000108c      0x16d src/adc.o
 .debug_macro   0x000011f9      0x64b src/adc.o
 .debug_macro   0x00001844       0x76 src/adc.o
 .debug_macro   0x000018ba       0x16 src/adc.o
 .debug_macro   0x000018d0      0x6e4 src/adc.o
 .debug_macro   0x00001fb4       0x22 src/adc.o
 .debug_macro   0x00001fd6       0x87 src/adc.o
 .debug_macro   0x0000205d       0x51 src/adc.o
 .debug_macro   0x000020ae       0xef src/adc.o
 .debug_macro   0x0000219d       0x6a src/adc.o
 .debug_macro   0x00002207      0x1df src/adc.o
 .debug_macro   0x000023e6       0x27 src/adc.o
 .debug_macro   0x0000240d       0x3b src/adc.o
 .debug_macro   0x00002448       0x2d src/adc.o
 .debug_macro   0x00002475       0x26 src/adc.o
 .debug_macro   0x0000249b      0xd39 src/adc.o
 .debug_macro   0x000031d4      0x159 src/adc.o
 .debug_macro   0x0000332d      0x196 src/adc.o
 .debug_macro   0x000034c3      0xbf6 src/adc.o
 .debug_macro   0x000040b9      0x53f src/adc.o
 .debug_macro   0x000045f8      0x197 src/adc.o
 .debug_macro   0x0000478f      0x11e src/adc.o