Archive member included to satisfy reference by file (symbol)

c:/program files (x86)/atmel/studio/7.0/toolchain/arm/arm-gnu-toolchain/bin/../lib/gcc/arm-none-eabi/6.3.1/thumb/v7-m\libgcc.a(_arm_addsubdf3.o)
                              src/pulse.o (__aeabi_dsub)
c:/program files (x86)/atmel/studio/7.0/toolchain/arm/arm-gnu-toolchain/bin/../lib/gcc/arm-none-eabi/6.3.1/thumb/v7-m\libgcc.a(_arm_muldivdf3.o)
                              src/pulse.o (__aeabi_dmul)
c:/program files (x86)/atmel/studio/7.0/toolchain/arm/arm-gnu-toolchain/bin/../lib/gcc/arm-none-eabi/6.3.1/thumb/v7-m\libgcc.a(_arm_fixunsdfsi.o)
                              src/pulse.o (__aeabi_d2uiz)
c:/program files (x86)/atmel/studio/7.0/toolchain/arm/arm-gnu-toolchain/bin/../lib/gcc/arm-none-eabi/6.3.1/../../../../arm-none-eabi/lib/thumb/v7-m\libc.a(lib_a-exit.o)
                              c:/program files (x86)/atmel/studio/7.0/toolchain/arm/arm-gnu-toolchain/bin/../lib/gcc/arm-none-eabi/6.3.1/../../../../arm-none-eabi/lib/thumb/v7-m/crt0.o (exit)
c:/program files (x86)/atmel/studio/7.0/toolchain/arm/arm-gnu-toolchain/bin/../lib/gcc/arm-none-eabi/6.3.1/../../../../arm-none-eabi/lib/thumb/v7-m\libc.a(lib_a-impure.o)
                              c:/program files (x86)/atmel/studio/7.0/toolchain/arm/arm-gnu-toolchain/bin/../lib/gcc/arm-none-eabi/6.3.1/../../../../arm-none-eabi/lib/thumb/v7-m\libc.a(lib_a-exit.o) (_global_impure_ptr)
c:/program files (x86)/atmel/studio/7.0/toolchain/arm/arm-gnu-toolchain/bin/../lib/gcc/arm-none-eabi/6.3.1/../../../../arm-none-eabi/lib/thumb/v7-m\libc.a(lib_a-init.o)
                              c:/program files (x86)/atmel/studio/7.0/toolchain/arm/arm-gnu-toolchain/bin/../lib/gcc/arm-none-eabi/6.3.1/../../../../arm-none-eabi/lib/thumb/v7-m/crt0.o (__libc_init_array)
c:/program files (x86)/atmel/studio/7.0/toolchain/arm/arm-gnu-toolchain/bin/../lib/gcc/arm-none-eabi/6.3.1/../../../../arm-none-eabi/lib/thumb/v7-m\libc.a(lib_a-iprintf.o)
                              src/main.o (iprintf)
c:/program files (x86)/atmel/studio/7.0/toolchain/arm/arm-gnu-toolchain/bin/../lib/gcc/arm-none-eabi/6.3.1/../../../../arm-none-eabi/lib/thumb/v7-m\libc.a(lib_a-memset.o)
                              c:/program files (x86)/atmel/studio/7.0/toolchain/arm/arm-gnu-toolchain/bin/../lib/gcc/arm-none-eabi/6.3.1/../../../../arm-none-eabi/lib/thumb/v7-m/crt0.o (memset)
c:/program files (x86)/atmel/studio/7.0/toolchain/arm/arm-gnu-toolchain/bin/../lib/gcc/arm-none-eabi/6.3.1/../../../../arm-none-eabi/lib/thumb/v7-m\libc.a(lib_a-setbuf.o)
                              src/ASF/thirdparty/wireless/addons/sio2host/uart/sio2host.o (setbuf)
c:/program files (x86)/atmel/studio/7.0/toolchain/arm/arm-gnu-toolchain/bin/../lib/gcc/arm-none-eabi/6.3.1/../../../../arm-none-eabi/lib/thumb/v7-m\libc.a(lib_a-setvbuf.o)
                              c:/program files (x86)/atmel/studio/7.0/toolchain/arm/arm-gnu-toolchain/bin/../lib/gcc/arm-none-eabi/6.3.1/../../../../arm-none-eabi/lib/thumb/v7-m\libc.a(lib_a-setbuf.o) (setvbuf)
c:/program files (x86)/atmel/studio/7.0/toolchain/arm/arm-gnu-toolchain/bin/../lib/gcc/arm-none-eabi/6.3.1/../../../../arm-none-eabi/lib/thumb/v7-m\libc.a(lib_a-vfiprintf.o)
                              c:/program files (x86)/atmel/studio/7.0/toolchain/arm/arm-gnu-toolchain/bin/../lib/gcc/arm-none-eabi/6.3.1/../../../../arm-none-eabi/lib/thumb/v7-m\libc.a(lib_a-iprintf.o) (_vfiprintf_r)
c:/program files (x86)/atmel/studio/7.0/toolchain/arm/arm-gnu-toolchain/bin/../lib/gcc/arm-none-eabi/6.3.1/../../../../arm-none-eabi/lib/thumb/v7-m\libc.a(lib_a-wsetup.o)
                              c:/program files (x86)/atmel/studio/7.0/toolchain/arm/arm-gnu-toolchain/bin/../lib/gcc/arm-none-eabi/6.3.1/../../../../arm-none-eabi/lib/thumb/v7-m\libc.a(lib_a-vfiprintf.o) (__swsetup_r)
c:/program files (x86)/atmel/studio/7.0/toolchain/arm/arm-gnu-toolchain/bin/../lib/gcc/arm-none-eabi/6.3.1/../../../../arm-none-eabi/lib/thumb/v7-m\libc.a(lib_a-__call_atexit.o)
                              c:/program files (x86)/atmel/studio/7.0/toolchain/arm/arm-gnu-toolchain/bin/../lib/gcc/arm-none-eabi/6.3.1/../../../../arm-none-eabi/lib/thumb/v7-m\libc.a(lib_a-exit.o) (__call_exitprocs)
c:/program files (x86)/atmel/studio/7.0/toolchain/arm/arm-gnu-toolchain/bin/../lib/gcc/arm-none-eabi/6.3.1/../../../../arm-none-eabi/lib/thumb/v7-m\libc.a(lib_a-atexit.o)
                              c:/program files (x86)/atmel/studio/7.0/toolchain/arm/arm-gnu-toolchain/bin/../lib/gcc/arm-none-eabi/6.3.1/../../../../arm-none-eabi/lib/thumb/v7-m\libc.a(lib_a-__call_atexit.o) (atexit)
c:/program files (x86)/atmel/studio/7.0/toolchain/arm/arm-gnu-toolchain/bin/../lib/gcc/arm-none-eabi/6.3.1/../../../../arm-none-eabi/lib/thumb/v7-m\libc.a(lib_a-fflush.o)
                              c:/program files (x86)/atmel/studio/7.0/toolchain/arm/arm-gnu-toolchain/bin/../lib/gcc/arm-none-eabi/6.3.1/../../../../arm-none-eabi/lib/thumb/v7-m\libc.a(lib_a-setvbuf.o) (_fflush_r)
[...]
Memory Configuration

Name             Origin             Length             Attributes
rom              0x00080000         0x00080000         xr
sram0            0x20000000         0x00010000         xrw
sram1            0x20080000         0x00008000         xrw
ram              0x20070000         0x00018000         xrw
*default*        0x00000000         0xffffffff

Linker script and memory map

LOAD c:/program files (x86)/atmel/studio/7.0/toolchain/arm/arm-gnu-toolchain/bin/../lib/gcc/arm-none-eabi/6.3.1/thumb/v7-m/crti.o
LOAD c:/program files (x86)/atmel/studio/7.0/toolchain/arm/arm-gnu-toolchain/bin/../lib/gcc/arm-none-eabi/6.3.1/thumb/v7-m/crtbegin.o
LOAD c:/program files (x86)/atmel/studio/7.0/toolchain/arm/arm-gnu-toolchain/bin/../lib/gcc/arm-none-eabi/6.3.1/../../../../arm-none-eabi/lib/thumb/v7-m/crt0.o
LOAD src/driving.o
LOAD src/pulse.o
LOAD src/test_cases.o
LOAD src/ASF/common/services/delay/sam/cycle_counter.o
LOAD src/ASF/common/utils/stdio/read.o
LOAD src/ASF/sam/drivers/usart/usart.o
LOAD src/ASF/thirdparty/wireless/addons/sio2host/uart/sio2host.o
LOAD src/ASF/common/utils/stdio/write.o
LOAD src/ASF/common/services/serial/usart_serial.o
LOAD src/ASF/sam/drivers/tc/tc.o
LOAD src/ASF/sam/drivers/uart/uart.o
LOAD src/ASF/common/services/clock/sam3x/sysclk.o
LOAD src/ASF/common/utils/interrupt/interrupt_sam_nvic.o
LOAD src/ASF/sam/boards/arduino_due_x/init.o
LOAD src/ASF/sam/drivers/pio/pio.o
LOAD src/ASF/sam/drivers/pio/pio_handler.o
LOAD src/ASF/sam/drivers/pmc/pmc.o
LOAD src/ASF/sam/drivers/pmc/sleep.o
LOAD src/ASF/sam/utils/cmsis/sam3x/source/templates/exceptions.o
LOAD src/ASF/sam/utils/cmsis/sam3x/source/templates/gcc/startup_sam3x.o
LOAD src/ASF/sam/utils/cmsis/sam3x/source/templates/system_sam3x.o
LOAD src/ASF/sam/utils/syscalls/gcc/syscalls.o
LOAD src/main.o
START GROUP
LOAD ../src/ASF/thirdparty/CMSIS/Lib/GCC\libarm_cortexM3l_math.a
LOAD c:/program files (x86)/atmel/studio/7.0/toolchain/arm/arm-gnu-toolchain/bin/../lib/gcc/arm-none-eabi/6.3.1/../../../../arm-none-eabi/lib/thumb/v7-m\libm.a
END GROUP
START GROUP
LOAD c:/program files (x86)/atmel/studio/7.0/toolchain/arm/arm-gnu-toolchain/bin/../lib/gcc/arm-none-eabi/6.3.1/thumb/v7-m\libgcc.a
LOAD c:/program files (x86)/atmel/studio/7.0/toolchain/arm/arm-gnu-toolchain/bin/../lib/gcc/arm-none-eabi/6.3.1/../../../../arm-none-eabi/lib/thumb/v7-m\libc.a
END GROUP
LOAD c:/program files (x86)/atmel/studio/7.0/toolchain/arm/arm-gnu-toolchain/bin/../lib/gcc/arm-none-eabi/6.3.1/thumb/v7-m/crtend.o
LOAD c:/program files (x86)/atmel/studio/7.0/toolchain/arm/arm-gnu-toolchain/bin/../lib/gcc/arm-none-eabi/6.3.1/thumb/v7-m/crtn.o
                0x00002000                __stack_size__ = DEFINED (__stack_size__)?__stack_size__:0x2000
                0x20087ffc                __ram_end__ = ((ORIGIN (ram) + LENGTH (ram)) - 0x4)

.text           0x00080000     0x46cc
                0x00080000                . = ALIGN (0x4)
                0x00080000                _sfixed = .
 *(.vectors .vectors.*)
 .vectors       0x00080000       0xf4 src/ASF/sam/utils/cmsis/sam3x/source/templates/gcc/startup_sam3x.o
                0x00080000                exception_table
 *(.text .text.* .gnu.linkonce.t.*)
 .text          0x000800f4       0x6c c:/program files (x86)/atmel/studio/7.0/toolchain/arm/arm-gnu-toolchain/bin/../lib/gcc/arm-none-eabi/6.3.1/thumb/v7-m/crtbegin.o
 .text.init_motors
                0x00080160       0x48 src/driving.o
                0x00080160                init_motors
 .text.drive_forward
                0x000801a8       0x14 src/driving.o
                0x000801a8                drive_forward
 .text.set_direction
                0x000801bc       0x2c src/driving.o
                0x000801bc                set_direction
 .text.accelerate
                0x000801e8       0x38 src/driving.o
                0x000801e8                accelerate
 .text.pulse_init
                0x00080220       0x84 src/pulse.o
                0x00080220                pulse_init
 .text.pulse_set_duty_cycle
                0x000802a4       0x78 src/pulse.o
                0x000802a4                pulse_set_duty_cycle
 .text.pulse_start
                0x0008031c       0x34 src/pulse.o
                0x0008031c                pulse_start
 .text.test_case_1
                0x00080350       0x24 src/test_cases.o
                0x00080350                test_case_1
 .text._read    0x00080374       0x3c src/ASF/common/utils/stdio/read.o
                0x00080374                _read
 .text.usart_write
                0x000803b0       0x14 src/ASF/sam/drivers/usart/usart.o
                0x000803b0                usart_write
 .text.usart_read
                0x000803c4       0x18 src/ASF/sam/drivers/usart/usart.o
                0x000803c4                usart_read
 .text.USART0_Handler
                0x000803dc       0x60 src/ASF/thirdparty/wireless/addons/sio2host/uart/sio2host.o
                0x000803dc                USART0_Handler
 .text._write   0x0008043c       0x50 src/ASF/common/utils/stdio/write.o
                0x0008043c                _write
 .text.usart_serial_read_packet
                0x0008048c       0xc8 src/ASF/common/services/serial/usart_serial.o
                0x0008048c                usart_serial_read_packet
 .text.tc_init  0x00080554       0x18 src/ASF/sam/drivers/tc/tc.o
                0x00080554                tc_init
 .text.tc_start
                0x0008056c        0x8 src/ASF/sam/drivers/tc/tc.o
                0x0008056c                tc_start
 .text.tc_write_ra
                0x00080574        0x8 src/ASF/sam/drivers/tc/tc.o
                0x00080574                tc_write_ra
 .text.tc_write_rc
                0x0008057c        0x8 src/ASF/sam/drivers/tc/tc.o
                0x0008057c                tc_write_rc
 .text.uart_init
                0x00080584       0x36 src/ASF/sam/drivers/uart/uart.o
                0x00080584                uart_init
 .text.uart_write
                0x000805ba       0x10 src/ASF/sam/drivers/uart/uart.o
                0x000805ba                uart_write
 .text.uart_read
                0x000805ca       0x12 src/ASF/sam/drivers/uart/uart.o
                0x000805ca                uart_read
 .text.sysclk_init
                0x000805dc       0x64 src/ASF/common/services/clock/sam3x/sysclk.o
                0x000805dc                sysclk_init
 .text.board_init
                0x00080640       0x80 src/ASF/sam/boards/arduino_due_x/init.o
                0x00080640                board_init
 .text.pio_set_peripheral
                0x000806c0       0x3e src/ASF/sam/drivers/pio/pio.o
                0x000806c0                pio_set_peripheral
 .text.pio_set_input
                0x000806fe       0x32 src/ASF/sam/drivers/pio/pio.o
                0x000806fe                pio_set_input
 .text.pio_set_output
                0x00080730       0x26 src/ASF/sam/drivers/pio/pio.o
                0x00080730                pio_set_output
 .text.pio_get_interrupt_status
                0x00080756        0x4 src/ASF/sam/drivers/pio/pio.o
                0x00080756                pio_get_interrupt_status
 .text.pio_get_interrupt_mask
                0x0008075a        0x4 src/ASF/sam/drivers/pio/pio.o
                0x0008075a                pio_get_interrupt_mask
 *fill*         0x0008075e        0x2 
 .text.pio_configure_pin
                0x00080760       0xd0 src/ASF/sam/drivers/pio/pio.o
                0x00080760                pio_configure_pin
 .text.pio_configure_pin_group
                0x00080830       0x9c src/ASF/sam/drivers/pio/pio.o
                0x00080830                pio_configure_pin_group
 .text.pio_handler_process
                0x000808cc       0x50 src/ASF/sam/drivers/pio/pio_handler.o
                0x000808cc                pio_handler_process
 .text.PIOA_Handler
                0x0008091c       0x14 src/ASF/sam/drivers/pio/pio_handler.o
                0x0008091c                PIOA_Handler
 .text.PIOB_Handler
                0x00080930       0x14 src/ASF/sam/drivers/pio/pio_handler.o
                0x00080930                PIOB_Handler
 .text.PIOC_Handler
                0x00080944       0x14 src/ASF/sam/drivers/pio/pio_handler.o
                0x00080944                PIOC_Handler
 .text.PIOD_Handler
                0x00080958       0x14 src/ASF/sam/drivers/pio/pio_handler.o
                0x00080958                PIOD_Handler
 .text.pmc_switch_mck_to_pllack
                0x0008096c       0x64 src/ASF/sam/drivers/pmc/pmc.o
                0x0008096c                pmc_switch_mck_to_pllack
 .text.pmc_switch_mainck_to_xtal
                0x000809d0       0x54 src/ASF/sam/drivers/pmc/pmc.o
                0x000809d0                pmc_switch_mainck_to_xtal
 .text.pmc_osc_is_ready_mainck
                0x00080a24       0x10 src/ASF/sam/drivers/pmc/pmc.o
                0x00080a24                pmc_osc_is_ready_mainck
 .text.pmc_disable_pllack
                0x00080a34       0x10 src/ASF/sam/drivers/pmc/pmc.o
                0x00080a34                pmc_disable_pllack
 .text.pmc_is_locked_pllack
                0x00080a44       0x10 src/ASF/sam/drivers/pmc/pmc.o
                0x00080a44                pmc_is_locked_pllack
 .text.pmc_enable_periph_clk
                0x00080a54       0x54 src/ASF/sam/drivers/pmc/pmc.o
                0x00080a54                pmc_enable_periph_clk
 .text.pmc_set_writeprotect
                0x00080aa8       0x24 src/ASF/sam/drivers/pmc/pmc.o
                0x00080aa8                pmc_set_writeprotect
 .text.Dummy_Handler
                0x00080acc        0x2 src/ASF/sam/utils/cmsis/sam3x/source/templates/exceptions.o
                0x00080acc                DACC_Handler
                0x00080acc                DebugMon_Handler
                0x00080acc                DMAC_Handler
                0x00080acc                TRNG_Handler
                0x00080acc                HardFault_Handler
                0x00080acc                TC2_Handler
                0x00080acc                SysTick_Handler
                0x00080acc                USART3_Handler
                0x00080acc                TWI1_Handler
                0x00080acc                PendSV_Handler
                0x00080acc                NMI_Handler
                0x00080acc                TC7_Handler
                0x00080acc                ADC_Handler
                0x00080acc                SMC_Handler
                0x00080acc                RTT_Handler
                0x00080acc                EFC1_Handler
                0x00080acc                RTC_Handler
                0x00080acc                UsageFault_Handler
                0x00080acc                TC6_Handler
                0x00080acc                WDT_Handler
                0x00080acc                CAN0_Handler
                0x00080acc                TC4_Handler
                0x00080acc                TC1_Handler
                0x00080acc                HSMCI_Handler
                0x00080acc                TC3_Handler
                0x00080acc                Dummy_Handler
                0x00080acc                TWI0_Handler
                0x00080acc                USART1_Handler
                0x00080acc                SSC_Handler
                0x00080acc                EFC0_Handler
                0x00080acc                PMC_Handler
                0x00080acc                PWM_Handler
                0x00080acc                CAN1_Handler
                0x00080acc                MemManage_Handler
                0x00080acc                SUPC_Handler
                0x00080acc                SVC_Handler
                0x00080acc                TC8_Handler
                0x00080acc                USART2_Handler
                0x00080acc                EMAC_Handler
                0x00080acc                UART_Handler
                0x00080acc                BusFault_Handler
                0x00080acc                RSTC_Handler
                0x00080acc                TC0_Handler
                0x00080acc                TC5_Handler
                0x00080acc                UOTGHS_Handler
                0x00080acc                SPI0_Handler
 *fill*         0x00080ace        0x2 
 .text.Reset_Handler
                0x00080ad0       0x98 src/ASF/sam/utils/cmsis/sam3x/source/templates/gcc/startup_sam3x.o
                0x00080ad0                Reset_Handler
 .text.SystemCoreClockUpdate
                0x00080b68      0x118 src/ASF/sam/utils/cmsis/sam3x/source/templates/system_sam3x.o
                0x00080b68                SystemCoreClockUpdate
 .text._sbrk    0x00080c80       0x38 src/ASF/sam/utils/syscalls/gcc/syscalls.o
                0x00080c80                _sbrk
 .text._close   0x00080cb8        0x6 src/ASF/sam/utils/syscalls/gcc/syscalls.o
                0x00080cb8                _close
 .text._fstat   0x00080cbe        0xa src/ASF/sam/utils/syscalls/gcc/syscalls.o
                0x00080cbe                _fstat
 .text._isatty  0x00080cc8        0x4 src/ASF/sam/utils/syscalls/gcc/syscalls.o
                0x00080cc8                _isatty
 .text._lseek   0x00080ccc        0x4 src/ASF/sam/utils/syscalls/gcc/syscalls.o
                0x00080ccc                _lseek
 .text.usart_serial_getchar
                0x00080cd0       0xac src/main.o
 .text.usart_serial_putchar
                0x00080d7c       0x9c src/main.o
 .text.main     0x00080e18       0xb4 src/main.o
                0x00080e18                main
 .text          0x00080ecc      0x370 c:/program files (x86)/atmel/studio/7.0/toolchain/arm/arm-gnu-toolchain/bin/../lib/gcc/arm-none-eabi/6.3.1/thumb/v7-m\libgcc.a(_arm_addsubdf3.o)
                0x00080ecc                __aeabi_drsub
                0x00080ed4                __aeabi_dsub
                0x00080ed4                __subdf3
                0x00080ed8                __aeabi_dadd
                0x00080ed8                __adddf3
                0x00081150                __floatunsidf
                0x00081150                __aeabi_ui2d
                0x00081170                __floatsidf
                0x00081170                __aeabi_i2d
                0x00081194                __aeabi_f2d
                0x00081194                __extendsfdf2
                0x000811d0                __floatundidf
                0x000811d0                __aeabi_ul2d
                0x000811e0                __floatdidf
                0x000811e0                __aeabi_l2d
 .text          0x0008123c      0x424 c:/program files (x86)/atmel/studio/7.0/toolchain/arm/arm-gnu-toolchain/bin/../lib/gcc/arm-none-eabi/6.3.1/thumb/v7-m\libgcc.a(_arm_muldivdf3.o)
                0x0008123c                __aeabi_dmul
                0x0008123c                __muldf3
                0x00081490                __divdf3
                0x00081490                __aeabi_ddiv
 .text          0x00081660       0x40 c:/program files (x86)/atmel/studio/7.0/toolchain/arm/arm-gnu-toolchain/bin/../lib/gcc/arm-none-eabi/6.3.1/thumb/v7-m\libgcc.a(_arm_fixunsdfsi.o)
                0x00081660                __aeabi_d2uiz
                0x00081660                __fixunsdfsi
 .text.__libc_init_array
                0x000816a0       0x50 c:/program files (x86)/atmel/studio/7.0/toolchain/arm/arm-gnu-toolchain/bin/../lib/gcc/arm-none-eabi/6.3.1/../../../../arm-none-eabi/lib/thumb/v7-m\libc.a(lib_a-init.o)
                0x000816a0                __libc_init_array
 .text.iprintf  0x000816f0       0x28 c:/program files (x86)/atmel/studio/7.0/toolchain/arm/arm-gnu-toolchain/bin/../lib/gcc/arm-none-eabi/6.3.1/../../../../arm-none-eabi/lib/thumb/v7-m\libc.a(lib_a-iprintf.o)
                0x000816f0                iprintf
 .text.memset   0x00081718       0x9c c:/program files (x86)/atmel/studio/7.0/toolchain/arm/arm-gnu-toolchain/bin/../lib/gcc/arm-none-eabi/6.3.1/../../../../arm-none-eabi/lib/thumb/v7-m\libc.a(lib_a-memset.o)
                0x00081718                memset
 .text.setbuf   0x000817b4       0x10 c:/program files (x86)/atmel/studio/7.0/toolchain/arm/arm-gnu-toolchain/bin/../lib/gcc/arm-none-eabi/6.3.1/../../../../arm-none-eabi/lib/thumb/v7-m\libc.a(lib_a-setbuf.o)
                0x000817b4                setbuf
 .text.setvbuf  0x000817c4      0x190 c:/program files (x86)/atmel/studio/7.0/toolchain/arm/arm-gnu-toolchain/bin/../lib/gcc/arm-none-eabi/6.3.1/../../../../arm-none-eabi/lib/thumb/v7-m\libc.a(lib_a-setvbuf.o)
                0x000817c4                setvbuf
 .text.__sprint_r.part.0
                0x00081954       0x80 c:/program files (x86)/atmel/studio/7.0/toolchain/arm/arm-gnu-toolchain/bin/../lib/gcc/arm-none-eabi/6.3.1/../../../../arm-none-eabi/lib/thumb/v7-m\libc.a(lib_a-vfiprintf.o)
 .text._vfiprintf_r
                0x000819d4      0xc88 c:/program files (x86)/atmel/studio/7.0/toolchain/arm/arm-gnu-toolchain/bin/../lib/gcc/arm-none-eabi/6.3.1/../../../../arm-none-eabi/lib/thumb/v7-m\libc.a(lib_a-vfiprintf.o)
                0x000819d4                _vfiprintf_r
 .text.__sbprintf
                0x0008265c       0x88 c:/program files (x86)/atmel/studio/7.0/toolchain/arm/arm-gnu-toolchain/bin/../lib/gcc/arm-none-eabi/6.3.1/../../../../arm-none-eabi/lib/thumb/v7-m\libc.a(lib_a-vfiprintf.o)
 .text.__swsetup_r
                0x000826e4       0xc8 c:/program files (x86)/atmel/studio/7.0/toolchain/arm/arm-gnu-toolchain/bin/../lib/gcc/arm-none-eabi/6.3.1/../../../../arm-none-eabi/lib/thumb/v7-m\libc.a(lib_a-wsetup.o)
                0x000826e4                __swsetup_r
 .text.startup.register_fini
                0x000827ac       0x14 c:/program files (x86)/atmel/studio/7.0/toolchain/arm/arm-gnu-toolchain/bin/../lib/gcc/arm-none-eabi/6.3.1/../../../../arm-none-eabi/lib/thumb/v7-m\libc.a(lib_a-__call_atexit.o)
 .text.atexit   0x000827c0        0xc c:/program files (x86)/atmel/studio/7.0/toolchain/arm/arm-gnu-toolchain/bin/../lib/gcc/arm-none-eabi/6.3.1/../../../../arm-none-eabi/lib/thumb/v7-m\libc.a(lib_a-atexit.o)
                0x000827c0                atexit
 .text.__sflush_r
                0x000827cc      0x138 c:/program files (x86)/atmel/studio/7.0/toolchain/arm/arm-gnu-toolchain/bin/../lib/gcc/arm-none-eabi/6.3.1/../../../../arm-none-eabi/lib/thumb/v7-m\libc.a(lib_a-fflush.o)
                0x000827cc                __sflush_r
 .text._fflush_r
                0x00082904       0x54 c:/program files (x86)/atmel/studio/7.0/toolchain/arm/arm-gnu-toolchain/bin/../lib/gcc/arm-none-eabi/6.3.1/../../../../arm-none-eabi/lib/thumb/v7-m\libc.a(lib_a-fflush.o)
                0x00082904                _fflush_r
 .text._cleanup_r
                0x00082958        0xc c:/program files (x86)/atmel/studio/7.0/toolchain/arm/arm-gnu-toolchain/bin/../lib/gcc/arm-none-eabi/6.3.1/../../../../arm-none-eabi/lib/thumb/v7-m\libc.a(lib_a-findfp.o)
                0x00082958                _cleanup_r
 .text.std.isra.0
                0x00082964       0x50 c:/program files (x86)/atmel/studio/7.0/toolchain/arm/arm-gnu-toolchain/bin/../lib/gcc/arm-none-eabi/6.3.1/../../../../arm-none-eabi/lib/thumb/v7-m\libc.a(lib_a-findfp.o)
 .text.__sinit  0x000829b4       0x60 c:/program files (x86)/atmel/studio/7.0/toolchain/arm/arm-gnu-toolchain/bin/../lib/gcc/arm-none-eabi/6.3.1/../../../../arm-none-eabi/lib/thumb/v7-m\libc.a(lib_a-findfp.o)
                0x000829b4                __sinit
 .text.__sfp_lock_acquire
                0x00082a14        0xc c:/program files (x86)/atmel/studio/7.0/toolchain/arm/arm-gnu-toolchain/bin/../lib/gcc/arm-none-eabi/6.3.1/../../../../arm-none-eabi/lib/thumb/v7-m\libc.a(lib_a-findfp.o)
                0x00082a14                __sfp_lock_acquire
 .text.__sfp_lock_release
                0x00082a20        0xc c:/program files (x86)/atmel/studio/7.0/toolchain/arm/arm-gnu-toolchain/bin/../lib/gcc/arm-none-eabi/6.3.1/../../../../arm-none-eabi/lib/thumb/v7-m\libc.a(lib_a-findfp.o)
                0x00082a20                __sfp_lock_release
 .text.__libc_fini_array
                0x00082a2c       0x34 c:/program files (x86)/atmel/studio/7.0/toolchain/arm/arm-gnu-toolchain/bin/../lib/gcc/arm-none-eabi/6.3.1/../../../../arm-none-eabi/lib/thumb/v7-m\libc.a(lib_a-fini.o)
                0x00082a2c                __libc_fini_array
 .text.__fputwc
                0x00082a60       0x98 c:/program files (x86)/atmel/studio/7.0/toolchain/arm/arm-gnu-toolchain/bin/../lib/gcc/arm-none-eabi/6.3.1/../../../../arm-none-eabi/lib/thumb/v7-m\libc.a(lib_a-fputwc.o)
                0x00082a60                __fputwc
 .text._fputwc_r
                0x00082af8       0x68 c:/program files (x86)/atmel/studio/7.0/toolchain/arm/arm-gnu-toolchain/bin/../lib/gcc/arm-none-eabi/6.3.1/../../../../arm-none-eabi/lib/thumb/v7-m\libc.a(lib_a-fputwc.o)
                0x00082af8                _fputwc_r
 .text._malloc_trim_r
                0x00082b60       0xa0 c:/program files (x86)/atmel/studio/7.0/toolchain/arm/arm-gnu-toolchain/bin/../lib/gcc/arm-none-eabi/6.3.1/../../../../arm-none-eabi/lib/thumb/v7-m\libc.a(lib_a-freer.o)
                0x00082b60                _malloc_trim_r
 .text._free_r  0x00082c00      0x1cc c:/program files (x86)/atmel/studio/7.0/toolchain/arm/arm-gnu-toolchain/bin/../lib/gcc/arm-none-eabi/6.3.1/../../../../arm-none-eabi/lib/thumb/v7-m\libc.a(lib_a-freer.o)
                0x00082c00                _free_r
 .text.__sfvwrite_r
                0x00082dcc      0x2f4 c:/program files (x86)/atmel/studio/7.0/toolchain/arm/arm-gnu-toolchain/bin/../lib/gcc/arm-none-eabi/6.3.1/../../../../arm-none-eabi/lib/thumb/v7-m\libc.a(lib_a-fvwrite.o)
                0x00082dcc                __sfvwrite_r
 .text._fwalk_reent
                0x000830c0       0x50 c:/program files (x86)/atmel/studio/7.0/toolchain/arm/arm-gnu-toolchain/bin/../lib/gcc/arm-none-eabi/6.3.1/../../../../arm-none-eabi/lib/thumb/v7-m\libc.a(lib_a-fwalk.o)
                0x000830c0                _fwalk_reent
 .text.__locale_mb_cur_max
                0x00083110       0x1c c:/program files (x86)/atmel/studio/7.0/toolchain/arm/arm-gnu-toolchain/bin/../lib/gcc/arm-none-eabi/6.3.1/../../../../arm-none-eabi/lib/thumb/v7-m\libc.a(lib_a-locale.o)
                0x00083110                __locale_mb_cur_max
 .text.__retarget_lock_init_recursive
                0x0008312c        0x4 c:/program files (x86)/atmel/studio/7.0/toolchain/arm/arm-gnu-toolchain/bin/../lib/gcc/arm-none-eabi/6.3.1/../../../../arm-none-eabi/lib/thumb/v7-m\libc.a(lib_a-lock.o)
                0x0008312c                __retarget_lock_init_recursive
 .text.__retarget_lock_close_recursive
                0x00083130        0x4 c:/program files (x86)/atmel/studio/7.0/toolchain/arm/arm-gnu-toolchain/bin/../lib/gcc/arm-none-eabi/6.3.1/../../../../arm-none-eabi/lib/thumb/v7-m\libc.a(lib_a-lock.o)
                0x00083130                __retarget_lock_close_recursive
 .text.__retarget_lock_acquire_recursive
                0x00083134        0x4 c:/program files (x86)/atmel/studio/7.0/toolchain/arm/arm-gnu-toolchain/bin/../lib/gcc/arm-none-eabi/6.3.1/../../../../arm-none-eabi/lib/thumb/v7-m\libc.a(lib_a-lock.o)
                0x00083134                __retarget_lock_acquire_recursive
 .text.__retarget_lock_release_recursive
                0x00083138        0x4 c:/program files (x86)/atmel/studio/7.0/toolchain/arm/arm-gnu-toolchain/bin/../lib/gcc/arm-none-eabi/6.3.1/../../../../arm-none-eabi/lib/thumb/v7-m\libc.a(lib_a-lock.o)
                0x00083138                __retarget_lock_release_recursive
 .text.__swhatbuf_r
                0x0008313c       0x5c c:/program files (x86)/atmel/studio/7.0/toolchain/arm/arm-gnu-toolchain/bin/../lib/gcc/arm-none-eabi/6.3.1/../../../../arm-none-eabi/lib/thumb/v7-m\libc.a(lib_a-makebuf.o)
                0x0008313c                __swhatbuf_r
 .text.__smakebuf_r
                0x00083198       0x94 c:/program files (x86)/atmel/studio/7.0/toolchain/arm/arm-gnu-toolchain/bin/../lib/gcc/arm-none-eabi/6.3.1/../../../../arm-none-eabi/lib/thumb/v7-m\libc.a(lib_a-makebuf.o)
                0x00083198                __smakebuf_r
 .text.malloc   0x0008322c       0x10 c:/program files (x86)/atmel/studio/7.0/toolchain/arm/arm-gnu-toolchain/bin/../lib/gcc/arm-none-eabi/6.3.1/../../../../arm-none-eabi/lib/thumb/v7-m\libc.a(lib_a-malloc.o)
                0x0008322c                malloc
 .text._malloc_r
                0x0008323c      0x544 c:/program files (x86)/atmel/studio/7.0/toolchain/arm/arm-gnu-toolchain/bin/../lib/gcc/arm-none-eabi/6.3.1/../../../../arm-none-eabi/lib/thumb/v7-m\libc.a(lib_a-mallocr.o)
                0x0008323c                _malloc_r
 .text.__ascii_mbtowc
                0x00083780       0x2c c:/program files (x86)/atmel/studio/7.0/toolchain/arm/arm-gnu-toolchain/bin/../lib/gcc/arm-none-eabi/6.3.1/../../../../arm-none-eabi/lib/thumb/v7-m\libc.a(lib_a-mbtowc_r.o)
                0x00083780                __ascii_mbtowc
 .text.memchr   0x000837ac       0x8c c:/program files (x86)/atmel/studio/7.0/toolchain/arm/arm-gnu-toolchain/bin/../lib/gcc/arm-none-eabi/6.3.1/../../../../arm-none-eabi/lib/thumb/v7-m\libc.a(lib_a-memchr-stub.o)
                0x000837ac                memchr
 .text          0x00083838       0xec c:/program files (x86)/atmel/studio/7.0/toolchain/arm/arm-gnu-toolchain/bin/../lib/gcc/arm-none-eabi/6.3.1/../../../../arm-none-eabi/lib/thumb/v7-m\libc.a(lib_a-memcpy.o)
                0x00083838                memcpy
 .text.memmove  0x00083924       0xc8 c:/program files (x86)/atmel/studio/7.0/toolchain/arm/arm-gnu-toolchain/bin/../lib/gcc/arm-none-eabi/6.3.1/../../../../arm-none-eabi/lib/thumb/v7-m\libc.a(lib_a-memmove.o)
                0x00083924                memmove
 .text.__malloc_lock
                0x000839ec        0xc c:/program files (x86)/atmel/studio/7.0/toolchain/arm/arm-gnu-toolchain/bin/../lib/gcc/arm-none-eabi/6.3.1/../../../../arm-none-eabi/lib/thumb/v7-m\libc.a(lib_a-mlock.o)
                0x000839ec                __malloc_lock
 .text.__malloc_unlock
                0x000839f8        0xc c:/program files (x86)/atmel/studio/7.0/toolchain/arm/arm-gnu-toolchain/bin/../lib/gcc/arm-none-eabi/6.3.1/../../../../arm-none-eabi/lib/thumb/v7-m\libc.a(lib_a-mlock.o)
                0x000839f8                __malloc_unlock
 .text._realloc_r
                0x00083a04      0x36c c:/program files (x86)/atmel/studio/7.0/toolchain/arm/arm-gnu-toolchain/bin/../lib/gcc/arm-none-eabi/6.3.1/../../../../arm-none-eabi/lib/thumb/v7-m\libc.a(lib_a-reallocr.o)
                0x00083a04                _realloc_r
 .text._sbrk_r  0x00083d70       0x24 c:/program files (x86)/atmel/studio/7.0/toolchain/arm/arm-gnu-toolchain/bin/../lib/gcc/arm-none-eabi/6.3.1/../../../../arm-none-eabi/lib/thumb/v7-m\libc.a(lib_a-sbrkr.o)
                0x00083d70                _sbrk_r
 .text.__sread  0x00083d94       0x24 c:/program files (x86)/atmel/studio/7.0/toolchain/arm/arm-gnu-toolchain/bin/../lib/gcc/arm-none-eabi/6.3.1/../../../../arm-none-eabi/lib/thumb/v7-m\libc.a(lib_a-stdio.o)
                0x00083d94                __sread
 .text.__swrite
                0x00083db8       0x3c c:/program files (x86)/atmel/studio/7.0/toolchain/arm/arm-gnu-toolchain/bin/../lib/gcc/arm-none-eabi/6.3.1/../../../../arm-none-eabi/lib/thumb/v7-m\libc.a(lib_a-stdio.o)
                0x00083db8                __swrite
 .text.__sseek  0x00083df4       0x20 c:/program files (x86)/atmel/studio/7.0/toolchain/arm/arm-gnu-toolchain/bin/../lib/gcc/arm-none-eabi/6.3.1/../../../../arm-none-eabi/lib/thumb/v7-m\libc.a(lib_a-stdio.o)
                0x00083df4                __sseek
 .text.__sclose
                0x00083e14        0x8 c:/program files (x86)/atmel/studio/7.0/toolchain/arm/arm-gnu-toolchain/bin/../lib/gcc/arm-none-eabi/6.3.1/../../../../arm-none-eabi/lib/thumb/v7-m\libc.a(lib_a-stdio.o)
                0x00083e14                __sclose
 .text.strlen   0x00083e1c       0x5c c:/program files (x86)/atmel/studio/7.0/toolchain/arm/arm-gnu-toolchain/bin/../lib/gcc/arm-none-eabi/6.3.1/../../../../arm-none-eabi/lib/thumb/v7-m\libc.a(lib_a-strlen-stub.o)
                0x00083e1c                strlen
 .text.__swbuf_r
                0x00083e78       0xb0 c:/program files (x86)/atmel/studio/7.0/toolchain/arm/arm-gnu-toolchain/bin/../lib/gcc/arm-none-eabi/6.3.1/../../../../arm-none-eabi/lib/thumb/v7-m\libc.a(lib_a-wbuf.o)
                0x00083e78                __swbuf_r
 .text._wcrtomb_r
                0x00083f28       0x54 c:/program files (x86)/atmel/studio/7.0/toolchain/arm/arm-gnu-toolchain/bin/../lib/gcc/arm-none-eabi/6.3.1/../../../../arm-none-eabi/lib/thumb/v7-m\libc.a(lib_a-wcrtomb.o)
                0x00083f28                _wcrtomb_r
 .text.__ascii_wctomb
                0x00083f7c       0x18 c:/program files (x86)/atmel/studio/7.0/toolchain/arm/arm-gnu-toolchain/bin/../lib/gcc/arm-none-eabi/6.3.1/../../../../arm-none-eabi/lib/thumb/v7-m\libc.a(lib_a-wctomb_r.o)
                0x00083f7c                __ascii_wctomb
 .text._write_r
                0x00083f94       0x2c c:/program files (x86)/atmel/studio/7.0/toolchain/arm/arm-gnu-toolchain/bin/../lib/gcc/arm-none-eabi/6.3.1/../../../../arm-none-eabi/lib/thumb/v7-m\libc.a(lib_a-writer.o)
                0x00083f94                _write_r
 .text.__register_exitproc
                0x00083fc0       0xc4 c:/program files (x86)/atmel/studio/7.0/toolchain/arm/arm-gnu-toolchain/bin/../lib/gcc/arm-none-eabi/6.3.1/../../../../arm-none-eabi/lib/thumb/v7-m\libc.a(lib_a-__atexit.o)
                0x00083fc0                __register_exitproc
 .text._close_r
                0x00084084       0x24 c:/program files (x86)/atmel/studio/7.0/toolchain/arm/arm-gnu-toolchain/bin/../lib/gcc/arm-none-eabi/6.3.1/../../../../arm-none-eabi/lib/thumb/v7-m\libc.a(lib_a-closer.o)
                0x00084084                _close_r
 .text._fclose_r
                0x000840a8       0xc4 c:/program files (x86)/atmel/studio/7.0/toolchain/arm/arm-gnu-toolchain/bin/../lib/gcc/arm-none-eabi/6.3.1/../../../../arm-none-eabi/lib/thumb/v7-m\libc.a(lib_a-fclose.o)
                0x000840a8                _fclose_r
 .text._fstat_r
                0x0008416c       0x28 c:/program files (x86)/atmel/studio/7.0/toolchain/arm/arm-gnu-toolchain/bin/../lib/gcc/arm-none-eabi/6.3.1/../../../../arm-none-eabi/lib/thumb/v7-m\libc.a(lib_a-fstatr.o)
                0x0008416c                _fstat_r
 .text._isatty_r
                0x00084194       0x24 c:/program files (x86)/atmel/studio/7.0/toolchain/arm/arm-gnu-toolchain/bin/../lib/gcc/arm-none-eabi/6.3.1/../../../../arm-none-eabi/lib/thumb/v7-m\libc.a(lib_a-isattyr.o)
                0x00084194                _isatty_r
 .text._lseek_r
                0x000841b8       0x2c c:/program files (x86)/atmel/studio/7.0/toolchain/arm/arm-gnu-toolchain/bin/../lib/gcc/arm-none-eabi/6.3.1/../../../../arm-none-eabi/lib/thumb/v7-m\libc.a(lib_a-lseekr.o)
                0x000841b8                _lseek_r
 .text._read_r  0x000841e4       0x2c c:/program files (x86)/atmel/studio/7.0/toolchain/arm/arm-gnu-toolchain/bin/../lib/gcc/arm-none-eabi/6.3.1/../../../../arm-none-eabi/lib/thumb/v7-m\libc.a(lib_a-readr.o)
                0x000841e4                _read_r
 .text          0x00084210       0x30 c:/program files (x86)/atmel/studio/7.0/toolchain/arm/arm-gnu-toolchain/bin/../lib/gcc/arm-none-eabi/6.3.1/thumb/v7-m\libgcc.a(_aeabi_uldivmod.o)
                0x00084210                __aeabi_uldivmod
 .text          0x00084240      0x2dc c:/program files (x86)/atmel/studio/7.0/toolchain/arm/arm-gnu-toolchain/bin/../lib/gcc/arm-none-eabi/6.3.1/thumb/v7-m\libgcc.a(_udivmoddi4.o)
                0x00084240                __udivmoddi4
 .text          0x0008451c        0x4 c:/program files (x86)/atmel/studio/7.0/toolchain/arm/arm-gnu-toolchain/bin/../lib/gcc/arm-none-eabi/6.3.1/thumb/v7-m\libgcc.a(_dvmd_tls.o)
                0x0008451c                __aeabi_idiv0
                0x0008451c                __aeabi_ldiv0
 *(.glue_7t)
 .glue_7t       0x00084520        0x0 linker stubs
 *(.glue_7)
 .glue_7        0x00084520        0x0 linker stubs
 *(.rodata .rodata* .gnu.linkonce.r.*)
 .rodata.main.str1.4
                0x00084520       0x1f src/main.o
 *fill*         0x0008453f        0x1 
 .rodata._global_impure_ptr
                0x00084540        0x4 c:/program files (x86)/atmel/studio/7.0/toolchain/arm/arm-gnu-toolchain/bin/../lib/gcc/arm-none-eabi/6.3.1/../../../../arm-none-eabi/lib/thumb/v7-m\libc.a(lib_a-impure.o)
                0x00084540                _global_impure_ptr
 .rodata._vfiprintf_r.str1.4
                0x00084544       0x2f c:/program files (x86)/atmel/studio/7.0/toolchain/arm/arm-gnu-toolchain/bin/../lib/gcc/arm-none-eabi/6.3.1/../../../../arm-none-eabi/lib/thumb/v7-m\libc.a(lib_a-vfiprintf.o)
 *fill*         0x00084573        0x1 
 .rodata.blanks.7217
                0x00084574       0x10 c:/program files (x86)/atmel/studio/7.0/toolchain/arm/arm-gnu-toolchain/bin/../lib/gcc/arm-none-eabi/6.3.1/../../../../arm-none-eabi/lib/thumb/v7-m\libc.a(lib_a-vfiprintf.o)
 .rodata.zeroes.7218
                0x00084584       0x10 c:/program files (x86)/atmel/studio/7.0/toolchain/arm/arm-gnu-toolchain/bin/../lib/gcc/arm-none-eabi/6.3.1/../../../../arm-none-eabi/lib/thumb/v7-m\libc.a(lib_a-vfiprintf.o)
 .rodata._setlocale_r.str1.4
                0x00084594        0xa c:/program files (x86)/atmel/studio/7.0/toolchain/arm/arm-gnu-toolchain/bin/../lib/gcc/arm-none-eabi/6.3.1/../../../../arm-none-eabi/lib/thumb/v7-m\libc.a(lib_a-locale.o)
                                  0xd (size before relaxing)
 *fill*         0x0008459e        0x2 
 .rodata.str1.4
                0x000845a0        0x4 c:/program files (x86)/atmel/studio/7.0/toolchain/arm/arm-gnu-toolchain/bin/../lib/gcc/arm-none-eabi/6.3.1/../../../../arm-none-eabi/lib/thumb/v7-m\libc.a(lib_a-locale.o)
                                  0x2 (size before relaxing)
 .rodata._ctype_
                0x000845a4      0x101 c:/program files (x86)/atmel/studio/7.0/toolchain/arm/arm-gnu-toolchain/bin/../lib/gcc/arm-none-eabi/6.3.1/../../../../arm-none-eabi/lib/thumb/v7-m\libc.a(lib_a-ctype_.o)
                0x000845a4                _ctype_
 *(.ARM.extab* .gnu.linkonce.armextab.*)
                0x000846a8                . = ALIGN (0x4)
 *fill*         0x000846a5        0x3 
 *(.init)
 .init          0x000846a8        0x4 c:/program files (x86)/atmel/studio/7.0/toolchain/arm/arm-gnu-toolchain/bin/../lib/gcc/arm-none-eabi/6.3.1/thumb/v7-m/crti.o
                0x000846a8                _init
 .init          0x000846ac        0x8 c:/program files (x86)/atmel/studio/7.0/toolchain/arm/arm-gnu-toolchain/bin/../lib/gcc/arm-none-eabi/6.3.1/thumb/v7-m/crtn.o
                0x000846b4                . = ALIGN (0x4)
                0x000846b4                __preinit_array_start = .
 *(.preinit_array)
                0x000846b4                __preinit_array_end = .
                0x000846b4                . = ALIGN (0x4)
                0x000846b4                __init_array_start = .
 *(SORT(.init_array.*))
 .init_array.00000
                0x000846b4        0x4 c:/program files (x86)/atmel/studio/7.0/toolchain/arm/arm-gnu-toolchain/bin/../lib/gcc/arm-none-eabi/6.3.1/../../../../arm-none-eabi/lib/thumb/v7-m\libc.a(lib_a-__call_atexit.o)
 *(.init_array)
 .init_array    0x000846b8        0x4 c:/program files (x86)/atmel/studio/7.0/toolchain/arm/arm-gnu-toolchain/bin/../lib/gcc/arm-none-eabi/6.3.1/thumb/v7-m/crtbegin.o
                0x000846bc                __init_array_end = .
                0x000846bc                . = ALIGN (0x4)
 *crtbegin.o(.ctors)
 *(EXCLUDE_FILE(*crtend.o) .ctors)
 *(SORT(.ctors.*))
 *crtend.o(.ctors)
                0x000846bc                . = ALIGN (0x4)
 *(.fini)
 .fini          0x000846bc        0x4 c:/program files (x86)/atmel/studio/7.0/toolchain/arm/arm-gnu-toolchain/bin/../lib/gcc/arm-none-eabi/6.3.1/thumb/v7-m/crti.o
                0x000846bc                _fini
 .fini          0x000846c0        0x8 c:/program files (x86)/atmel/studio/7.0/toolchain/arm/arm-gnu-toolchain/bin/../lib/gcc/arm-none-eabi/6.3.1/thumb/v7-m/crtn.o
                0x000846c8                . = ALIGN (0x4)
                0x000846c8                __fini_array_start = .
 *(.fini_array)
 .fini_array    0x000846c8        0x4 c:/program files (x86)/atmel/studio/7.0/toolchain/arm/arm-gnu-toolchain/bin/../lib/gcc/arm-none-eabi/6.3.1/thumb/v7-m/crtbegin.o
 *(SORT(.fini_array.*))
                0x000846cc                __fini_array_end = .
 *crtbegin.o(.dtors)
 *(EXCLUDE_FILE(*crtend.o) .dtors)
 *(SORT(.dtors.*))
 *crtend.o(.dtors)
                0x000846cc                . = ALIGN (0x4)
                0x000846cc                _efixed = .
                [!provide]                PROVIDE (__exidx_start, .)

.vfp11_veneer   0x000846cc        0x0
 .vfp11_veneer  0x000846cc        0x0 linker stubs

.v4_bx          0x000846cc        0x0
 .v4_bx         0x000846cc        0x0 linker stubs

.iplt           0x000846cc        0x0
 .iplt          0x000846cc        0x0 c:/program files (x86)/atmel/studio/7.0/toolchain/arm/arm-gnu-toolchain/bin/../lib/gcc/arm-none-eabi/6.3.1/thumb/v7-m/crtbegin.o

.ARM.exidx      0x000846cc        0x8
 *(.ARM.exidx* .gnu.linkonce.armexidx.*)
 .ARM.exidx     0x000846cc        0x8 c:/program files (x86)/atmel/studio/7.0/toolchain/arm/arm-gnu-toolchain/bin/../lib/gcc/arm-none-eabi/6.3.1/thumb/v7-m\libgcc.a(_udivmoddi4.o)
                [!provide]                PROVIDE (__exidx_end, .)

.eh_frame       0x000846d4        0x0
 .eh_frame      0x000846d4        0x0 c:/program files (x86)/atmel/studio/7.0/toolchain/arm/arm-gnu-toolchain/bin/../lib/gcc/arm-none-eabi/6.3.1/thumb/v7-m/crtbegin.o

.rel.dyn        0x000846d4        0x0
 .rel.iplt      0x000846d4        0x0 c:/program files (x86)/atmel/studio/7.0/toolchain/arm/arm-gnu-toolchain/bin/../lib/gcc/arm-none-eabi/6.3.1/thumb/v7-m/crtbegin.o

.jcr            0x000846d4        0x0
 .jcr           0x000846d4        0x0 c:/program files (x86)/atmel/studio/7.0/toolchain/arm/arm-gnu-toolchain/bin/../lib/gcc/arm-none-eabi/6.3.1/thumb/v7-m/crtbegin.o

.igot.plt       0x000846d4        0x0
 .igot.plt      0x000846d4        0x0 c:/program files (x86)/atmel/studio/7.0/toolchain/arm/arm-gnu-toolchain/bin/../lib/gcc/arm-none-eabi/6.3.1/thumb/v7-m/crtbegin.o
                0x000846d4                . = ALIGN (0x4)
                0x000846d4                _etext = .

.relocate       0x20070000      0xaf0 load address 0x000846d4
                0x20070000                . = ALIGN (0x4)
                0x20070000                _srelocate = .
 *(.ramfunc .ramfunc.*)
 .ramfunc       0x20070000        0xa src/ASF/common/services/delay/sam/cycle_counter.o
                0x20070000                portable_delay_cycles
 *fill*         0x2007000a        0x2 
 .ramfunc       0x2007000c      0x12c src/ASF/sam/utils/cmsis/sam3x/source/templates/system_sam3x.o
                0x2007000c                SystemInit
                0x200700b0                system_init_flash
 *(.data .data.*)
 .data.g_interrupt_enabled
                0x20070138        0x1 src/ASF/common/utils/interrupt/interrupt_sam_nvic.o
                0x20070138                g_interrupt_enabled
 *fill*         0x20070139        0x3 
 .data.SystemCoreClock
                0x2007013c        0x4 src/ASF/sam/utils/cmsis/sam3x/source/templates/system_sam3x.o
                0x2007013c                SystemCoreClock
 .data._impure_ptr
                0x20070140        0x4 c:/program files (x86)/atmel/studio/7.0/toolchain/arm/arm-gnu-toolchain/bin/../lib/gcc/arm-none-eabi/6.3.1/../../../../arm-none-eabi/lib/thumb/v7-m\libc.a(lib_a-impure.o)
                0x20070140                _impure_ptr
 *fill*         0x20070144        0x4 
 .data.impure_data
                0x20070148      0x428 c:/program files (x86)/atmel/studio/7.0/toolchain/arm/arm-gnu-toolchain/bin/../lib/gcc/arm-none-eabi/6.3.1/../../../../arm-none-eabi/lib/thumb/v7-m\libc.a(lib_a-impure.o)
 .data.__atexit_recursive_mutex
                0x20070570        0x4 c:/program files (x86)/atmel/studio/7.0/toolchain/arm/arm-gnu-toolchain/bin/../lib/gcc/arm-none-eabi/6.3.1/../../../../arm-none-eabi/lib/thumb/v7-m\libc.a(lib_a-__call_atexit.o)
                0x20070570                __atexit_recursive_mutex
 .data.__global_locale
                0x20070574      0x16c c:/program files (x86)/atmel/studio/7.0/toolchain/arm/arm-gnu-toolchain/bin/../lib/gcc/arm-none-eabi/6.3.1/../../../../arm-none-eabi/lib/thumb/v7-m\libc.a(lib_a-locale.o)
                0x20070574                __global_locale
 .data.__malloc_av_
                0x200706e0      0x408 c:/program files (x86)/atmel/studio/7.0/toolchain/arm/arm-gnu-toolchain/bin/../lib/gcc/arm-none-eabi/6.3.1/../../../../arm-none-eabi/lib/thumb/v7-m\libc.a(lib_a-mallocr.o)
                0x200706e0                __malloc_av_
 .data.__malloc_sbrk_base
                0x20070ae8        0x4 c:/program files (x86)/atmel/studio/7.0/toolchain/arm/arm-gnu-toolchain/bin/../lib/gcc/arm-none-eabi/6.3.1/../../../../arm-none-eabi/lib/thumb/v7-m\libc.a(lib_a-mallocr.o)
                0x20070ae8                __malloc_sbrk_base
 .data.__malloc_trim_threshold
                0x20070aec        0x4 c:/program files (x86)/atmel/studio/7.0/toolchain/arm/arm-gnu-toolchain/bin/../lib/gcc/arm-none-eabi/6.3.1/../../../../arm-none-eabi/lib/thumb/v7-m\libc.a(lib_a-mallocr.o)
                0x20070aec                __malloc_trim_threshold
                0x20070af0                . = ALIGN (0x4)
                0x20070af0                _erelocate = .

.bss            0x20070af0      0x198 load address 0x000851c4
                0x20070af0                . = ALIGN (0x4)
                0x20070af0                _sbss = .
                0x20070af0                _szero = .
 *(.bss .bss.*)
 .bss           0x20070af0       0x1c c:/program files (x86)/atmel/studio/7.0/toolchain/arm/arm-gnu-toolchain/bin/../lib/gcc/arm-none-eabi/6.3.1/thumb/v7-m/crtbegin.o
 .bss.serial_rx_buf
                0x20070b0c       0x9c src/ASF/thirdparty/wireless/addons/sio2host/uart/sio2host.o
 .bss.serial_rx_buf_tail
                0x20070ba8        0x1 src/ASF/thirdparty/wireless/addons/sio2host/uart/sio2host.o
 *fill*         0x20070ba9        0x3 
 .bss.gs_interrupt_sources
                0x20070bac       0x70 src/ASF/sam/drivers/pio/pio_handler.o
 .bss.heap.5297
                0x20070c1c        0x4 src/ASF/sam/utils/syscalls/gcc/syscalls.o
 .bss.__malloc_current_mallinfo
                0x20070c20       0x28 c:/program files (x86)/atmel/studio/7.0/toolchain/arm/arm-gnu-toolchain/bin/../lib/gcc/arm-none-eabi/6.3.1/../../../../arm-none-eabi/lib/thumb/v7-m\libc.a(lib_a-mallocr.o)
                0x20070c20                __malloc_current_mallinfo
 .bss.__malloc_max_sbrked_mem
                0x20070c48        0x4 c:/program files (x86)/atmel/studio/7.0/toolchain/arm/arm-gnu-toolchain/bin/../lib/gcc/arm-none-eabi/6.3.1/../../../../arm-none-eabi/lib/thumb/v7-m\libc.a(lib_a-mallocr.o)
                0x20070c48                __malloc_max_sbrked_mem
 .bss.__malloc_max_total_mem
                0x20070c4c        0x4 c:/program files (x86)/atmel/studio/7.0/toolchain/arm/arm-gnu-toolchain/bin/../lib/gcc/arm-none-eabi/6.3.1/../../../../arm-none-eabi/lib/thumb/v7-m\libc.a(lib_a-mallocr.o)
                0x20070c4c                __malloc_max_total_mem
 .bss.__malloc_top_pad
                0x20070c50        0x4 c:/program files (x86)/atmel/studio/7.0/toolchain/arm/arm-gnu-toolchain/bin/../lib/gcc/arm-none-eabi/6.3.1/../../../../arm-none-eabi/lib/thumb/v7-m\libc.a(lib_a-mallocr.o)
                0x20070c50                __malloc_top_pad
 *(COMMON)
 COMMON         0x20070c54        0x4 src/ASF/common/utils/stdio/read.o
                0x20070c54                ptr_get
 COMMON         0x20070c58        0x8 src/ASF/common/utils/stdio/write.o
                0x20070c58                ptr_put
                0x20070c5c                stdio_base
 COMMON         0x20070c60       0x21 c:/program files (x86)/atmel/studio/7.0/toolchain/arm/arm-gnu-toolchain/bin/../lib/gcc/arm-none-eabi/6.3.1/../../../../arm-none-eabi/lib/thumb/v7-m\libc.a(lib_a-lock.o)
                0x20070c60                __lock___atexit_recursive_mutex
                0x20070c64                __lock___arc4random_mutex
                0x20070c68                __lock___env_recursive_mutex
                0x20070c6c                __lock___sinit_recursive_mutex
                0x20070c70                __lock___malloc_recursive_mutex
                0x20070c74                __lock___at_quick_exit_mutex
                0x20070c78                __lock___dd_hash_mutex
                0x20070c7c                __lock___tz_mutex
                0x20070c80                __lock___sfp_recursive_mutex
 *fill*         0x20070c81        0x3 
 COMMON         0x20070c84        0x4 c:/program files (x86)/atmel/studio/7.0/toolchain/arm/arm-gnu-toolchain/bin/../lib/gcc/arm-none-eabi/6.3.1/../../../../arm-none-eabi/lib/thumb/v7-m\libc.a(lib_a-reent.o)
                0x20070c84                errno
                0x20070c88                . = ALIGN (0x4)
                0x20070c88                _ebss = .
                0x20070c88                _ezero = .

.stack          0x20070c88     0x2000 load address 0x0008535c
                0x20070c88                . = ALIGN (0x8)
                0x20070c88                _sstack = .
                0x20072c88                . = (. + __stack_size__)
 *fill*         0x20070c88     0x2000 
                0x20072c88                . = ALIGN (0x8)
                0x20072c88                _estack = .
                0x20072c88                . = ALIGN (0x4)
                0x20072c88                _end = .
OUTPUT(CytronMD10C.elf elf32-littlearm)

.ARM.attributes
                0x00000000       0x29
 .ARM.attributes
                0x00000000       0x1d c:/program files (x86)/atmel/studio/7.0/toolchain/arm/arm-gnu-toolchain/bin/../lib/gcc/arm-none-eabi/6.3.1/thumb/v7-m/crti.o
 .ARM.attributes
                0x0000001d       0x2d c:/program files (x86)/atmel/studio/7.0/toolchain/arm/arm-gnu-toolchain/bin/../lib/gcc/arm-none-eabi/6.3.1/thumb/v7-m/crtbegin.o
 .ARM.attributes
                0x0000004a       0x33 src/driving.o
 .ARM.attributes
                0x0000007d       0x33 src/pulse.o
 .ARM.attributes
                0x000000b0       0x33 src/test_cases.o
 .ARM.attributes
                0x000000e3       0x33 src/ASF/common/services/delay/sam/cycle_counter.o
 .ARM.attributes
                0x00000116       0x33 src/ASF/common/utils/stdio/read.o
 .ARM.attributes
                0x00000149       0x33 src/ASF/sam/drivers/usart/usart.o
 .ARM.attributes
                0x0000017c       0x33 src/ASF/thirdparty/wireless/addons/sio2host/uart/sio2host.o
 .ARM.attributes
                0x000001af       0x33 src/ASF/common/utils/stdio/write.o
 .ARM.attributes
                0x000001e2       0x33 src/ASF/common/services/serial/usart_serial.o
 .ARM.attributes
                0x00000215       0x33 src/ASF/sam/drivers/tc/tc.o
 .ARM.attributes
                0x00000248       0x33 src/ASF/sam/drivers/uart/uart.o
 .ARM.attributes
                0x0000027b       0x33 src/ASF/common/services/clock/sam3x/sysclk.o
 .ARM.attributes
                0x000002ae       0x33 src/ASF/common/utils/interrupt/interrupt_sam_nvic.o
 .ARM.attributes
                0x000002e1       0x33 src/ASF/sam/boards/arduino_due_x/init.o
 .ARM.attributes
                0x00000314       0x33 src/ASF/sam/drivers/pio/pio.o
 .ARM.attributes
                0x00000347       0x33 src/ASF/sam/drivers/pio/pio_handler.o
 .ARM.attributes
                0x0000037a       0x33 src/ASF/sam/drivers/pmc/pmc.o
 .ARM.attributes
                0x000003ad       0x33 src/ASF/sam/utils/cmsis/sam3x/source/templates/exceptions.o
 .ARM.attributes
                0x000003e0       0x33 src/ASF/sam/utils/cmsis/sam3x/source/templates/gcc/startup_sam3x.o
 .ARM.attributes
                0x00000413       0x33 src/ASF/sam/utils/cmsis/sam3x/source/templates/system_sam3x.o
 .ARM.attributes
                0x00000446       0x33 src/ASF/sam/utils/syscalls/gcc/syscalls.o
 .ARM.attributes
                0x00000479       0x33 src/main.o
 .ARM.attributes
                0x000004ac       0x1d c:/program files (x86)/atmel/studio/7.0/toolchain/arm/arm-gnu-toolchain/bin/../lib/gcc/arm-none-eabi/6.3.1/thumb/v7-m\libgcc.a(_arm_addsubdf3.o)
 .ARM.attributes
                0x000004c9       0x1d c:/program files (x86)/atmel/studio/7.0/toolchain/arm/arm-gnu-toolchain/bin/../lib/gcc/arm-none-eabi/6.3.1/thumb/v7-m\libgcc.a(_arm_muldivdf3.o)
 .ARM.attributes
                0x000004e6       0x1d c:/program files (x86)/atmel/studio/7.0/toolchain/arm/arm-gnu-toolchain/bin/../lib/gcc/arm-none-eabi/6.3.1/thumb/v7-m\libgcc.a(_arm_fixunsdfsi.o)
 .ARM.attributes
                0x00000503       0x2d c:/program files (x86)/atmel/studio/7.0/toolchain/arm/arm-gnu-toolchain/bin/../lib/gcc/arm-none-eabi/6.3.1/../../../../arm-none-eabi/lib/thumb/v7-m\libc.a(lib_a-impure.o)
 .ARM.attributes
                0x00000530       0x2d c:/program files (x86)/atmel/studio/7.0/toolchain/arm/arm-gnu-toolchain/bin/../lib/gcc/arm-none-eabi/6.3.1/../../../../arm-none-eabi/lib/thumb/v7-m\libc.a(lib_a-init.o)
 .ARM.attributes
                0x0000055d       0x2d c:/program files (x86)/atmel/studio/7.0/toolchain/arm/arm-gnu-toolchain/bin/../lib/gcc/arm-none-eabi/6.3.1/../../../../arm-none-eabi/lib/thumb/v7-m\libc.a(lib_a-iprintf.o)
 .ARM.attributes
                0x0000058a       0x2d c:/program files (x86)/atmel/studio/7.0/toolchain/arm/arm-gnu-toolchain/bin/../lib/gcc/arm-none-eabi/6.3.1/../../../../arm-none-eabi/lib/thumb/v7-m\libc.a(lib_a-memset.o)
 .ARM.attributes
                0x000005b7       0x2d c:/program files (x86)/atmel/studio/7.0/toolchain/arm/arm-gnu-toolchain/bin/../lib/gcc/arm-none-eabi/6.3.1/../../../../arm-none-eabi/lib/thumb/v7-m\libc.a(lib_a-setbuf.o)
 .ARM.attributes
                0x000005e4       0x2d c:/program files (x86)/atmel/studio/7.0/toolchain/arm/arm-gnu-toolchain/bin/../lib/gcc/arm-none-eabi/6.3.1/../../../../arm-none-eabi/lib/thumb/v7-m\libc.a(lib_a-setvbuf.o)
 .ARM.attributes
                0x00000611       0x2d c:/program files (x86)/atmel/studio/7.0/toolchain/arm/arm-gnu-toolchain/bin/../lib/gcc/arm-none-eabi/6.3.1/../../../../arm-none-eabi/lib/thumb/v7-m\libc.a(lib_a-vfiprintf.o)
 .ARM.attributes
                0x0000063e       0x2d c:/program files (x86)/atmel/studio/7.0/toolchain/arm/arm-gnu-toolchain/bin/../lib/gcc/arm-none-eabi/6.3.1/../../../../arm-none-eabi/lib/thumb/v7-m\libc.a(lib_a-wsetup.o)
 .ARM.attributes
                0x0000066b       0x2d c:/program files (x86)/atmel/studio/7.0/toolchain/arm/arm-gnu-toolchain/bin/../lib/gcc/arm-none-eabi/6.3.1/../../../../arm-none-eabi/lib/thumb/v7-m\libc.a(lib_a-__call_atexit.o)
 .ARM.attributes
                0x00000698       0x2d c:/program files (x86)/atmel/studio/7.0/toolchain/arm/arm-gnu-toolchain/bin/../lib/gcc/arm-none-eabi/6.3.1/../../../../arm-none-eabi/lib/thumb/v7-m\libc.a(lib_a-atexit.o)
 .ARM.attributes
                0x000006c5       0x2d c:/program files (x86)/atmel/studio/7.0/toolchain/arm/arm-gnu-toolchain/bin/../lib/gcc/arm-none-eabi/6.3.1/../../../../arm-none-eabi/lib/thumb/v7-m\libc.a(lib_a-fflush.o)
 .ARM.attributes
                0x000006f2       0x2d c:/program files (x86)/atmel/studio/7.0/toolchain/arm/arm-gnu-toolchain/bin/../lib/gcc/arm-none-eabi/6.3.1/../../../../arm-none-eabi/lib/thumb/v7-m\libc.a(lib_a-findfp.o)
 .ARM.attributes
                0x0000071f       0x2d c:/program files (x86)/atmel/studio/7.0/toolchain/arm/arm-gnu-toolchain/bin/../lib/gcc/arm-none-eabi/6.3.1/../../../../arm-none-eabi/lib/thumb/v7-m\libc.a(lib_a-fini.o)
 .ARM.attributes
                0x0000074c       0x2d c:/program files (x86)/atmel/studio/7.0/toolchain/arm/arm-gnu-toolchain/bin/../lib/gcc/arm-none-eabi/6.3.1/../../../../arm-none-eabi/lib/thumb/v7-m\libc.a(lib_a-fputwc.o)
 .ARM.attributes
                0x00000779       0x2d c:/program files (x86)/atmel/studio/7.0/toolchain/arm/arm-gnu-toolchain/bin/../lib/gcc/arm-none-eabi/6.3.1/../../../../arm-none-eabi/lib/thumb/v7-m\libc.a(lib_a-freer.o)
 .ARM.attributes
                0x000007a6       0x2d c:/program files (x86)/atmel/studio/7.0/toolchain/arm/arm-gnu-toolchain/bin/../lib/gcc/arm-none-eabi/6.3.1/../../../../arm-none-eabi/lib/thumb/v7-m\libc.a(lib_a-fvwrite.o)
 .ARM.attributes
                0x000007d3       0x2d c:/program files (x86)/atmel/studio/7.0/toolchain/arm/arm-gnu-toolchain/bin/../lib/gcc/arm-none-eabi/6.3.1/../../../../arm-none-eabi/lib/thumb/v7-m\libc.a(lib_a-fwalk.o)
 .ARM.attributes
                0x00000800       0x2d c:/program files (x86)/atmel/studio/7.0/toolchain/arm/arm-gnu-toolchain/bin/../lib/gcc/arm-none-eabi/6.3.1/../../../../arm-none-eabi/lib/thumb/v7-m\libc.a(lib_a-locale.o)
 .ARM.attributes
                0x0000082d       0x2d c:/program files (x86)/atmel/studio/7.0/toolchain/arm/arm-gnu-toolchain/bin/../lib/gcc/arm-none-eabi/6.3.1/../../../../arm-none-eabi/lib/thumb/v7-m\libc.a(lib_a-lock.o)
 .ARM.attributes
                0x0000085a       0x2d c:/program files (x86)/atmel/studio/7.0/toolchain/arm/arm-gnu-toolchain/bin/../lib/gcc/arm-none-eabi/6.3.1/../../../../arm-none-eabi/lib/thumb/v7-m\libc.a(lib_a-makebuf.o)
 .ARM.attributes
                0x00000887       0x2d c:/program files (x86)/atmel/studio/7.0/toolchain/arm/arm-gnu-toolchain/bin/../lib/gcc/arm-none-eabi/6.3.1/../../../../arm-none-eabi/lib/thumb/v7-m\libc.a(lib_a-malloc.o)
 .ARM.attributes
                0x000008b4       0x2d c:/program files (x86)/atmel/studio/7.0/toolchain/arm/arm-gnu-toolchain/bin/../lib/gcc/arm-none-eabi/6.3.1/../../../../arm-none-eabi/lib/thumb/v7-m\libc.a(lib_a-mallocr.o)
 .ARM.attributes
                0x000008e1       0x2d c:/program files (x86)/atmel/studio/7.0/toolchain/arm/arm-gnu-toolchain/bin/../lib/gcc/arm-none-eabi/6.3.1/../../../../arm-none-eabi/lib/thumb/v7-m\libc.a(lib_a-mbtowc_r.o)
 .ARM.attributes
                0x0000090e       0x2d c:/program files (x86)/atmel/studio/7.0/toolchain/arm/arm-gnu-toolchain/bin/../lib/gcc/arm-none-eabi/6.3.1/../../../../arm-none-eabi/lib/thumb/v7-m\libc.a(lib_a-memchr-stub.o)
 .ARM.attributes
                0x0000093b       0x1b c:/program files (x86)/atmel/studio/7.0/toolchain/arm/arm-gnu-toolchain/bin/../lib/gcc/arm-none-eabi/6.3.1/../../../../arm-none-eabi/lib/thumb/v7-m\libc.a(lib_a-memcpy.o)
 .ARM.attributes
                0x00000956       0x2d c:/program files (x86)/atmel/studio/7.0/toolchain/arm/arm-gnu-toolchain/bin/../lib/gcc/arm-none-eabi/6.3.1/../../../../arm-none-eabi/lib/thumb/v7-m\libc.a(lib_a-memmove.o)
 .ARM.attributes
                0x00000983       0x2d c:/program files (x86)/atmel/studio/7.0/toolchain/arm/arm-gnu-toolchain/bin/../lib/gcc/arm-none-eabi/6.3.1/../../../../arm-none-eabi/lib/thumb/v7-m\libc.a(lib_a-mlock.o)
 .ARM.attributes
                0x000009b0       0x2d c:/program files (x86)/atmel/studio/7.0/toolchain/arm/arm-gnu-toolchain/bin/../lib/gcc/arm-none-eabi/6.3.1/../../../../arm-none-eabi/lib/thumb/v7-m\libc.a(lib_a-reallocr.o)
 .ARM.attributes
                0x000009dd       0x2d c:/program files (x86)/atmel/studio/7.0/toolchain/arm/arm-gnu-toolchain/bin/../lib/gcc/arm-none-eabi/6.3.1/../../../../arm-none-eabi/lib/thumb/v7-m\libc.a(lib_a-sbrkr.o)
 .ARM.attributes
                0x00000a0a       0x2d c:/program files (x86)/atmel/studio/7.0/toolchain/arm/arm-gnu-toolchain/bin/../lib/gcc/arm-none-eabi/6.3.1/../../../../arm-none-eabi/lib/thumb/v7-m\libc.a(lib_a-stdio.o)
 .ARM.attributes
                0x00000a37       0x2d c:/program files (x86)/atmel/studio/7.0/toolchain/arm/arm-gnu-toolchain/bin/../lib/gcc/arm-none-eabi/6.3.1/../../../../arm-none-eabi/lib/thumb/v7-m\libc.a(lib_a-strlen-stub.o)
 .ARM.attributes
                0x00000a64       0x2d c:/program files (x86)/atmel/studio/7.0/toolchain/arm/arm-gnu-toolchain/bin/../lib/gcc/arm-none-eabi/6.3.1/../../../../arm-none-eabi/lib/thumb/v7-m\libc.a(lib_a-wbuf.o)
 .ARM.attributes
                0x00000a91       0x2d c:/program files (x86)/atmel/studio/7.0/toolchain/arm/arm-gnu-toolchain/bin/../lib/gcc/arm-none-eabi/6.3.1/../../../../arm-none-eabi/lib/thumb/v7-m\libc.a(lib_a-wcrtomb.o)
 .ARM.attributes
                0x00000abe       0x2d c:/program files (x86)/atmel/studio/7.0/toolchain/arm/arm-gnu-toolchain/bin/../lib/gcc/arm-none-eabi/6.3.1/../../../../arm-none-eabi/lib/thumb/v7-m\libc.a(lib_a-wctomb_r.o)
 .ARM.attributes
                0x00000aeb       0x2d c:/program files (x86)/atmel/studio/7.0/toolchain/arm/arm-gnu-toolchain/bin/../lib/gcc/arm-none-eabi/6.3.1/../../../../arm-none-eabi/lib/thumb/v7-m\libc.a(lib_a-writer.o)
 .ARM.attributes
                0x00000b18       0x2d c:/program files (x86)/atmel/studio/7.0/toolchain/arm/arm-gnu-toolchain/bin/../lib/gcc/arm-none-eabi/6.3.1/../../../../arm-none-eabi/lib/thumb/v7-m\libc.a(lib_a-__atexit.o)
 .ARM.attributes
                0x00000b45       0x2d c:/program files (x86)/atmel/studio/7.0/toolchain/arm/arm-gnu-toolchain/bin/../lib/gcc/arm-none-eabi/6.3.1/../../../../arm-none-eabi/lib/thumb/v7-m\libc.a(lib_a-closer.o)
 .ARM.attributes
                0x00000b72       0x2d c:/program files (x86)/atmel/studio/7.0/toolchain/arm/arm-gnu-toolchain/bin/../lib/gcc/arm-none-eabi/6.3.1/../../../../arm-none-eabi/lib/thumb/v7-m\libc.a(lib_a-ctype_.o)
 .ARM.attributes
                0x00000b9f       0x2d c:/program files (x86)/atmel/studio/7.0/toolchain/arm/arm-gnu-toolchain/bin/../lib/gcc/arm-none-eabi/6.3.1/../../../../arm-none-eabi/lib/thumb/v7-m\libc.a(lib_a-fclose.o)
 .ARM.attributes
                0x00000bcc       0x2d c:/program files (x86)/atmel/studio/7.0/toolchain/arm/arm-gnu-toolchain/bin/../lib/gcc/arm-none-eabi/6.3.1/../../../../arm-none-eabi/lib/thumb/v7-m\libc.a(lib_a-fstatr.o)
 .ARM.attributes
                0x00000bf9       0x2d c:/program files (x86)/atmel/studio/7.0/toolchain/arm/arm-gnu-toolchain/bin/../lib/gcc/arm-none-eabi/6.3.1/../../../../arm-none-eabi/lib/thumb/v7-m\libc.a(lib_a-isattyr.o)
 .ARM.attributes
                0x00000c26       0x2d c:/program files (x86)/atmel/studio/7.0/toolchain/arm/arm-gnu-toolchain/bin/../lib/gcc/arm-none-eabi/6.3.1/../../../../arm-none-eabi/lib/thumb/v7-m\libc.a(lib_a-lseekr.o)
 .ARM.attributes
                0x00000c53       0x2d c:/program files (x86)/atmel/studio/7.0/toolchain/arm/arm-gnu-toolchain/bin/../lib/gcc/arm-none-eabi/6.3.1/../../../../arm-none-eabi/lib/thumb/v7-m\libc.a(lib_a-readr.o)
 .ARM.attributes
                0x00000c80       0x2d c:/program files (x86)/atmel/studio/7.0/toolchain/arm/arm-gnu-toolchain/bin/../lib/gcc/arm-none-eabi/6.3.1/../../../../arm-none-eabi/lib/thumb/v7-m\libc.a(lib_a-reent.o)
 .ARM.attributes
                0x00000cad       0x1d c:/program files (x86)/atmel/studio/7.0/toolchain/arm/arm-gnu-toolchain/bin/../lib/gcc/arm-none-eabi/6.3.1/thumb/v7-m\libgcc.a(_aeabi_uldivmod.o)
 .ARM.attributes
                0x00000cca       0x2d c:/program files (x86)/atmel/studio/7.0/toolchain/arm/arm-gnu-toolchain/bin/../lib/gcc/arm-none-eabi/6.3.1/thumb/v7-m\libgcc.a(_udivmoddi4.o)
 .ARM.attributes
                0x00000cf7       0x1d c:/program files (x86)/atmel/studio/7.0/toolchain/arm/arm-gnu-toolchain/bin/../lib/gcc/arm-none-eabi/6.3.1/thumb/v7-m\libgcc.a(_dvmd_tls.o)
 .ARM.attributes
                0x00000d14       0x1d c:/program files (x86)/atmel/studio/7.0/toolchain/arm/arm-gnu-toolchain/bin/../lib/gcc/arm-none-eabi/6.3.1/thumb/v7-m/crtn.o

.comment        0x00000000       0x59
 .comment       0x00000000       0x59 src/driving.o
                                 0x5a (size before relaxing)
 .comment       0x00000059       0x5a src/pulse.o
 .comment       0x00000059       0x5a src/test_cases.o
 .comment       0x00000059       0x5a src/ASF/common/services/delay/sam/cycle_counter.o
 .comment       0x00000059       0x5a src/ASF/common/utils/stdio/read.o
 .comment       0x00000059       0x5a src/ASF/sam/drivers/usart/usart.o
 .comment       0x00000059       0x5a src/ASF/thirdparty/wireless/addons/sio2host/uart/sio2host.o
 .comment       0x00000059       0x5a src/ASF/common/utils/stdio/write.o
 .comment       0x00000059       0x5a src/ASF/common/services/serial/usart_serial.o
 .comment       0x00000059       0x5a src/ASF/sam/drivers/tc/tc.o
 .comment       0x00000059       0x5a src/ASF/sam/drivers/uart/uart.o
 .comment       0x00000059       0x5a src/ASF/common/services/clock/sam3x/sysclk.o
 .comment       0x00000059       0x5a src/ASF/common/utils/interrupt/interrupt_sam_nvic.o
 .comment       0x00000059       0x5a src/ASF/sam/boards/arduino_due_x/init.o
 .comment       0x00000059       0x5a src/ASF/sam/drivers/pio/pio.o
 .comment       0x00000059       0x5a src/ASF/sam/drivers/pio/pio_handler.o
 .comment       0x00000059       0x5a src/ASF/sam/drivers/pmc/pmc.o
 .comment       0x00000059       0x5a src/ASF/sam/utils/cmsis/sam3x/source/templates/exceptions.o
 .comment       0x00000059       0x5a src/ASF/sam/utils/cmsis/sam3x/source/templates/gcc/startup_sam3x.o
 .comment       0x00000059       0x5a src/ASF/sam/utils/cmsis/sam3x/source/templates/system_sam3x.o
 .comment       0x00000059       0x5a src/ASF/sam/utils/syscalls/gcc/syscalls.o
 .comment       0x00000059       0x5a src/main.o

.debug_info     0x00000000    0x18fb1
 .debug_info    0x00000000     0x1569 src/driving.o
 .debug_info    0x00001569     0x168c src/pulse.o
 .debug_info    0x00002bf5      0xde0 src/test_cases.o
 .debug_info    0x000039d5      0xa45 src/ASF/common/services/delay/sam/cycle_counter.o
 .debug_info    0x0000441a      0xac9 src/ASF/common/utils/stdio/read.o
 .debug_info    0x00004ee3     0x24e6 src/ASF/sam/drivers/usart/usart.o
 .debug_info    0x000073c9     0x19a3 src/ASF/thirdparty/wireless/addons/sio2host/uart/sio2host.o
 .debug_info    0x00008d6c      0xac6 src/ASF/common/utils/stdio/write.o
 .debug_info    0x00009832     0x113c src/ASF/common/services/serial/usart_serial.o
 .debug_info    0x0000a96e     0x1260 src/ASF/sam/drivers/tc/tc.o
 .debug_info    0x0000bbce     0x119e src/ASF/sam/drivers/uart/uart.o
 .debug_info    0x0000cd6c     0x11ad src/ASF/common/services/clock/sam3x/sysclk.o
 .debug_info    0x0000df19      0xb01 src/ASF/common/utils/interrupt/interrupt_sam_nvic.o
 .debug_info    0x0000ea1a     0x108a src/ASF/sam/boards/arduino_due_x/init.o
 .debug_info    0x0000faa4     0x1c61 src/ASF/sam/drivers/pio/pio.o
 .debug_info    0x00011705     0x17be src/ASF/sam/drivers/pio/pio_handler.o
 .debug_info    0x00012ec3     0x19df src/ASF/sam/drivers/pmc/pmc.o
 .debug_info    0x000148a2      0xa39 src/ASF/sam/utils/cmsis/sam3x/source/templates/exceptions.o
 .debug_info    0x000152db      0xd1b src/ASF/sam/utils/cmsis/sam3x/source/templates/gcc/startup_sam3x.o
 .debug_info    0x00015ff6      0xdc2 src/ASF/sam/utils/cmsis/sam3x/source/templates/system_sam3x.o
 .debug_info    0x00016db8      0xdb0 src/ASF/sam/utils/syscalls/gcc/syscalls.o
 .debug_info    0x00017b68     0x1449 src/main.o

.debug_abbrev   0x00000000     0x3b08
 .debug_abbrev  0x00000000      0x368 src/driving.o
 .debug_abbrev  0x00000368      0x314 src/pulse.o
 .debug_abbrev  0x0000067c      0x25b src/test_cases.o
 .debug_abbrev  0x000008d7      0x1b3 src/ASF/common/services/delay/sam/cycle_counter.o
 .debug_abbrev  0x00000a8a      0x1fe src/ASF/common/utils/stdio/read.o
 .debug_abbrev  0x00000c88      0x406 src/ASF/sam/drivers/usart/usart.o
 .debug_abbrev  0x0000108e      0x3ea src/ASF/thirdparty/wireless/addons/sio2host/uart/sio2host.o
 .debug_abbrev  0x00001478      0x1e9 src/ASF/common/utils/stdio/write.o
 .debug_abbrev  0x00001661      0x2b1 src/ASF/common/services/serial/usart_serial.o
 .debug_abbrev  0x00001912      0x293 src/ASF/sam/drivers/tc/tc.o
 .debug_abbrev  0x00001ba5      0x288 src/ASF/sam/drivers/uart/uart.o
 .debug_abbrev  0x00001e2d      0x330 src/ASF/common/services/clock/sam3x/sysclk.o
 .debug_abbrev  0x0000215d      0x212 src/ASF/common/utils/interrupt/interrupt_sam_nvic.o
 .debug_abbrev  0x0000236f      0x262 src/ASF/sam/boards/arduino_due_x/init.o
 .debug_abbrev  0x000025d1      0x3c7 src/ASF/sam/drivers/pio/pio.o
 .debug_abbrev  0x00002998      0x329 src/ASF/sam/drivers/pio/pio_handler.o
 .debug_abbrev  0x00002cc1      0x306 src/ASF/sam/drivers/pmc/pmc.o
 .debug_abbrev  0x00002fc7      0x1a4 src/ASF/sam/utils/cmsis/sam3x/source/templates/exceptions.o
 .debug_abbrev  0x0000316b      0x1f2 src/ASF/sam/utils/cmsis/sam3x/source/templates/gcc/startup_sam3x.o
 .debug_abbrev  0x0000335d      0x1f4 src/ASF/sam/utils/cmsis/sam3x/source/templates/system_sam3x.o
 .debug_abbrev  0x00003551      0x264 src/ASF/sam/utils/syscalls/gcc/syscalls.o
 .debug_abbrev  0x000037b5      0x353 src/main.o

.debug_loc      0x00000000     0x4a7a
 .debug_loc     0x00000000      0x2cb src/driving.o
 .debug_loc     0x000002cb      0x208 src/pulse.o
 .debug_loc     0x000004d3      0x172 src/test_cases.o
 .debug_loc     0x00000645       0xb3 src/ASF/common/utils/stdio/read.o
 .debug_loc     0x000006f8     0x1062 src/ASF/sam/drivers/usart/usart.o
 .debug_loc     0x0000175a      0x5b0 src/ASF/thirdparty/wireless/addons/sio2host/uart/sio2host.o
 .debug_loc     0x00001d0a      0x12b src/ASF/common/utils/stdio/write.o
 .debug_loc     0x00001e35      0x2a7 src/ASF/common/services/serial/usart_serial.o
 .debug_loc     0x000020dc      0x5a4 src/ASF/sam/drivers/tc/tc.o
 .debug_loc     0x00002680      0x241 src/ASF/sam/drivers/uart/uart.o
 .debug_loc     0x000028c1      0x183 src/ASF/common/services/clock/sam3x/sysclk.o
 .debug_loc     0x00002a44       0x70 src/ASF/sam/boards/arduino_due_x/init.o
 .debug_loc     0x00002ab4      0xacc src/ASF/sam/drivers/pio/pio.o
 .debug_loc     0x00003580      0x569 src/ASF/sam/drivers/pio/pio_handler.o
 .debug_loc     0x00003ae9      0xaeb src/ASF/sam/drivers/pmc/pmc.o
 .debug_loc     0x000045d4       0x6b src/ASF/sam/utils/cmsis/sam3x/source/templates/gcc/startup_sam3x.o
 .debug_loc     0x0000463f       0xfd src/ASF/sam/utils/syscalls/gcc/syscalls.o
 .debug_loc     0x0000473c      0x33e src/main.o

.debug_aranges  0x00000000      0xb28
 .debug_aranges
                0x00000000       0x48 src/driving.o
 .debug_aranges
                0x00000048       0x38 src/pulse.o
 .debug_aranges
                0x00000080       0x38 src/test_cases.o
 .debug_aranges
                0x000000b8       0x20 src/ASF/common/services/delay/sam/cycle_counter.o
 .debug_aranges
                0x000000d8       0x20 src/ASF/common/utils/stdio/read.o
 .debug_aranges
                0x000000f8      0x2a8 src/ASF/sam/drivers/usart/usart.o
 .debug_aranges
                0x000003a0       0x60 src/ASF/thirdparty/wireless/addons/sio2host/uart/sio2host.o
 .debug_aranges
                0x00000400       0x20 src/ASF/common/utils/stdio/write.o
 .debug_aranges
                0x00000420       0x28 src/ASF/common/services/serial/usart_serial.o
 .debug_aranges
                0x00000448       0xd0 src/ASF/sam/drivers/tc/tc.o
 .debug_aranges
                0x00000518       0xe8 src/ASF/sam/drivers/uart/uart.o
 .debug_aranges
                0x00000600       0x40 src/ASF/common/services/clock/sam3x/sysclk.o
 .debug_aranges
                0x00000640       0x28 src/ASF/common/utils/interrupt/interrupt_sam_nvic.o
 .debug_aranges
                0x00000668       0x20 src/ASF/sam/boards/arduino_due_x/init.o
 .debug_aranges
                0x00000688      0x148 src/ASF/sam/drivers/pio/pio.o
 .debug_aranges
                0x000007d0       0x58 src/ASF/sam/drivers/pio/pio_handler.o
 .debug_aranges
                0x00000828      0x200 src/ASF/sam/drivers/pmc/pmc.o
 .debug_aranges
                0x00000a28       0x20 src/ASF/sam/utils/cmsis/sam3x/source/templates/exceptions.o
 .debug_aranges
                0x00000a48       0x20 src/ASF/sam/utils/cmsis/sam3x/source/templates/gcc/startup_sam3x.o
 .debug_aranges
                0x00000a68       0x30 src/ASF/sam/utils/cmsis/sam3x/source/templates/system_sam3x.o
 .debug_aranges
                0x00000a98       0x60 src/ASF/sam/utils/syscalls/gcc/syscalls.o
 .debug_aranges
                0x00000af8       0x30 src/main.o

.debug_ranges   0x00000000      0xa28
 .debug_ranges  0x00000000       0x38 src/driving.o
 .debug_ranges  0x00000038       0x28 src/pulse.o
 .debug_ranges  0x00000060       0x28 src/test_cases.o
 .debug_ranges  0x00000088       0x10 src/ASF/common/services/delay/sam/cycle_counter.o
 .debug_ranges  0x00000098       0x10 src/ASF/common/utils/stdio/read.o
 .debug_ranges  0x000000a8      0x298 src/ASF/sam/drivers/usart/usart.o
 .debug_ranges  0x00000340       0x50 src/ASF/thirdparty/wireless/addons/sio2host/uart/sio2host.o
 .debug_ranges  0x00000390       0x10 src/ASF/common/utils/stdio/write.o
 .debug_ranges  0x000003a0       0x48 src/ASF/common/services/serial/usart_serial.o
 .debug_ranges  0x000003e8       0xc0 src/ASF/sam/drivers/tc/tc.o
 .debug_ranges  0x000004a8       0xd8 src/ASF/sam/drivers/uart/uart.o
 .debug_ranges  0x00000580       0x30 src/ASF/common/services/clock/sam3x/sysclk.o
 .debug_ranges  0x000005b0       0x18 src/ASF/common/utils/interrupt/interrupt_sam_nvic.o
 .debug_ranges  0x000005c8       0x10 src/ASF/sam/boards/arduino_due_x/init.o
 .debug_ranges  0x000005d8      0x150 src/ASF/sam/drivers/pio/pio.o
 .debug_ranges  0x00000728       0x60 src/ASF/sam/drivers/pio/pio_handler.o
 .debug_ranges  0x00000788      0x1f0 src/ASF/sam/drivers/pmc/pmc.o
 .debug_ranges  0x00000978       0x10 src/ASF/sam/utils/cmsis/sam3x/source/templates/exceptions.o
 .debug_ranges  0x00000988       0x10 src/ASF/sam/utils/cmsis/sam3x/source/templates/gcc/startup_sam3x.o
 .debug_ranges  0x00000998       0x20 src/ASF/sam/utils/cmsis/sam3x/source/templates/system_sam3x.o
 .debug_ranges  0x000009b8       0x50 src/ASF/sam/utils/syscalls/gcc/syscalls.o
 .debug_ranges  0x00000a08       0x20 src/main.o

.debug_macro    0x00000000    0x1a9bc
 .debug_macro   0x00000000      0x6aa src/driving.o
 .debug_macro   0x000006aa      0x8ce src/driving.o
 .debug_macro   0x00000f78      0x16d src/driving.o
 .debug_macro   0x000010e5      0x64b src/driving.o
 .debug_macro   0x00001730       0x76 src/driving.o
 .debug_macro   0x000017a6       0x16 src/driving.o
 .debug_macro   0x000017bc      0x6e4 src/driving.o
 .debug_macro   0x00001ea0       0x22 src/driving.o
 .debug_macro   0x00001ec2       0x87 src/driving.o
 .debug_macro   0x00001f49       0x51 src/driving.o
 .debug_macro   0x00001f9a       0xef src/driving.o
 .debug_macro   0x00002089       0x6a src/driving.o
 .debug_macro   0x000020f3      0x1df src/driving.o
 .debug_macro   0x000022d2       0x20 src/driving.o
 .debug_macro   0x000022f2       0x3a src/driving.o
 .debug_macro   0x0000232c       0x2d src/driving.o
 .debug_macro   0x00002359      0xbb1 src/driving.o
 .debug_macro   0x00002f0a      0xab6 src/driving.o
 .debug_macro   0x000039c0      0x569 src/driving.o
 .debug_macro   0x00003f29      0x2b5 src/driving.o
 .debug_macro   0x000041de      0x31a src/driving.o
 .debug_macro   0x000044f8      0x74f src/driving.o
 .debug_macro   0x00004c47       0x82 src/driving.o
 .debug_macro   0x00004cc9      0x57b src/driving.o
 .debug_macro   0x00005244       0x1c src/driving.o
 .debug_macro   0x00005260      0x6b7 src/driving.o
 .debug_macro   0x00005917      0x52d src/driving.o
 .debug_macro   0x00005e44       0xbe src/driving.o
 .debug_macro   0x00005f02     0x2342 src/driving.o
 .debug_macro   0x00008244      0x85d src/driving.o
 .debug_macro   0x00008aa1      0xdc9 src/driving.o
 .debug_macro   0x0000986a       0x7c src/driving.o
 .debug_macro   0x000098e6      0x263 src/driving.o
 .debug_macro   0x00009b49       0x58 src/driving.o
 .debug_macro   0x00009ba1      0x9a7 src/driving.o
 .debug_macro   0x0000a548      0x248 src/driving.o
 .debug_macro   0x0000a790      0x4df src/driving.o
 .debug_macro   0x0000ac6f      0x6b3 src/driving.o
 .debug_macro   0x0000b322      0x59f src/driving.o
 .debug_macro   0x0000b8c1       0x46 src/driving.o
 .debug_macro   0x0000b907      0x34d src/driving.o
 .debug_macro   0x0000bc54      0x28c src/driving.o
 .debug_macro   0x0000bee0     0x14d7 src/driving.o
 .debug_macro   0x0000d3b7      0x7ba src/driving.o
 .debug_macro   0x0000db71       0x76 src/driving.o
 .debug_macro   0x0000dbe7       0x82 src/driving.o
 .debug_macro   0x0000dc69       0x76 src/driving.o
 .debug_macro   0x0000dcdf       0x4c src/driving.o
 .debug_macro   0x0000dd2b      0x105 src/driving.o
 .debug_macro   0x0000de30      0x105 src/driving.o
 .debug_macro   0x0000df35      0x105 src/driving.o
 .debug_macro   0x0000e03a       0x88 src/driving.o
 .debug_macro   0x0000e0c2       0x88 src/driving.o
 .debug_macro   0x0000e14a      0x3b4 src/driving.o
 .debug_macro   0x0000e4fe       0xb8 src/driving.o
 .debug_macro   0x0000e5b6       0xb8 src/driving.o
 .debug_macro   0x0000e66e       0xb8 src/driving.o
 .debug_macro   0x0000e726       0xb8 src/driving.o
 .debug_macro   0x0000e7de      0x2b8 src/driving.o
 .debug_macro   0x0000ea96      0x125 src/driving.o
 .debug_macro   0x0000ebbb      0x225 src/driving.o
 .debug_macro   0x0000ede0      0x225 src/driving.o
 .debug_macro   0x0000f005       0x2e src/driving.o
 .debug_macro   0x0000f033       0xac src/driving.o
 .debug_macro   0x0000f0df      0x14d src/driving.o
 .debug_macro   0x0000f22c       0x7c src/driving.o
 .debug_macro   0x0000f2a8      0x205 src/driving.o
 .debug_macro   0x0000f4ad       0x64 src/driving.o
 .debug_macro   0x0000f511       0xa6 src/driving.o
 .debug_macro   0x0000f5b7       0x7c src/driving.o
 .debug_macro   0x0000f633       0x16 src/driving.o
 .debug_macro   0x0000f649       0x22 src/driving.o
 .debug_macro   0x0000f66b       0x22 src/driving.o
 .debug_macro   0x0000f68d      0x115 src/driving.o
 .debug_macro   0x0000f7a2      0x115 src/driving.o
 .debug_macro   0x0000f8b7      0x115 src/driving.o
 .debug_macro   0x0000f9cc      0x115 src/driving.o
 .debug_macro   0x0000fae1       0x1c src/driving.o
 .debug_macro   0x0000fafd       0x2e src/driving.o
 .debug_macro   0x0000fb2b       0x22 src/driving.o
 .debug_macro   0x0000fb4d       0x1c src/driving.o
 .debug_macro   0x0000fb69       0x58 src/driving.o
 .debug_macro   0x0000fbc1       0x10 src/driving.o
 .debug_macro   0x0000fbd1      0x273 src/driving.o
 .debug_macro   0x0000fe44      0xd43 src/driving.o
 .debug_macro   0x00010b87      0x131 src/driving.o
 .debug_macro   0x00010cb8       0x58 src/driving.o
 .debug_macro   0x00010d10       0x35 src/driving.o
 .debug_macro   0x00010d45       0x9c src/driving.o
 .debug_macro   0x00010de1       0x16 src/driving.o
 .debug_macro   0x00010df7       0x35 src/driving.o
 .debug_macro   0x00010e2c      0x353 src/driving.o
 .debug_macro   0x0001117f       0x10 src/driving.o
 .debug_macro   0x0001118f       0x58 src/driving.o
 .debug_macro   0x000111e7       0x1f src/driving.o
 .debug_macro   0x00011206       0x43 src/driving.o
 .debug_macro   0x00011249       0x20 src/driving.o
 .debug_macro   0x00011269      0x187 src/driving.o
 .debug_macro   0x000113f0       0x10 src/driving.o
 .debug_macro   0x00011400       0x1c src/driving.o
 .debug_macro   0x0001141c       0x52 src/driving.o
 .debug_macro   0x0001146e       0x40 src/driving.o
 .debug_macro   0x000114ae       0x10 src/driving.o
 .debug_macro   0x000114be       0x40 src/driving.o
 .debug_macro   0x000114fe       0xd7 src/driving.o
 .debug_macro   0x000115d5       0x16 src/driving.o
 .debug_macro   0x000115eb      0x18b src/driving.o
 .debug_macro   0x00011776       0x22 src/driving.o
 .debug_macro   0x00011798       0x16 src/driving.o
 .debug_macro   0x000117ae       0x16 src/driving.o
 .debug_macro   0x000117c4       0x29 src/driving.o
 .debug_macro   0x000117ed       0x75 src/driving.o
 .debug_macro   0x00011862       0x45 src/driving.o
 .debug_macro   0x000118a7      0x3ca src/driving.o
 .debug_macro   0x00011c71       0x34 src/driving.o
 .debug_macro   0x00011ca5      0x2c6 src/driving.o
 .debug_macro   0x00011f6b      0x790 src/driving.o
 .debug_macro   0x000126fb       0x5e src/driving.o
 .debug_macro   0x00012759       0x64 src/driving.o
 .debug_macro   0x000127bd       0x5f src/driving.o
 .debug_macro   0x0001281c       0x90 src/driving.o
 .debug_macro   0x000128ac       0x28 src/driving.o
 .debug_macro   0x000128d4       0x23 src/driving.o
 .debug_macro   0x000128f7       0x94 src/driving.o
 .debug_macro   0x0001298b       0x40 src/driving.o
 .debug_macro   0x000129cb       0x70 src/driving.o
 .debug_macro   0x00012a3b       0x34 src/driving.o
 .debug_macro   0x00012a6f       0x1c src/driving.o
 .debug_macro   0x00012a8b       0x2e src/driving.o
 .debug_macro   0x00012ab9       0x1c src/driving.o
 .debug_macro   0x00012ad5       0x2e src/driving.o
 .debug_macro   0x00012b03      0x6aa src/pulse.o
 .debug_macro   0x000131ad      0x6aa src/test_cases.o
 .debug_macro   0x00013857      0x55f src/ASF/common/services/delay/sam/cycle_counter.o
 .debug_macro   0x00013db6       0x22 src/ASF/common/services/delay/sam/cycle_counter.o
 .debug_macro   0x00013dd8      0x550 src/ASF/common/utils/stdio/read.o
 .debug_macro   0x00014328      0x59b src/ASF/sam/drivers/usart/usart.o
 .debug_macro   0x000148c3       0x28 src/ASF/sam/drivers/usart/usart.o
 .debug_macro   0x000148eb      0x6aa src/ASF/thirdparty/wireless/addons/sio2host/uart/sio2host.o
 .debug_macro   0x00014f95       0x40 src/ASF/thirdparty/wireless/addons/sio2host/uart/sio2host.o
 .debug_macro   0x00014fd5      0x550 src/ASF/common/utils/stdio/write.o
 .debug_macro   0x00015525      0x60a src/ASF/common/services/serial/usart_serial.o
 .debug_macro   0x00015b2f      0x56c src/ASF/sam/drivers/tc/tc.o
 .debug_macro   0x0001609b       0x52 src/ASF/sam/drivers/tc/tc.o
 .debug_macro   0x000160ed       0x8d src/ASF/sam/drivers/tc/tc.o
 .debug_macro   0x0001617a       0x16 src/ASF/sam/drivers/tc/tc.o
 .debug_macro   0x00016190       0x57 src/ASF/sam/drivers/tc/tc.o
 .debug_macro   0x000161e7       0x1c src/ASF/sam/drivers/tc/tc.o
 .debug_macro   0x00016203      0x55f src/ASF/sam/drivers/uart/uart.o
 .debug_macro   0x00016762       0x16 src/ASF/sam/drivers/uart/uart.o
 .debug_macro   0x00016778      0x5d1 src/ASF/common/services/clock/sam3x/sysclk.o
 .debug_macro   0x00016d49      0x2c0 src/ASF/common/services/clock/sam3x/sysclk.o
 .debug_macro   0x00017009      0x55a src/ASF/common/utils/interrupt/interrupt_sam_nvic.o
 .debug_macro   0x00017563       0x3f src/ASF/common/utils/interrupt/interrupt_sam_nvic.o
 .debug_macro   0x000175a2      0x616 src/ASF/sam/boards/arduino_due_x/init.o
 .debug_macro   0x00017bb8       0x16 src/ASF/sam/boards/arduino_due_x/init.o
 .debug_macro   0x00017bce       0x6a src/ASF/sam/boards/arduino_due_x/init.o
 .debug_macro   0x00017c38      0x56b src/ASF/sam/drivers/pio/pio.o
 .debug_macro   0x000181a3       0x8e src/ASF/sam/drivers/pio/pio.o
 .debug_macro   0x00018231      0x56f src/ASF/sam/drivers/pio/pio_handler.o
 .debug_macro   0x000187a0      0x565 src/ASF/sam/drivers/pmc/pmc.o
 .debug_macro   0x00018d05       0x58 src/ASF/sam/drivers/pmc/pmc.o
 .debug_macro   0x00018d5d      0x564 src/ASF/sam/utils/cmsis/sam3x/source/templates/exceptions.o
 .debug_macro   0x000192c1      0x572 src/ASF/sam/utils/cmsis/sam3x/source/templates/gcc/startup_sam3x.o
 .debug_macro   0x00019833      0x572 src/ASF/sam/utils/cmsis/sam3x/source/templates/system_sam3x.o
 .debug_macro   0x00019da5       0x26 src/ASF/sam/utils/cmsis/sam3x/source/templates/system_sam3x.o
 .debug_macro   0x00019dcb      0x1d6 src/ASF/sam/utils/syscalls/gcc/syscalls.o
 .debug_macro   0x00019fa1       0x97 src/ASF/sam/utils/syscalls/gcc/syscalls.o
 .debug_macro   0x0001a038       0xf6 src/ASF/sam/utils/syscalls/gcc/syscalls.o
 .debug_macro   0x0001a12e       0x4c src/ASF/sam/utils/syscalls/gcc/syscalls.o
 .debug_macro   0x0001a17a       0x16 src/ASF/sam/utils/syscalls/gcc/syscalls.o
 .debug_macro   0x0001a190       0x10 src/ASF/sam/utils/syscalls/gcc/syscalls.o
 .debug_macro   0x0001a1a0       0x10 src/ASF/sam/utils/syscalls/gcc/syscalls.o
 .debug_macro   0x0001a1b0       0x35 src/ASF/sam/utils/syscalls/gcc/syscalls.o
 .debug_macro   0x0001a1e5      0x122 src/ASF/sam/utils/syscalls/gcc/syscalls.o
 .debug_macro   0x0001a307      0x6b5 src/main.o

.debug_line     0x00000000    0x121cb
 .debug_line    0x00000000      0xfac src/driving.o
 .debug_line    0x00000fac      0xf7d src/pulse.o
 .debug_line    0x00001f29      0xf5c src/test_cases.o
 .debug_line    0x00002e85      0xb4e src/ASF/common/services/delay/sam/cycle_counter.o
 .debug_line    0x000039d3      0xb48 src/ASF/common/utils/stdio/read.o
 .debug_line    0x0000451b     0x1222 src/ASF/sam/drivers/usart/usart.o
 .debug_line    0x0000573d     0x10d1 src/ASF/thirdparty/wireless/addons/sio2host/uart/sio2host.o
 .debug_line    0x0000680e      0xb40 src/ASF/common/utils/stdio/write.o
 .debug_line    0x0000734e      0xd98 src/ASF/common/services/serial/usart_serial.o
 .debug_line    0x000080e6      0xce6 src/ASF/sam/drivers/tc/tc.o
 .debug_line    0x00008dcc      0xcfb src/ASF/sam/drivers/uart/uart.o
 .debug_line    0x00009ac7      0xcba src/ASF/common/services/clock/sam3x/sysclk.o
 .debug_line    0x0000a781      0xb62 src/ASF/common/utils/interrupt/interrupt_sam_nvic.o
 .debug_line    0x0000b2e3      0xd4d src/ASF/sam/boards/arduino_due_x/init.o
 .debug_line    0x0000c030      0xec9 src/ASF/sam/drivers/pio/pio.o
 .debug_line    0x0000cef9      0xc0d src/ASF/sam/drivers/pio/pio_handler.o
 .debug_line    0x0000db06     0x10c0 src/ASF/sam/drivers/pmc/pmc.o
 .debug_line    0x0000ebc6      0xb23 src/ASF/sam/utils/cmsis/sam3x/source/templates/exceptions.o
 .debug_line    0x0000f6e9      0xb6c src/ASF/sam/utils/cmsis/sam3x/source/templates/gcc/startup_sam3x.o
 .debug_line    0x00010255      0xb9e src/ASF/sam/utils/cmsis/sam3x/source/templates/system_sam3x.o
 .debug_line    0x00010df3      0x40b src/ASF/sam/utils/syscalls/gcc/syscalls.o
 .debug_line    0x000111fe      0xfcd src/main.o

.debug_str      0x00000000    0x648c0
 .debug_str     0x00000000    0x612c7 src/driving.o
                              0x61701 (size before relaxing)
 .debug_str     0x000612c7      0x16d src/pulse.o
                              0x6168a (size before relaxing)
 .debug_str     0x00061434       0x60 src/test_cases.o
                              0x61344 (size before relaxing)
 .debug_str     0x00061494       0x7e src/ASF/common/services/delay/sam/cycle_counter.o
                              0x5c938 (size before relaxing)
 .debug_str     0x00061512       0x2c src/ASF/common/utils/stdio/read.o
                              0x5c7bd (size before relaxing)
 .debug_str     0x0006153e      0xbbc src/ASF/sam/drivers/usart/usart.o
                              0x5d43a (size before relaxing)
 .debug_str     0x000620fa      0x8ad src/ASF/thirdparty/wireless/addons/sio2host/uart/sio2host.o
                              0x61ce4 (size before relaxing)
 .debug_str     0x000629a7       0x26 src/ASF/common/utils/stdio/write.o
                              0x5c7be (size before relaxing)
 .debug_str     0x000629cd       0x31 src/ASF/common/services/serial/usart_serial.o
                              0x60988 (size before relaxing)
 .debug_str     0x000629fe      0x2d8 src/ASF/sam/drivers/tc/tc.o
                              0x5cb6c (size before relaxing)
 .debug_str     0x00062cd6      0x1ee src/ASF/sam/drivers/uart/uart.o
                              0x5cb89 (size before relaxing)
 .debug_str     0x00062ec4      0x352 src/ASF/common/services/clock/sam3x/sysclk.o
                              0x6086f (size before relaxing)
 .debug_str     0x00063216       0x73 src/ASF/common/utils/interrupt/interrupt_sam_nvic.o
                              0x5c814 (size before relaxing)
 .debug_str     0x00063289       0xc9 src/ASF/sam/boards/arduino_due_x/init.o
                              0x60f51 (size before relaxing)
 .debug_str     0x00063352      0x3e4 src/ASF/sam/drivers/pio/pio.o
                              0x5d168 (size before relaxing)
 .debug_str     0x00063736      0x1bf src/ASF/sam/drivers/pio/pio_handler.o
                              0x5d261 (size before relaxing)
 .debug_str     0x000638f5      0x569 src/ASF/sam/drivers/pmc/pmc.o
                              0x5d1e4 (size before relaxing)
 .debug_str     0x00063e5e       0x4d src/ASF/sam/utils/cmsis/sam3x/source/templates/exceptions.o
                              0x5c7dd (size before relaxing)
 .debug_str     0x00063eab       0xd9 src/ASF/sam/utils/cmsis/sam3x/source/templates/gcc/startup_sam3x.o
                              0x5c8d9 (size before relaxing)
 .debug_str     0x00063f84      0x195 src/ASF/sam/utils/cmsis/sam3x/source/templates/system_sam3x.o
                              0x5cab5 (size before relaxing)
 .debug_str     0x00064119      0x774 src/ASF/sam/utils/syscalls/gcc/syscalls.o
                               0x7411 (size before relaxing)
 .debug_str     0x0006488d       0x33 src/main.o
                              0x616c9 (size before relaxing)

.debug_frame    0x00000000     0x25f8
 .debug_frame   0x00000000       0xa8 src/driving.o
 .debug_frame   0x000000a8       0x88 src/pulse.o
 .debug_frame   0x00000130       0x80 src/test_cases.o
 .debug_frame   0x000001b0       0x20 src/ASF/common/services/delay/sam/cycle_counter.o
 .debug_frame   0x000001d0       0x30 src/ASF/common/utils/stdio/read.o
 .debug_frame   0x00000200      0x5cc src/ASF/sam/drivers/usart/usart.o
 .debug_frame   0x000007cc      0x134 src/ASF/thirdparty/wireless/addons/sio2host/uart/sio2host.o
 .debug_frame   0x00000900       0x48 src/ASF/common/utils/stdio/write.o
 .debug_frame   0x00000948       0x80 src/ASF/common/services/serial/usart_serial.o
 .debug_frame   0x000009c8      0x1a8 src/ASF/sam/drivers/tc/tc.o
 .debug_frame   0x00000b70      0x1bc src/ASF/sam/drivers/uart/uart.o
 .debug_frame   0x00000d2c       0x88 src/ASF/common/services/clock/sam3x/sysclk.o
 .debug_frame   0x00000db4       0x30 src/ASF/common/utils/interrupt/interrupt_sam_nvic.o
 .debug_frame   0x00000de4       0x28 src/ASF/sam/boards/arduino_due_x/init.o
 .debug_frame   0x00000e0c      0x2b8 src/ASF/sam/drivers/pio/pio.o
 .debug_frame   0x000010c4       0xf8 src/ASF/sam/drivers/pio/pio_handler.o
 .debug_frame   0x000011bc      0x3ec src/ASF/sam/drivers/pmc/pmc.o
 .debug_frame   0x000015a8       0x20 src/ASF/sam/utils/cmsis/sam3x/source/templates/exceptions.o
 .debug_frame   0x000015c8       0x28 src/ASF/sam/utils/cmsis/sam3x/source/templates/gcc/startup_sam3x.o
 .debug_frame   0x000015f0       0x40 src/ASF/sam/utils/cmsis/sam3x/source/templates/system_sam3x.o
 .debug_frame   0x00001630       0xa0 src/ASF/sam/utils/syscalls/gcc/syscalls.o
 .debug_frame   0x000016d0       0x70 src/main.o
 .debug_frame   0x00001740       0xac c:/program files (x86)/atmel/studio/7.0/toolchain/arm/arm-gnu-toolchain/bin/../lib/gcc/arm-none-eabi/6.3.1/thumb/v7-m\libgcc.a(_arm_addsubdf3.o)
 .debug_frame   0x000017ec       0x50 c:/program files (x86)/atmel/studio/7.0/toolchain/arm/arm-gnu-toolchain/bin/../lib/gcc/arm-none-eabi/6.3.1/thumb/v7-m\libgcc.a(_arm_muldivdf3.o)
 .debug_frame   0x0000183c       0x24 c:/program files (x86)/atmel/studio/7.0/toolchain/arm/arm-gnu-toolchain/bin/../lib/gcc/arm-none-eabi/6.3.1/thumb/v7-m\libgcc.a(_arm_fixunsdfsi.o)
 .debug_frame   0x00001860       0x2c c:/program files (x86)/atmel/studio/7.0/toolchain/arm/arm-gnu-toolchain/bin/../lib/gcc/arm-none-eabi/6.3.1/../../../../arm-none-eabi/lib/thumb/v7-m\libc.a(lib_a-init.o)
 .debug_frame   0x0000188c       0x78 c:/program files (x86)/atmel/studio/7.0/toolchain/arm/arm-gnu-toolchain/bin/../lib/gcc/arm-none-eabi/6.3.1/../../../../arm-none-eabi/lib/thumb/v7-m\libc.a(lib_a-iprintf.o)
 .debug_frame   0x00001904       0x34 c:/program files (x86)/atmel/studio/7.0/toolchain/arm/arm-gnu-toolchain/bin/../lib/gcc/arm-none-eabi/6.3.1/../../../../arm-none-eabi/lib/thumb/v7-m\libc.a(lib_a-memset.o)
 .debug_frame   0x00001938       0x20 c:/program files (x86)/atmel/studio/7.0/toolchain/arm/arm-gnu-toolchain/bin/../lib/gcc/arm-none-eabi/6.3.1/../../../../arm-none-eabi/lib/thumb/v7-m\libc.a(lib_a-setbuf.o)
 .debug_frame   0x00001958       0x48 c:/program files (x86)/atmel/studio/7.0/toolchain/arm/arm-gnu-toolchain/bin/../lib/gcc/arm-none-eabi/6.3.1/../../../../arm-none-eabi/lib/thumb/v7-m\libc.a(lib_a-setvbuf.o)
 .debug_frame   0x000019a0       0xd8 c:/program files (x86)/atmel/studio/7.0/toolchain/arm/arm-gnu-toolchain/bin/../lib/gcc/arm-none-eabi/6.3.1/../../../../arm-none-eabi/lib/thumb/v7-m\libc.a(lib_a-vfiprintf.o)
 .debug_frame   0x00001a78       0x2c c:/program files (x86)/atmel/studio/7.0/toolchain/arm/arm-gnu-toolchain/bin/../lib/gcc/arm-none-eabi/6.3.1/../../../../arm-none-eabi/lib/thumb/v7-m\libc.a(lib_a-wsetup.o)
 .debug_frame   0x00001aa4       0x5c c:/program files (x86)/atmel/studio/7.0/toolchain/arm/arm-gnu-toolchain/bin/../lib/gcc/arm-none-eabi/6.3.1/../../../../arm-none-eabi/lib/thumb/v7-m\libc.a(lib_a-__call_atexit.o)
 .debug_frame   0x00001b00       0x20 c:/program files (x86)/atmel/studio/7.0/toolchain/arm/arm-gnu-toolchain/bin/../lib/gcc/arm-none-eabi/6.3.1/../../../../arm-none-eabi/lib/thumb/v7-m\libc.a(lib_a-atexit.o)
 .debug_frame   0x00001b20       0x5c c:/program files (x86)/atmel/studio/7.0/toolchain/arm/arm-gnu-toolchain/bin/../lib/gcc/arm-none-eabi/6.3.1/../../../../arm-none-eabi/lib/thumb/v7-m\libc.a(lib_a-fflush.o)
 .debug_frame   0x00001b7c      0x150 c:/program files (x86)/atmel/studio/7.0/toolchain/arm/arm-gnu-toolchain/bin/../lib/gcc/arm-none-eabi/6.3.1/../../../../arm-none-eabi/lib/thumb/v7-m\libc.a(lib_a-findfp.o)
 .debug_frame   0x00001ccc       0x34 c:/program files (x86)/atmel/studio/7.0/toolchain/arm/arm-gnu-toolchain/bin/../lib/gcc/arm-none-eabi/6.3.1/../../../../arm-none-eabi/lib/thumb/v7-m\libc.a(lib_a-fini.o)
 .debug_frame   0x00001d00       0x90 c:/program files (x86)/atmel/studio/7.0/toolchain/arm/arm-gnu-toolchain/bin/../lib/gcc/arm-none-eabi/6.3.1/../../../../arm-none-eabi/lib/thumb/v7-m\libc.a(lib_a-fputwc.o)
 .debug_frame   0x00001d90       0x74 c:/program files (x86)/atmel/studio/7.0/toolchain/arm/arm-gnu-toolchain/bin/../lib/gcc/arm-none-eabi/6.3.1/../../../../arm-none-eabi/lib/thumb/v7-m\libc.a(lib_a-freer.o)
 .debug_frame   0x00001e04       0x68 c:/program files (x86)/atmel/studio/7.0/toolchain/arm/arm-gnu-toolchain/bin/../lib/gcc/arm-none-eabi/6.3.1/../../../../arm-none-eabi/lib/thumb/v7-m\libc.a(lib_a-fvwrite.o)
 .debug_frame   0x00001e6c       0x54 c:/program files (x86)/atmel/studio/7.0/toolchain/arm/arm-gnu-toolchain/bin/../lib/gcc/arm-none-eabi/6.3.1/../../../../arm-none-eabi/lib/thumb/v7-m\libc.a(lib_a-fwalk.o)
 .debug_frame   0x00001ec0       0x6c c:/program files (x86)/atmel/studio/7.0/toolchain/arm/arm-gnu-toolchain/bin/../lib/gcc/arm-none-eabi/6.3.1/../../../../arm-none-eabi/lib/thumb/v7-m\libc.a(lib_a-locale.o)
 .debug_frame   0x00001f2c       0xb0 c:/program files (x86)/atmel/studio/7.0/toolchain/arm/arm-gnu-toolchain/bin/../lib/gcc/arm-none-eabi/6.3.1/../../../../arm-none-eabi/lib/thumb/v7-m\libc.a(lib_a-lock.o)
 .debug_frame   0x00001fdc       0x68 c:/program files (x86)/atmel/studio/7.0/toolchain/arm/arm-gnu-toolchain/bin/../lib/gcc/arm-none-eabi/6.3.1/../../../../arm-none-eabi/lib/thumb/v7-m\libc.a(lib_a-makebuf.o)
 .debug_frame   0x00002044       0x30 c:/program files (x86)/atmel/studio/7.0/toolchain/arm/arm-gnu-toolchain/bin/../lib/gcc/arm-none-eabi/6.3.1/../../../../arm-none-eabi/lib/thumb/v7-m\libc.a(lib_a-malloc.o)
 .debug_frame   0x00002074       0x54 c:/program files (x86)/atmel/studio/7.0/toolchain/arm/arm-gnu-toolchain/bin/../lib/gcc/arm-none-eabi/6.3.1/../../../../arm-none-eabi/lib/thumb/v7-m\libc.a(lib_a-mallocr.o)
 .debug_frame   0x000020c8       0x4c c:/program files (x86)/atmel/studio/7.0/toolchain/arm/arm-gnu-toolchain/bin/../lib/gcc/arm-none-eabi/6.3.1/../../../../arm-none-eabi/lib/thumb/v7-m\libc.a(lib_a-mbtowc_r.o)
 .debug_frame   0x00002114       0x34 c:/program files (x86)/atmel/studio/7.0/toolchain/arm/arm-gnu-toolchain/bin/../lib/gcc/arm-none-eabi/6.3.1/../../../../arm-none-eabi/lib/thumb/v7-m\libc.a(lib_a-memchr-stub.o)
 .debug_frame   0x00002148       0x30 c:/program files (x86)/atmel/studio/7.0/toolchain/arm/arm-gnu-toolchain/bin/../lib/gcc/arm-none-eabi/6.3.1/../../../../arm-none-eabi/lib/thumb/v7-m\libc.a(lib_a-memmove.o)
 .debug_frame   0x00002178       0x30 c:/program files (x86)/atmel/studio/7.0/toolchain/arm/arm-gnu-toolchain/bin/../lib/gcc/arm-none-eabi/6.3.1/../../../../arm-none-eabi/lib/thumb/v7-m\libc.a(lib_a-mlock.o)
 .debug_frame   0x000021a8       0x68 c:/program files (x86)/atmel/studio/7.0/toolchain/arm/arm-gnu-toolchain/bin/../lib/gcc/arm-none-eabi/6.3.1/../../../../arm-none-eabi/lib/thumb/v7-m\libc.a(lib_a-reallocr.o)
 .debug_frame   0x00002210       0x2c c:/program files (x86)/atmel/studio/7.0/toolchain/arm/arm-gnu-toolchain/bin/../lib/gcc/arm-none-eabi/6.3.1/../../../../arm-none-eabi/lib/thumb/v7-m\libc.a(lib_a-sbrkr.o)
 .debug_frame   0x0000223c       0x88 c:/program files (x86)/atmel/studio/7.0/toolchain/arm/arm-gnu-toolchain/bin/../lib/gcc/arm-none-eabi/6.3.1/../../../../arm-none-eabi/lib/thumb/v7-m\libc.a(lib_a-stdio.o)
 .debug_frame   0x000022c4       0x20 c:/program files (x86)/atmel/studio/7.0/toolchain/arm/arm-gnu-toolchain/bin/../lib/gcc/arm-none-eabi/6.3.1/../../../../arm-none-eabi/lib/thumb/v7-m\libc.a(lib_a-strlen-stub.o)
 .debug_frame   0x000022e4       0x40 c:/program files (x86)/atmel/studio/7.0/toolchain/arm/arm-gnu-toolchain/bin/../lib/gcc/arm-none-eabi/6.3.1/../../../../arm-none-eabi/lib/thumb/v7-m\libc.a(lib_a-wbuf.o)
 .debug_frame   0x00002324       0x5c c:/program files (x86)/atmel/studio/7.0/toolchain/arm/arm-gnu-toolchain/bin/../lib/gcc/arm-none-eabi/6.3.1/../../../../arm-none-eabi/lib/thumb/v7-m\libc.a(lib_a-wcrtomb.o)
 .debug_frame   0x00002380       0x3c c:/program files (x86)/atmel/studio/7.0/toolchain/arm/arm-gnu-toolchain/bin/../lib/gcc/arm-none-eabi/6.3.1/../../../../arm-none-eabi/lib/thumb/v7-m\libc.a(lib_a-wctomb_r.o)
 .debug_frame   0x000023bc       0x30 c:/program files (x86)/atmel/studio/7.0/toolchain/arm/arm-gnu-toolchain/bin/../lib/gcc/arm-none-eabi/6.3.1/../../../../arm-none-eabi/lib/thumb/v7-m\libc.a(lib_a-writer.o)
 .debug_frame   0x000023ec       0x34 c:/program files (x86)/atmel/studio/7.0/toolchain/arm/arm-gnu-toolchain/bin/../lib/gcc/arm-none-eabi/6.3.1/../../../../arm-none-eabi/lib/thumb/v7-m\libc.a(lib_a-__atexit.o)
 .debug_frame   0x00002420       0x2c c:/program files (x86)/atmel/studio/7.0/toolchain/arm/arm-gnu-toolchain/bin/../lib/gcc/arm-none-eabi/6.3.1/../../../../arm-none-eabi/lib/thumb/v7-m\libc.a(lib_a-closer.o)
 .debug_frame   0x0000244c       0x3c c:/program files (x86)/atmel/studio/7.0/toolchain/arm/arm-gnu-toolchain/bin/../lib/gcc/arm-none-eabi/6.3.1/../../../../arm-none-eabi/lib/thumb/v7-m\libc.a(lib_a-fclose.o)